Archive member included to satisfy reference by file (symbol)

c:/progra~1/raspbe~1/picosd~1.0/gcc-ar~1/bin/../lib/gcc/arm-none-eabi/10.3.1/thumb/v6-m/nofp\libgcc.a(_dvmd_tls.o)
                              CMakeFiles/Frsky_Elrs_Relay.dir/C_/Program_Files/Raspberry_Pi/Pico_SDK_v1.5.0/pico-sdk/src/rp2_common/pico_divider/divider.S.obj (__aeabi_idiv0)
c:/progra~1/raspbe~1/picosd~1.0/gcc-ar~1/bin/../lib/gcc/arm-none-eabi/10.3.1/../../../../arm-none-eabi/lib/thumb/v6-m/nofp\libc.a(lib_a-calloc.o)
                              CMakeFiles/Frsky_Elrs_Relay.dir/C_/Program_Files/Raspberry_Pi/Pico_SDK_v1.5.0/pico-sdk/src/rp2_common/pico_malloc/pico_malloc.c.obj (calloc)
c:/progra~1/raspbe~1/picosd~1.0/gcc-ar~1/bin/../lib/gcc/arm-none-eabi/10.3.1/../../../../arm-none-eabi/lib/thumb/v6-m/nofp\libc.a(lib_a-callocr.o)
                              c:/progra~1/raspbe~1/picosd~1.0/gcc-ar~1/bin/../lib/gcc/arm-none-eabi/10.3.1/../../../../arm-none-eabi/lib/thumb/v6-m/nofp\libc.a(lib_a-calloc.o) (_calloc_r)
c:/progra~1/raspbe~1/picosd~1.0/gcc-ar~1/bin/../lib/gcc/arm-none-eabi/10.3.1/../../../../arm-none-eabi/lib/thumb/v6-m/nofp\libc.a(lib_a-errno.o)
                              c:/progra~1/raspbe~1/picosd~1.0/gcc-ar~1/bin/../lib/gcc/arm-none-eabi/10.3.1/../../../../arm-none-eabi/lib/thumb/v6-m/nofp\libc.a(lib_a-callocr.o) (__errno)
c:/progra~1/raspbe~1/picosd~1.0/gcc-ar~1/bin/../lib/gcc/arm-none-eabi/10.3.1/../../../../arm-none-eabi/lib/thumb/v6-m/nofp\libc.a(lib_a-impure.o)
                              c:/progra~1/raspbe~1/picosd~1.0/gcc-ar~1/bin/../lib/gcc/arm-none-eabi/10.3.1/../../../../arm-none-eabi/lib/thumb/v6-m/nofp\libc.a(lib_a-calloc.o) (_impure_ptr)
c:/progra~1/raspbe~1/picosd~1.0/gcc-ar~1/bin/../lib/gcc/arm-none-eabi/10.3.1/../../../../arm-none-eabi/lib/thumb/v6-m/nofp\libc.a(lib_a-init.o)
                              c:/progra~1/raspbe~1/picosd~1.0/gcc-ar~1/bin/../lib/gcc/arm-none-eabi/10.3.1/../../../../arm-none-eabi/lib/thumb/v6-m/nofp/crt0.o (__libc_init_array)
c:/progra~1/raspbe~1/picosd~1.0/gcc-ar~1/bin/../lib/gcc/arm-none-eabi/10.3.1/../../../../arm-none-eabi/lib/thumb/v6-m/nofp\libc.a(lib_a-malloc.o)
                              CMakeFiles/Frsky_Elrs_Relay.dir/C_/Program_Files/Raspberry_Pi/Pico_SDK_v1.5.0/pico-sdk/src/rp2_common/pico_malloc/pico_malloc.c.obj (malloc)
c:/progra~1/raspbe~1/picosd~1.0/gcc-ar~1/bin/../lib/gcc/arm-none-eabi/10.3.1/../../../../arm-none-eabi/lib/thumb/v6-m/nofp\libc.a(lib_a-mallocr.o)
                              c:/progra~1/raspbe~1/picosd~1.0/gcc-ar~1/bin/../lib/gcc/arm-none-eabi/10.3.1/../../../../arm-none-eabi/lib/thumb/v6-m/nofp\libc.a(lib_a-callocr.o) (_malloc_r)
c:/progra~1/raspbe~1/picosd~1.0/gcc-ar~1/bin/../lib/gcc/arm-none-eabi/10.3.1/../../../../arm-none-eabi/lib/thumb/v6-m/nofp\libc.a(lib_a-mlock.o)
                              c:/progra~1/raspbe~1/picosd~1.0/gcc-ar~1/bin/../lib/gcc/arm-none-eabi/10.3.1/../../../../arm-none-eabi/lib/thumb/v6-m/nofp\libc.a(lib_a-mallocr.o) (__malloc_lock)
c:/progra~1/raspbe~1/picosd~1.0/gcc-ar~1/bin/../lib/gcc/arm-none-eabi/10.3.1/../../../../arm-none-eabi/lib/thumb/v6-m/nofp\libc.a(lib_a-realloc.o)
                              CMakeFiles/Frsky_Elrs_Relay.dir/C_/Program_Files/Raspberry_Pi/Pico_SDK_v1.5.0/pico-sdk/src/rp2_common/pico_malloc/pico_malloc.c.obj (realloc)
c:/progra~1/raspbe~1/picosd~1.0/gcc-ar~1/bin/../lib/gcc/arm-none-eabi/10.3.1/../../../../arm-none-eabi/lib/thumb/v6-m/nofp\libc.a(lib_a-reallocr.o)
                              c:/progra~1/raspbe~1/picosd~1.0/gcc-ar~1/bin/../lib/gcc/arm-none-eabi/10.3.1/../../../../arm-none-eabi/lib/thumb/v6-m/nofp\libc.a(lib_a-realloc.o) (_realloc_r)
c:/progra~1/raspbe~1/picosd~1.0/gcc-ar~1/bin/../lib/gcc/arm-none-eabi/10.3.1/../../../../arm-none-eabi/lib/thumb/v6-m/nofp\libc.a(lib_a-sbrkr.o)
                              c:/progra~1/raspbe~1/picosd~1.0/gcc-ar~1/bin/../lib/gcc/arm-none-eabi/10.3.1/../../../../arm-none-eabi/lib/thumb/v6-m/nofp\libc.a(lib_a-mallocr.o) (_sbrk_r)
c:/progra~1/raspbe~1/picosd~1.0/gcc-ar~1/bin/../lib/gcc/arm-none-eabi/10.3.1/../../../../arm-none-eabi/lib/thumb/v6-m/nofp\libc.a(lib_a-strlen-stub.o)
                              CMakeFiles/Frsky_Elrs_Relay.dir/C_/Program_Files/Raspberry_Pi/Pico_SDK_v1.5.0/pico-sdk/src/rp2_common/pico_stdio/stdio.c.obj (strlen)
c:/progra~1/raspbe~1/picosd~1.0/gcc-ar~1/bin/../lib/gcc/arm-none-eabi/10.3.1/../../../../arm-none-eabi/lib/thumb/v6-m/nofp\libc.a(lib_a-freer.o)
                              c:/progra~1/raspbe~1/picosd~1.0/gcc-ar~1/bin/../lib/gcc/arm-none-eabi/10.3.1/../../../../arm-none-eabi/lib/thumb/v6-m/nofp\libc.a(lib_a-malloc.o) (_free_r)
c:/progra~1/raspbe~1/picosd~1.0/gcc-ar~1/bin/../lib/gcc/arm-none-eabi/10.3.1/../../../../arm-none-eabi/lib/thumb/v6-m/nofp\libc.a(lib_a-lock.o)
                              c:/progra~1/raspbe~1/picosd~1.0/gcc-ar~1/bin/../lib/gcc/arm-none-eabi/10.3.1/../../../../arm-none-eabi/lib/thumb/v6-m/nofp\libc.a(lib_a-mlock.o) (__retarget_lock_acquire_recursive)
[...]
Memory Configuration

Name             Origin             Length             Attributes
FLASH            0x10000000         0x00200000         xr
RAM              0x20000000         0x00040000         xrw
SCRATCH_X        0x20040000         0x00001000         xrw
SCRATCH_Y        0x20041000         0x00001000         xrw
*default*        0x00000000         0xffffffff

Linker script and memory map

LOAD c:/progra~1/raspbe~1/picosd~1.0/gcc-ar~1/bin/../lib/gcc/arm-none-eabi/10.3.1/thumb/v6-m/nofp/crti.o
LOAD c:/progra~1/raspbe~1/picosd~1.0/gcc-ar~1/bin/../lib/gcc/arm-none-eabi/10.3.1/thumb/v6-m/nofp/crtbegin.o
LOAD c:/progra~1/raspbe~1/picosd~1.0/gcc-ar~1/bin/../lib/gcc/arm-none-eabi/10.3.1/../../../../arm-none-eabi/lib/thumb/v6-m/nofp/crt0.o

.flash_begin    0x10000000        0x0
                0x10000000                __flash_binary_start = .

.boot2          0x10000000      0x100
                0x10000000                __boot2_start__ = .
 *(.boot2)
 .boot2         0x10000000      0x100 C:\Users\Acer\AppData\Local\Temp\cc80ldCg.o
                0x10000100                __boot2_end__ = .
                0x00000001                ASSERT (((__boot2_end__ - __boot2_start__) == 0x100), ERROR: Pico second stage bootloader must be 256 bytes in size)

.text           0x10000100     0x8de8
                0x10000100                __logical_binary_start = .
 *(.vectors)
 .vectors       0x10000100       0xd4 CMakeFiles/Frsky_Elrs_Relay.dir/C_/Program_Files/Raspberry_Pi/Pico_SDK_v1.5.0/pico-sdk/src/rp2_common/pico_standard_link/crt0.S.obj
                0x10000100                __VECTOR_TABLE
                0x10000100                __vectors
                0x100001c0                isr_invalid
                0x100001c0                __default_isrs_start
                0x100001c2                isr_nmi
                0x100001c4                isr_hardfault
                0x100001c6                isr_svcall
                0x100001c8                isr_pendsv
                0x100001ca                isr_systick
                0x100001cc                isr_irq23
                0x100001cc                isr_irq18
                0x100001cc                isr_irq11
                0x100001cc                isr_irq28
                0x100001cc                isr_irq19
                0x100001cc                isr_irq0
                0x100001cc                isr_irq6
                0x100001cc                isr_irq5
                0x100001cc                isr_irq12
                0x100001cc                isr_irq22
                0x100001cc                isr_irq31
                0x100001cc                isr_irq17
                0x100001cc                isr_irq27
                0x100001cc                isr_irq30
                0x100001cc                isr_irq2
                0x100001cc                isr_irq10
                0x100001cc                isr_irq8
                0x100001cc                isr_irq24
                0x100001cc                isr_irq1
                0x100001cc                isr_irq7
                0x100001cc                isr_irq21
                0x100001cc                isr_irq20
                0x100001cc                isr_irq15
                0x100001cc                isr_irq25
                0x100001cc                isr_irq13
                0x100001cc                __unhandled_user_irq
                0x100001cc                isr_irq4
                0x100001cc                isr_irq16
                0x100001cc                isr_irq29
                0x100001cc                isr_irq26
                0x100001cc                __default_isrs_end
                0x100001cc                isr_irq3
                0x100001cc                isr_irq14
                0x100001cc                isr_irq9
                0x100001d2                unhandled_user_irq_num_in_r0
 *(.binary_info_header)
 .binary_info_header
                0x100001d4       0x14 CMakeFiles/Frsky_Elrs_Relay.dir/C_/Program_Files/Raspberry_Pi/Pico_SDK_v1.5.0/pico-sdk/src/rp2_common/pico_standard_link/crt0.S.obj
                0x100001e8                __binary_info_header_end = .
 *(.reset)
 .reset         0x100001e8       0xa0 CMakeFiles/Frsky_Elrs_Relay.dir/C_/Program_Files/Raspberry_Pi/Pico_SDK_v1.5.0/pico-sdk/src/rp2_common/pico_standard_link/crt0.S.obj
                0x100001e8                _entry_point
 .reset         0x10000288       0x30 CMakeFiles/Frsky_Elrs_Relay.dir/C_/Program_Files/Raspberry_Pi/Pico_SDK_v1.5.0/pico-sdk/src/rp2_common/pico_standard_link/binary_info.c.obj
 *(.init)
 .init          0x100002b8        0x4 c:/progra~1/raspbe~1/picosd~1.0/gcc-ar~1/bin/../lib/gcc/arm-none-eabi/10.3.1/thumb/v6-m/nofp/crti.o
                0x100002b8                _init
 *(EXCLUDE_FILE(*libm.a: *libc.a:*lib_a-mem*.o *libgcc.a:) .text*)
 .text          0x100002bc       0x48 c:/progra~1/raspbe~1/picosd~1.0/gcc-ar~1/bin/../lib/gcc/arm-none-eabi/10.3.1/thumb/v6-m/nofp/crtbegin.o
 .text._ZN12GENERIC_CRC8C2Eh
                0x10000304       0x84 CMakeFiles/Frsky_Elrs_Relay.dir/src/crc.cpp.obj
                0x10000304                GENERIC_CRC8::GENERIC_CRC8(unsigned char)
                0x10000304                GENERIC_CRC8::GENERIC_CRC8(unsigned char)
 .text._ZN12GENERIC_CRC84calcEPKhhh
                0x10000388       0x20 CMakeFiles/Frsky_Elrs_Relay.dir/src/crc.cpp.obj
                0x10000388                GENERIC_CRC8::calc(unsigned char const*, unsigned char, unsigned char)
 .text._Z4crc8PKhm
                0x100003a8       0x24 CMakeFiles/Frsky_Elrs_Relay.dir/src/crc.cpp.obj
                0x100003a8                crc8(unsigned char const*, unsigned long)
 .text._Z12command_crc8PKhm
                0x100003cc       0x24 CMakeFiles/Frsky_Elrs_Relay.dir/src/crc.cpp.obj
                0x100003cc                command_crc8(unsigned char const*, unsigned long)
 .text._Z19crsfPioRxHandlerIrqv
                0x100003f0       0x68 CMakeFiles/Frsky_Elrs_Relay.dir/src/crsf.cpp.obj
                0x100003f0                crsfPioRxHandlerIrq()
 .text._Z9setupCRSFv
                0x10000458      0x274 CMakeFiles/Frsky_Elrs_Relay.dir/src/crsf.cpp.obj
                0x10000458                setupCRSF()
 .text._Z15sendCrsfRcFramev
                0x100006cc       0xe8 CMakeFiles/Frsky_Elrs_Relay.dir/src/crsf.cpp.obj
                0x100006cc                sendCrsfRcFrame()
 .text._Z13storeTlmFramev
                0x100007b4      0x510 CMakeFiles/Frsky_Elrs_Relay.dir/src/crsf.cpp.obj
                0x100007b4                storeTlmFrame()
 .text._Z11handleTlmInv
                0x10000cc4      0x198 CMakeFiles/Frsky_Elrs_Relay.dir/src/crsf.cpp.obj
                0x10000cc4                handleTlmIn()
 .text.startup._GLOBAL__sub_I_crsfRxQueue
                0x10000e5c       0x10 CMakeFiles/Frsky_Elrs_Relay.dir/src/crsf.cpp.obj
 .text._Z5setupv
                0x10000e6c       0x44 CMakeFiles/Frsky_Elrs_Relay.dir/src/main.cpp.obj
                0x10000e6c                setup()
 .text.startup.main
                0x10000eb0       0x1c CMakeFiles/Frsky_Elrs_Relay.dir/src/main.cpp.obj
                0x10000eb0                main
 .text._Z15on_sbus_uart_rxv
                0x10000ecc       0x7c CMakeFiles/Frsky_Elrs_Relay.dir/src/sbus.cpp.obj
                0x10000ecc                on_sbus_uart_rx()
 .text._Z9setupSbusv
                0x10000f48       0xd4 CMakeFiles/Frsky_Elrs_Relay.dir/src/sbus.cpp.obj
                0x10000f48                setupSbus()
 .text._Z12handleSbusInv
                0x1000101c       0xf0 CMakeFiles/Frsky_Elrs_Relay.dir/src/sbus.cpp.obj
                0x1000101c                handleSbusIn()
 .text._Z20sportPioRxHandlerIrqv
                0x1000110c       0x64 CMakeFiles/Frsky_Elrs_Relay.dir/src/sport.cpp.obj
                0x1000110c                sportPioRxHandlerIrq()
 .text._Z10setupSportv
                0x10001170      0x294 CMakeFiles/Frsky_Elrs_Relay.dir/src/sport.cpp.obj
                0x10001170                setupSport()
 .text._Z12sendOneSporth
                0x10001404      0x2b8 CMakeFiles/Frsky_Elrs_Relay.dir/src/sport.cpp.obj
                0x10001404                sendOneSport(unsigned char)
 .text._Z18sendNextSportFrameh.part.0
                0x100016bc       0x70 CMakeFiles/Frsky_Elrs_Relay.dir/src/sport.cpp.obj
 .text._Z15handleSportRxTxv
                0x1000172c      0x104 CMakeFiles/Frsky_Elrs_Relay.dir/src/sport.cpp.obj
                0x1000172c                handleSportRxTx()
 .text._Z6millisv
                0x10001830       0x20 CMakeFiles/Frsky_Elrs_Relay.dir/src/tools.cpp.obj
                0x10001830                millis()
 .text._Z6microsv
                0x10001850        0x8 CMakeFiles/Frsky_Elrs_Relay.dir/src/tools.cpp.obj
                0x10001850                micros()
 .text._Z10swap_int32l
                0x10001858        0x4 CMakeFiles/Frsky_Elrs_Relay.dir/src/tools.cpp.obj
                0x10001858                swap_int32(long)
 .text.gpio_set_function
                0x1000185c       0x30 CMakeFiles/Frsky_Elrs_Relay.dir/C_/Program_Files/Raspberry_Pi/Pico_SDK_v1.5.0/pico-sdk/src/rp2_common/hardware_gpio/gpio.c.obj
                0x1000185c                gpio_set_function
 .text.gpio_set_pulls
                0x1000188c       0x30 CMakeFiles/Frsky_Elrs_Relay.dir/C_/Program_Files/Raspberry_Pi/Pico_SDK_v1.5.0/pico-sdk/src/rp2_common/hardware_gpio/gpio.c.obj
                0x1000188c                gpio_set_pulls
 .text.gpio_set_inover
                0x100018bc       0x24 CMakeFiles/Frsky_Elrs_Relay.dir/C_/Program_Files/Raspberry_Pi/Pico_SDK_v1.5.0/pico-sdk/src/rp2_common/hardware_gpio/gpio.c.obj
                0x100018bc                gpio_set_inover
 .text.gpio_set_outover
                0x100018e0       0x24 CMakeFiles/Frsky_Elrs_Relay.dir/C_/Program_Files/Raspberry_Pi/Pico_SDK_v1.5.0/pico-sdk/src/rp2_common/hardware_gpio/gpio.c.obj
                0x100018e0                gpio_set_outover
 .text.gpio_init
                0x10001904       0x3c CMakeFiles/Frsky_Elrs_Relay.dir/C_/Program_Files/Raspberry_Pi/Pico_SDK_v1.5.0/pico-sdk/src/rp2_common/hardware_gpio/gpio.c.obj
                0x10001904                gpio_init
 .text.running_on_fpga
                0x10001940       0x10 CMakeFiles/Frsky_Elrs_Relay.dir/C_/Program_Files/Raspberry_Pi/Pico_SDK_v1.5.0/pico-sdk/src/rp2_common/pico_platform/platform.c.obj
                0x10001940                running_on_fpga
 .text.hw_claim_lock
                0x10001950       0x18 CMakeFiles/Frsky_Elrs_Relay.dir/C_/Program_Files/Raspberry_Pi/Pico_SDK_v1.5.0/pico-sdk/src/rp2_common/hardware_claim/claim.c.obj
                0x10001950                hw_claim_lock
 .text.hw_claim_unlock
                0x10001968       0x14 CMakeFiles/Frsky_Elrs_Relay.dir/C_/Program_Files/Raspberry_Pi/Pico_SDK_v1.5.0/pico-sdk/src/rp2_common/hardware_claim/claim.c.obj
                0x10001968                hw_claim_unlock
 .text.hw_claim_or_assert
                0x1000197c       0x44 CMakeFiles/Frsky_Elrs_Relay.dir/C_/Program_Files/Raspberry_Pi/Pico_SDK_v1.5.0/pico-sdk/src/rp2_common/hardware_claim/claim.c.obj
                0x1000197c                hw_claim_or_assert
 .text.hw_claim_unused_from_range
                0x100019c0       0x9c CMakeFiles/Frsky_Elrs_Relay.dir/C_/Program_Files/Raspberry_Pi/Pico_SDK_v1.5.0/pico-sdk/src/rp2_common/hardware_claim/claim.c.obj
                0x100019c0                hw_claim_unused_from_range
 .text.spin_locks_reset
                0x10001a5c       0x1c CMakeFiles/Frsky_Elrs_Relay.dir/C_/Program_Files/Raspberry_Pi/Pico_SDK_v1.5.0/pico-sdk/src/rp2_common/hardware_sync/sync.c.obj
                0x10001a5c                spin_locks_reset
 .text.next_striped_spin_lock_num
                0x10001a78       0x18 CMakeFiles/Frsky_Elrs_Relay.dir/C_/Program_Files/Raspberry_Pi/Pico_SDK_v1.5.0/pico-sdk/src/rp2_common/hardware_sync/sync.c.obj
                0x10001a78                next_striped_spin_lock_num
 .text.spin_lock_claim_unused
                0x10001a90       0x20 CMakeFiles/Frsky_Elrs_Relay.dir/C_/Program_Files/Raspberry_Pi/Pico_SDK_v1.5.0/pico-sdk/src/rp2_common/hardware_sync/sync.c.obj
                0x10001a90                spin_lock_claim_unused
 .text.irq_set_enabled
                0x10001ab0       0x24 CMakeFiles/Frsky_Elrs_Relay.dir/C_/Program_Files/Raspberry_Pi/Pico_SDK_v1.5.0/pico-sdk/src/rp2_common/hardware_irq/irq.c.obj
                0x10001ab0                irq_set_enabled
 .text.irq_set_pending
                0x10001ad4       0x10 CMakeFiles/Frsky_Elrs_Relay.dir/C_/Program_Files/Raspberry_Pi/Pico_SDK_v1.5.0/pico-sdk/src/rp2_common/hardware_irq/irq.c.obj
                0x10001ad4                irq_set_pending
 .text.irq_has_shared_handler
                0x10001ae4       0x2c CMakeFiles/Frsky_Elrs_Relay.dir/C_/Program_Files/Raspberry_Pi/Pico_SDK_v1.5.0/pico-sdk/src/rp2_common/hardware_irq/irq.c.obj
                0x10001ae4                irq_has_shared_handler
 .text.irq_get_vtable_handler
                0x10001b10       0x10 CMakeFiles/Frsky_Elrs_Relay.dir/C_/Program_Files/Raspberry_Pi/Pico_SDK_v1.5.0/pico-sdk/src/rp2_common/hardware_irq/irq.c.obj
                0x10001b10                irq_get_vtable_handler
 .text.irq_set_exclusive_handler
                0x10001b20       0x54 CMakeFiles/Frsky_Elrs_Relay.dir/C_/Program_Files/Raspberry_Pi/Pico_SDK_v1.5.0/pico-sdk/src/rp2_common/hardware_irq/irq.c.obj
                0x10001b20                irq_set_exclusive_handler
 .text.irq_add_shared_handler
                0x10001b74      0x1e8 CMakeFiles/Frsky_Elrs_Relay.dir/C_/Program_Files/Raspberry_Pi/Pico_SDK_v1.5.0/pico-sdk/src/rp2_common/hardware_irq/irq.c.obj
                0x10001b74                irq_add_shared_handler
 .text.irq_remove_handler
                0x10001d5c      0x1b0 CMakeFiles/Frsky_Elrs_Relay.dir/C_/Program_Files/Raspberry_Pi/Pico_SDK_v1.5.0/pico-sdk/src/rp2_common/hardware_irq/irq.c.obj
                0x10001d5c                irq_remove_handler
 .text.irq_add_tail_to_free_list
                0x10001f0c       0xb4 CMakeFiles/Frsky_Elrs_Relay.dir/C_/Program_Files/Raspberry_Pi/Pico_SDK_v1.5.0/pico-sdk/src/rp2_common/hardware_irq/irq.c.obj
                0x10001f0c                irq_add_tail_to_free_list
 .text.irq_init_priorities
                0x10001fc0       0x24 CMakeFiles/Frsky_Elrs_Relay.dir/C_/Program_Files/Raspberry_Pi/Pico_SDK_v1.5.0/pico-sdk/src/rp2_common/hardware_irq/irq.c.obj
                0x10001fc0                irq_init_priorities
 .text.user_irq_claim_unused
                0x10001fe4       0x28 CMakeFiles/Frsky_Elrs_Relay.dir/C_/Program_Files/Raspberry_Pi/Pico_SDK_v1.5.0/pico-sdk/src/rp2_common/hardware_irq/irq.c.obj
                0x10001fe4                user_irq_claim_unused
 .text.lock_init
                0x1000200c       0x10 CMakeFiles/Frsky_Elrs_Relay.dir/C_/Program_Files/Raspberry_Pi/Pico_SDK_v1.5.0/pico-sdk/src/common/pico_sync/lock_core.c.obj
                0x1000200c                lock_init
 .text.mutex_init
                0x1000201c       0x1c CMakeFiles/Frsky_Elrs_Relay.dir/C_/Program_Files/Raspberry_Pi/Pico_SDK_v1.5.0/pico-sdk/src/common/pico_sync/mutex.c.obj
                0x1000201c                mutex_init
 .text.recursive_mutex_init
                0x10002038       0x1c CMakeFiles/Frsky_Elrs_Relay.dir/C_/Program_Files/Raspberry_Pi/Pico_SDK_v1.5.0/pico-sdk/src/common/pico_sync/mutex.c.obj
                0x10002038                recursive_mutex_init
 .text.critical_section_init
                0x10002054       0x20 CMakeFiles/Frsky_Elrs_Relay.dir/C_/Program_Files/Raspberry_Pi/Pico_SDK_v1.5.0/pico-sdk/src/common/pico_sync/critical_section.c.obj
                0x10002054                critical_section_init
 .text.critical_section_init_with_lock_num
                0x10002074       0x14 CMakeFiles/Frsky_Elrs_Relay.dir/C_/Program_Files/Raspberry_Pi/Pico_SDK_v1.5.0/pico-sdk/src/common/pico_sync/critical_section.c.obj
                0x10002074                critical_section_init_with_lock_num
 .text.timer_pool_entry_comparator
                0x10002088       0x34 CMakeFiles/Frsky_Elrs_Relay.dir/C_/Program_Files/Raspberry_Pi/Pico_SDK_v1.5.0/pico-sdk/src/common/pico_time/time.c.obj
                0x10002088                timer_pool_entry_comparator
 .text.sleep_until_callback
                0x100020bc       0x30 CMakeFiles/Frsky_Elrs_Relay.dir/C_/Program_Files/Raspberry_Pi/Pico_SDK_v1.5.0/pico-sdk/src/common/pico_time/time.c.obj
 .text.add_alarm_under_lock.isra.0
                0x100020ec      0x100 CMakeFiles/Frsky_Elrs_Relay.dir/C_/Program_Files/Raspberry_Pi/Pico_SDK_v1.5.0/pico-sdk/src/common/pico_time/time.c.obj
 .text.alarm_pool_alarm_callback
                0x100021ec      0x1b8 CMakeFiles/Frsky_Elrs_Relay.dir/C_/Program_Files/Raspberry_Pi/Pico_SDK_v1.5.0/pico-sdk/src/common/pico_time/time.c.obj
 .text.alarm_pool_init_default
                0x100023a4       0x6c CMakeFiles/Frsky_Elrs_Relay.dir/C_/Program_Files/Raspberry_Pi/Pico_SDK_v1.5.0/pico-sdk/src/common/pico_time/time.c.obj
                0x100023a4                alarm_pool_init_default
 .text.alarm_pool_get_default
                0x10002410        0x8 CMakeFiles/Frsky_Elrs_Relay.dir/C_/Program_Files/Raspberry_Pi/Pico_SDK_v1.5.0/pico-sdk/src/common/pico_time/time.c.obj
                0x10002410                alarm_pool_get_default
 .text.alarm_pool_add_alarm_at
                0x10002418      0x17c CMakeFiles/Frsky_Elrs_Relay.dir/C_/Program_Files/Raspberry_Pi/Pico_SDK_v1.5.0/pico-sdk/src/common/pico_time/time.c.obj
                0x10002418                alarm_pool_add_alarm_at
 .text.alarm_pool_cancel_alarm
                0x10002594       0x74 CMakeFiles/Frsky_Elrs_Relay.dir/C_/Program_Files/Raspberry_Pi/Pico_SDK_v1.5.0/pico-sdk/src/common/pico_time/time.c.obj
                0x10002594                alarm_pool_cancel_alarm
 .text.alarm_pool_core_num
                0x10002608        0x4 CMakeFiles/Frsky_Elrs_Relay.dir/C_/Program_Files/Raspberry_Pi/Pico_SDK_v1.5.0/pico-sdk/src/common/pico_time/time.c.obj
                0x10002608                alarm_pool_core_num
 .text.sleep_until
                0x1000260c       0xc4 CMakeFiles/Frsky_Elrs_Relay.dir/C_/Program_Files/Raspberry_Pi/Pico_SDK_v1.5.0/pico-sdk/src/common/pico_time/time.c.obj
                0x1000260c                sleep_until
 .text.sleep_us
                0x100026d0       0x24 CMakeFiles/Frsky_Elrs_Relay.dir/C_/Program_Files/Raspberry_Pi/Pico_SDK_v1.5.0/pico-sdk/src/common/pico_time/time.c.obj
                0x100026d0                sleep_us
 .text.sleep_ms
                0x100026f4       0x34 CMakeFiles/Frsky_Elrs_Relay.dir/C_/Program_Files/Raspberry_Pi/Pico_SDK_v1.5.0/pico-sdk/src/common/pico_time/time.c.obj
                0x100026f4                sleep_ms
 .text.best_effort_wfe_or_timeout
                0x10002728       0x78 CMakeFiles/Frsky_Elrs_Relay.dir/C_/Program_Files/Raspberry_Pi/Pico_SDK_v1.5.0/pico-sdk/src/common/pico_time/time.c.obj
                0x10002728                best_effort_wfe_or_timeout
 .text.hardware_alarm_irq_handler
                0x100027a0       0xbc CMakeFiles/Frsky_Elrs_Relay.dir/C_/Program_Files/Raspberry_Pi/Pico_SDK_v1.5.0/pico-sdk/src/rp2_common/hardware_timer/timer.c.obj
 .text.hardware_alarm_claim
                0x1000285c       0x18 CMakeFiles/Frsky_Elrs_Relay.dir/C_/Program_Files/Raspberry_Pi/Pico_SDK_v1.5.0/pico-sdk/src/rp2_common/hardware_timer/timer.c.obj
                0x1000285c                hardware_alarm_claim
 .text.time_us_64
                0x10002874       0x14 CMakeFiles/Frsky_Elrs_Relay.dir/C_/Program_Files/Raspberry_Pi/Pico_SDK_v1.5.0/pico-sdk/src/rp2_common/hardware_timer/timer.c.obj
                0x10002874                time_us_64
 .text.busy_wait_until
                0x10002888       0x20 CMakeFiles/Frsky_Elrs_Relay.dir/C_/Program_Files/Raspberry_Pi/Pico_SDK_v1.5.0/pico-sdk/src/rp2_common/hardware_timer/timer.c.obj
                0x10002888                busy_wait_until
 .text.hardware_alarm_set_callback
                0x100028a8       0x8c CMakeFiles/Frsky_Elrs_Relay.dir/C_/Program_Files/Raspberry_Pi/Pico_SDK_v1.5.0/pico-sdk/src/rp2_common/hardware_timer/timer.c.obj
                0x100028a8                hardware_alarm_set_callback
 .text.hardware_alarm_set_target
                0x10002934       0xe0 CMakeFiles/Frsky_Elrs_Relay.dir/C_/Program_Files/Raspberry_Pi/Pico_SDK_v1.5.0/pico-sdk/src/rp2_common/hardware_timer/timer.c.obj
                0x10002934                hardware_alarm_set_target
 .text.hardware_alarm_cancel
                0x10002a14       0x3c CMakeFiles/Frsky_Elrs_Relay.dir/C_/Program_Files/Raspberry_Pi/Pico_SDK_v1.5.0/pico-sdk/src/rp2_common/hardware_timer/timer.c.obj
                0x10002a14                hardware_alarm_cancel
 .text.ph_merge_nodes
                0x10002a50       0x68 CMakeFiles/Frsky_Elrs_Relay.dir/C_/Program_Files/Raspberry_Pi/Pico_SDK_v1.5.0/pico-sdk/src/common/pico_util/pheap.c.obj
 .text.ph_post_alloc_init
                0x10002ab8       0x3c CMakeFiles/Frsky_Elrs_Relay.dir/C_/Program_Files/Raspberry_Pi/Pico_SDK_v1.5.0/pico-sdk/src/common/pico_util/pheap.c.obj
                0x10002ab8                ph_post_alloc_init
 .text.ph_merge_two_pass
                0x10002af4       0x90 CMakeFiles/Frsky_Elrs_Relay.dir/C_/Program_Files/Raspberry_Pi/Pico_SDK_v1.5.0/pico-sdk/src/common/pico_util/pheap.c.obj
                0x10002af4                ph_merge_two_pass
 .text.ph_remove_any_head
                0x10002b84      0x100 CMakeFiles/Frsky_Elrs_Relay.dir/C_/Program_Files/Raspberry_Pi/Pico_SDK_v1.5.0/pico-sdk/src/common/pico_util/pheap.c.obj
 .text.ph_remove_head
                0x10002c84      0x104 CMakeFiles/Frsky_Elrs_Relay.dir/C_/Program_Files/Raspberry_Pi/Pico_SDK_v1.5.0/pico-sdk/src/common/pico_util/pheap.c.obj
                0x10002c84                ph_remove_head
 .text.ph_remove_and_free_node
                0x10002d88       0x7c CMakeFiles/Frsky_Elrs_Relay.dir/C_/Program_Files/Raspberry_Pi/Pico_SDK_v1.5.0/pico-sdk/src/common/pico_util/pheap.c.obj
                0x10002d88                ph_remove_and_free_node
 .text.queue_init_with_spinlock
                0x10002e04       0x24 CMakeFiles/Frsky_Elrs_Relay.dir/C_/Program_Files/Raspberry_Pi/Pico_SDK_v1.5.0/pico-sdk/src/common/pico_util/queue.c.obj
                0x10002e04                queue_init_with_spinlock
 .text.queue_try_add
                0x10002e28       0x70 CMakeFiles/Frsky_Elrs_Relay.dir/C_/Program_Files/Raspberry_Pi/Pico_SDK_v1.5.0/pico-sdk/src/common/pico_util/queue.c.obj
                0x10002e28                queue_try_add
 .text.queue_try_remove
                0x10002e98       0x70 CMakeFiles/Frsky_Elrs_Relay.dir/C_/Program_Files/Raspberry_Pi/Pico_SDK_v1.5.0/pico-sdk/src/common/pico_util/queue.c.obj
                0x10002e98                queue_try_remove
 .text.uart_init
                0x10002f08       0xe0 CMakeFiles/Frsky_Elrs_Relay.dir/C_/Program_Files/Raspberry_Pi/Pico_SDK_v1.5.0/pico-sdk/src/rp2_common/hardware_uart/uart.c.obj
                0x10002f08                uart_init
 .text.clocks_init
                0x10002fe8      0x2bc CMakeFiles/Frsky_Elrs_Relay.dir/C_/Program_Files/Raspberry_Pi/Pico_SDK_v1.5.0/pico-sdk/src/rp2_common/hardware_clocks/clocks.c.obj
                0x10002fe8                clocks_init
 .text.clock_get_hz
                0x100032a4        0xc CMakeFiles/Frsky_Elrs_Relay.dir/C_/Program_Files/Raspberry_Pi/Pico_SDK_v1.5.0/pico-sdk/src/rp2_common/hardware_clocks/clocks.c.obj
                0x100032a4                clock_get_hz
 .text.pll_init
                0x100032b0       0xb0 CMakeFiles/Frsky_Elrs_Relay.dir/C_/Program_Files/Raspberry_Pi/Pico_SDK_v1.5.0/pico-sdk/src/rp2_common/hardware_pll/pll.c.obj
                0x100032b0                pll_init
 .text.watchdog_start_tick
                0x10003360       0x10 CMakeFiles/Frsky_Elrs_Relay.dir/C_/Program_Files/Raspberry_Pi/Pico_SDK_v1.5.0/pico-sdk/src/rp2_common/hardware_watchdog/watchdog.c.obj
                0x10003360                watchdog_start_tick
 .text.watchdog_update
                0x10003370       0x14 CMakeFiles/Frsky_Elrs_Relay.dir/C_/Program_Files/Raspberry_Pi/Pico_SDK_v1.5.0/pico-sdk/src/rp2_common/hardware_watchdog/watchdog.c.obj
                0x10003370                watchdog_update
 .text.watchdog_enable
                0x10003384       0x84 CMakeFiles/Frsky_Elrs_Relay.dir/C_/Program_Files/Raspberry_Pi/Pico_SDK_v1.5.0/pico-sdk/src/rp2_common/hardware_watchdog/watchdog.c.obj
                0x10003384                watchdog_enable
 .text.watchdog_reboot
                0x10003408       0x98 CMakeFiles/Frsky_Elrs_Relay.dir/C_/Program_Files/Raspberry_Pi/Pico_SDK_v1.5.0/pico-sdk/src/rp2_common/hardware_watchdog/watchdog.c.obj
                0x10003408                watchdog_reboot
 .text.xosc_init
                0x100034a0       0x28 CMakeFiles/Frsky_Elrs_Relay.dir/C_/Program_Files/Raspberry_Pi/Pico_SDK_v1.5.0/pico-sdk/src/rp2_common/hardware_xosc/xosc.c.obj
                0x100034a0                xosc_init
 .text.runtime_init
                0x100034c8       0xf0 CMakeFiles/Frsky_Elrs_Relay.dir/C_/Program_Files/Raspberry_Pi/Pico_SDK_v1.5.0/pico-sdk/src/rp2_common/pico_runtime/runtime.c.obj
                0x100034c8                runtime_init
 .text._exit    0x100035b8        0x4 CMakeFiles/Frsky_Elrs_Relay.dir/C_/Program_Files/Raspberry_Pi/Pico_SDK_v1.5.0/pico-sdk/src/rp2_common/pico_runtime/runtime.c.obj
                0x100035b8                _exit
 .text._sbrk    0x100035bc       0x34 CMakeFiles/Frsky_Elrs_Relay.dir/C_/Program_Files/Raspberry_Pi/Pico_SDK_v1.5.0/pico-sdk/src/rp2_common/pico_runtime/runtime.c.obj
                0x100035bc                _sbrk
 .text.exit     0x100035f0        0x8 CMakeFiles/Frsky_Elrs_Relay.dir/C_/Program_Files/Raspberry_Pi/Pico_SDK_v1.5.0/pico-sdk/src/rp2_common/pico_runtime/runtime.c.obj
                0x100035f0                exit
 .text.panic    0x100035f8       0x30 CMakeFiles/Frsky_Elrs_Relay.dir/C_/Program_Files/Raspberry_Pi/Pico_SDK_v1.5.0/pico-sdk/src/rp2_common/pico_runtime/runtime.c.obj
                0x100035f8                panic
 .text.hard_assertion_failure
                0x10003628        0xc CMakeFiles/Frsky_Elrs_Relay.dir/C_/Program_Files/Raspberry_Pi/Pico_SDK_v1.5.0/pico-sdk/src/rp2_common/pico_runtime/runtime.c.obj
                0x10003628                hard_assertion_failure
 .text._out_null
                0x10003634        0x4 CMakeFiles/Frsky_Elrs_Relay.dir/C_/Program_Files/Raspberry_Pi/Pico_SDK_v1.5.0/pico-sdk/src/rp2_common/pico_printf/printf.c.obj
 .text._out_rev
                0x10003638       0x9c CMakeFiles/Frsky_Elrs_Relay.dir/C_/Program_Files/Raspberry_Pi/Pico_SDK_v1.5.0/pico-sdk/src/rp2_common/pico_printf/printf.c.obj
 .text._ntoa_format
                0x100036d4      0x1cc CMakeFiles/Frsky_Elrs_Relay.dir/C_/Program_Files/Raspberry_Pi/Pico_SDK_v1.5.0/pico-sdk/src/rp2_common/pico_printf/printf.c.obj
 .text._out_char
                0x100038a0       0x10 CMakeFiles/Frsky_Elrs_Relay.dir/C_/Program_Files/Raspberry_Pi/Pico_SDK_v1.5.0/pico-sdk/src/rp2_common/pico_printf/printf.c.obj
 .text._out_fct
                0x100038b0       0x10 CMakeFiles/Frsky_Elrs_Relay.dir/C_/Program_Files/Raspberry_Pi/Pico_SDK_v1.5.0/pico-sdk/src/rp2_common/pico_printf/printf.c.obj
 .text._etoa    0x100038c0      0x44c CMakeFiles/Frsky_Elrs_Relay.dir/C_/Program_Files/Raspberry_Pi/Pico_SDK_v1.5.0/pico-sdk/src/rp2_common/pico_printf/printf.c.obj
 .text._ftoa    0x10003d0c      0x398 CMakeFiles/Frsky_Elrs_Relay.dir/C_/Program_Files/Raspberry_Pi/Pico_SDK_v1.5.0/pico-sdk/src/rp2_common/pico_printf/printf.c.obj
 .text._vsnprintf
                0x100040a4      0xb04 CMakeFiles/Frsky_Elrs_Relay.dir/C_/Program_Files/Raspberry_Pi/Pico_SDK_v1.5.0/pico-sdk/src/rp2_common/pico_printf/printf.c.obj
 .text.vfctprintf
                0x10004ba8       0x20 CMakeFiles/Frsky_Elrs_Relay.dir/C_/Program_Files/Raspberry_Pi/Pico_SDK_v1.5.0/pico-sdk/src/rp2_common/pico_printf/printf.c.obj
                0x10004ba8                vfctprintf
 .text.weak_raw_vprintf
                0x10004bc8       0x30 CMakeFiles/Frsky_Elrs_Relay.dir/C_/Program_Files/Raspberry_Pi/Pico_SDK_v1.5.0/pico-sdk/src/rp2_common/pico_printf/printf.c.obj
                0x10004bc8                weak_raw_vprintf
 .text          0x10004bf8       0x10 CMakeFiles/Frsky_Elrs_Relay.dir/C_/Program_Files/Raspberry_Pi/Pico_SDK_v1.5.0/pico-sdk/src/rp2_common/pico_bit_ops/bit_ops_aeabi.S.obj
 .text.ctzsi    0x10004c08        0xc CMakeFiles/Frsky_Elrs_Relay.dir/C_/Program_Files/Raspberry_Pi/Pico_SDK_v1.5.0/pico-sdk/src/rp2_common/pico_bit_ops/bit_ops_aeabi.S.obj
                0x10004c08                __wrap___ctzsi2
 .text.rom_func_lookup
                0x10004c14       0x10 CMakeFiles/Frsky_Elrs_Relay.dir/C_/Program_Files/Raspberry_Pi/Pico_SDK_v1.5.0/pico-sdk/src/rp2_common/pico_bootrom/bootrom.c.obj
                0x10004c14                rom_func_lookup
 .text.rom_data_lookup
                0x10004c24       0x10 CMakeFiles/Frsky_Elrs_Relay.dir/C_/Program_Files/Raspberry_Pi/Pico_SDK_v1.5.0/pico-sdk/src/rp2_common/pico_bootrom/bootrom.c.obj
                0x10004c24                rom_data_lookup
 .text.rom_funcs_lookup
                0x10004c34       0x44 CMakeFiles/Frsky_Elrs_Relay.dir/C_/Program_Files/Raspberry_Pi/Pico_SDK_v1.5.0/pico-sdk/src/rp2_common/pico_bootrom/bootrom.c.obj
                0x10004c34                rom_funcs_lookup
 .text.__wrap___aeabi_idiv
                0x10004c78       0x50 CMakeFiles/Frsky_Elrs_Relay.dir/C_/Program_Files/Raspberry_Pi/Pico_SDK_v1.5.0/pico-sdk/src/rp2_common/pico_divider/divider.S.obj
                0x10004c78                __wrap___aeabi_idivmod
                0x10004c78                divmod_s32s32
                0x10004c78                div_s32s32
                0x10004c78                __wrap___aeabi_idiv
                0x10004c80                divmod_s32s32_unsafe
                0x10004cac                divmod_s32s32_savestate
 .text.__wrap___aeabi_uidiv
                0x10004cc8       0x4c CMakeFiles/Frsky_Elrs_Relay.dir/C_/Program_Files/Raspberry_Pi/Pico_SDK_v1.5.0/pico-sdk/src/rp2_common/pico_divider/divider.S.obj
                0x10004cc8                __wrap___aeabi_uidiv
                0x10004cc8                __wrap___aeabi_uidivmod
                0x10004cc8                div_u32u32
                0x10004cc8                divmod_u32u32
                0x10004cd0                divmod_u32u32_unsafe
                0x10004cf8                divmod_u32u32_savestate
 .text.__wrap___aeabi_ldiv
                0x10004d14      0x424 CMakeFiles/Frsky_Elrs_Relay.dir/C_/Program_Files/Raspberry_Pi/Pico_SDK_v1.5.0/pico-sdk/src/rp2_common/pico_divider/divider.S.obj
                0x10004d14                div_s64s64
                0x10004d14                divmod_s64s64
                0x10004d14                __wrap___aeabi_ldivmod
                0x10004d44                divmod_u64u64
                0x10004d44                div_u64u64
                0x10004d44                __wrap___aeabi_uldivmod
                0x10004d54                divmod_u64u64_savestate
                0x10004d74                divmod_s64s64_unsafe
                0x10004dfc                divmod_u64u64_unsafe
 .text.__wrap___aeabi_darithmetic
                0x10005138       0x80 CMakeFiles/Frsky_Elrs_Relay.dir/C_/Program_Files/Raspberry_Pi/Pico_SDK_v1.5.0/pico-sdk/src/rp2_common/pico_double/double_aeabi.S.obj
                0x10005138                __wrap___aeabi_drsub
                0x1000513e                __wrap___aeabi_dsub
                0x10005150                __wrap___aeabi_dadd
                0x10005162                __wrap___aeabi_ddiv
                0x1000519e                __wrap___aeabi_dmul
 .text.__wrap___aeabi_cdcmple
                0x100051b8       0x6c CMakeFiles/Frsky_Elrs_Relay.dir/C_/Program_Files/Raspberry_Pi/Pico_SDK_v1.5.0/pico-sdk/src/rp2_common/pico_double/double_aeabi.S.obj
                0x100051b8                __wrap___aeabi_cdrcmple
                0x100051c8                __wrap___aeabi_cdcmpeq
                0x100051c8                __wrap___aeabi_cdcmple
 .text.__wrap___aeabi_dcmplt
                0x10005224        0xc CMakeFiles/Frsky_Elrs_Relay.dir/C_/Program_Files/Raspberry_Pi/Pico_SDK_v1.5.0/pico-sdk/src/rp2_common/pico_double/double_aeabi.S.obj
                0x10005224                __wrap___aeabi_dcmplt
 .text.__wrap___aeabi_dcmple
                0x10005230       0x10 CMakeFiles/Frsky_Elrs_Relay.dir/C_/Program_Files/Raspberry_Pi/Pico_SDK_v1.5.0/pico-sdk/src/rp2_common/pico_double/double_aeabi.S.obj
                0x10005230                __wrap___aeabi_dcmple
 .text.__wrap___aeabi_dcmpge
                0x10005240       0x10 CMakeFiles/Frsky_Elrs_Relay.dir/C_/Program_Files/Raspberry_Pi/Pico_SDK_v1.5.0/pico-sdk/src/rp2_common/pico_double/double_aeabi.S.obj
                0x10005240                __wrap___aeabi_dcmpge
 .text.__wrap___aeabi_dcmpgt
                0x10005250        0xa CMakeFiles/Frsky_Elrs_Relay.dir/C_/Program_Files/Raspberry_Pi/Pico_SDK_v1.5.0/pico-sdk/src/rp2_common/pico_double/double_aeabi.S.obj
                0x10005250                __wrap___aeabi_dcmpgt
 .text.__wrap___aeabi_dcmpun
                0x1000525a       0x1c CMakeFiles/Frsky_Elrs_Relay.dir/C_/Program_Files/Raspberry_Pi/Pico_SDK_v1.5.0/pico-sdk/src/rp2_common/pico_double/double_aeabi.S.obj
                0x1000525a                __wrap___aeabi_dcmpun
 *fill*         0x10005276        0x2 
 .text.__wrap___aeabi_i2d
                0x10005278       0x38 CMakeFiles/Frsky_Elrs_Relay.dir/C_/Program_Files/Raspberry_Pi/Pico_SDK_v1.5.0/pico-sdk/src/rp2_common/pico_double/double_aeabi.S.obj
                0x10005278                __wrap___aeabi_ui2d
                0x10005280                __wrap___aeabi_i2d
 .text.__wrap___aeabi_d2iz
                0x100052b0       0x48 CMakeFiles/Frsky_Elrs_Relay.dir/C_/Program_Files/Raspberry_Pi/Pico_SDK_v1.5.0/pico-sdk/src/rp2_common/pico_double/double_aeabi.S.obj
                0x100052b0                double2int_z
                0x100052b0                __wrap___aeabi_d2iz
 .text.__wrap___aeabi_d2uiz
                0x100052f8       0x18 CMakeFiles/Frsky_Elrs_Relay.dir/C_/Program_Files/Raspberry_Pi/Pico_SDK_v1.5.0/pico-sdk/src/rp2_common/pico_double/double_aeabi.S.obj
                0x100052f8                __wrap___aeabi_d2uiz
                0x100052f8                double2uint
 .text.__aeabi_double_init
                0x10005310       0x94 CMakeFiles/Frsky_Elrs_Relay.dir/C_/Program_Files/Raspberry_Pi/Pico_SDK_v1.5.0/pico-sdk/src/rp2_common/pico_double/double_init_rom.c.obj
                0x10005310                __aeabi_double_init
 .text.double_table_shim_on_use_helper
                0x100053a4       0x2c CMakeFiles/Frsky_Elrs_Relay.dir/C_/Program_Files/Raspberry_Pi/Pico_SDK_v1.5.0/pico-sdk/src/rp2_common/pico_double/double_v1_rom_shim.S.obj
                0x100053a4                double_table_shim_on_use_helper
 .text.__wrap___aeabi_dsub
                0x100053d0       0x10 CMakeFiles/Frsky_Elrs_Relay.dir/C_/Program_Files/Raspberry_Pi/Pico_SDK_v1.5.0/pico-sdk/src/rp2_common/pico_double/double_v1_rom_shim.S.obj
                0x100053d0                drsub_shim
                0x100053d6                dsub_shim
 .text.dadd_shim
                0x100053e0      0x15c CMakeFiles/Frsky_Elrs_Relay.dir/C_/Program_Files/Raspberry_Pi/Pico_SDK_v1.5.0/pico-sdk/src/rp2_common/pico_double/double_v1_rom_shim.S.obj
                0x100053e0                dadd_shim
 .text.dmul_shim
                0x1000553c      0x15c CMakeFiles/Frsky_Elrs_Relay.dir/C_/Program_Files/Raspberry_Pi/Pico_SDK_v1.5.0/pico-sdk/src/rp2_common/pico_double/double_v1_rom_shim.S.obj
                0x1000553c                dmul_shim
 .text.ddiv_shim
                0x10005698      0x1b0 CMakeFiles/Frsky_Elrs_Relay.dir/C_/Program_Files/Raspberry_Pi/Pico_SDK_v1.5.0/pico-sdk/src/rp2_common/pico_double/double_v1_rom_shim.S.obj
                0x10005698                ddiv_shim
 .text.double2uint_shim
                0x10005848        0xe CMakeFiles/Frsky_Elrs_Relay.dir/C_/Program_Files/Raspberry_Pi/Pico_SDK_v1.5.0/pico-sdk/src/rp2_common/pico_double/double_v1_rom_shim.S.obj
                0x10005848                double2uint_shim
                0x1000584a                double2ufix_shim
 *fill*         0x10005856        0x2 
 .text.double2uint64_shim
                0x10005858       0x70 CMakeFiles/Frsky_Elrs_Relay.dir/C_/Program_Files/Raspberry_Pi/Pico_SDK_v1.5.0/pico-sdk/src/rp2_common/pico_double/double_v1_rom_shim.S.obj
                0x10005858                double2uint64_shim
                0x1000585a                double2ufix64_shim
                0x1000587a                d2fix_a
 .text.dunpacks
                0x100058c8       0x3c CMakeFiles/Frsky_Elrs_Relay.dir/C_/Program_Files/Raspberry_Pi/Pico_SDK_v1.5.0/pico-sdk/src/rp2_common/pico_double/double_v1_rom_shim.S.obj
                0x100058c8                dunpacks
 .text.__aeabi_lmul
                0x10005904       0x32 CMakeFiles/Frsky_Elrs_Relay.dir/C_/Program_Files/Raspberry_Pi/Pico_SDK_v1.5.0/pico-sdk/src/rp2_common/pico_int64_ops/pico_int64_ops_aeabi.S.obj
                0x10005904                __wrap___aeabi_lmul
 *fill*         0x10005936        0x2 
 .text.__wrap___aeabi_farithmetic
                0x10005938       0x48 CMakeFiles/Frsky_Elrs_Relay.dir/C_/Program_Files/Raspberry_Pi/Pico_SDK_v1.5.0/pico-sdk/src/rp2_common/pico_float/float_aeabi.S.obj
                0x10005938                __wrap___aeabi_frsub
                0x1000593e                __wrap___aeabi_fsub
                0x10005944                __wrap___aeabi_fadd
                0x1000594a                __wrap___aeabi_fdiv
                0x10005972                __wrap___aeabi_fmul
 .text.__wrap___aeabi_ui2f
                0x10005980        0xa CMakeFiles/Frsky_Elrs_Relay.dir/C_/Program_Files/Raspberry_Pi/Pico_SDK_v1.5.0/pico-sdk/src/rp2_common/pico_float/float_aeabi.S.obj
                0x10005980                __wrap___aeabi_ui2f
 *fill*         0x1000598a        0x2 
 .text.__wrap___aeabi_i2f
                0x1000598c       0x44 CMakeFiles/Frsky_Elrs_Relay.dir/C_/Program_Files/Raspberry_Pi/Pico_SDK_v1.5.0/pico-sdk/src/rp2_common/pico_float/float_aeabi.S.obj
                0x1000598c                __wrap___aeabi_i2f
 .text.__wrap___aeabi_f2uiz
                0x100059d0        0xc CMakeFiles/Frsky_Elrs_Relay.dir/C_/Program_Files/Raspberry_Pi/Pico_SDK_v1.5.0/pico-sdk/src/rp2_common/pico_float/float_aeabi.S.obj
                0x100059d0                __wrap___aeabi_f2uiz
 .text.__wrap___aeabi_f2d
                0x100059dc       0x14 CMakeFiles/Frsky_Elrs_Relay.dir/C_/Program_Files/Raspberry_Pi/Pico_SDK_v1.5.0/pico-sdk/src/rp2_common/pico_float/float_aeabi.S.obj
                0x100059dc                __wrap___aeabi_f2d
 .text.__aeabi_float_init
                0x100059f0       0x64 CMakeFiles/Frsky_Elrs_Relay.dir/C_/Program_Files/Raspberry_Pi/Pico_SDK_v1.5.0/pico-sdk/src/rp2_common/pico_float/float_init_rom.c.obj
                0x100059f0                __aeabi_float_init
 .text.float_table_shim_on_use_helper
                0x10005a54       0x2c CMakeFiles/Frsky_Elrs_Relay.dir/C_/Program_Files/Raspberry_Pi/Pico_SDK_v1.5.0/pico-sdk/src/rp2_common/pico_float/float_v1_rom_shim.S.obj
                0x10005a54                float_table_shim_on_use_helper
 .text.float2double_shim
                0x10005a80       0x30 CMakeFiles/Frsky_Elrs_Relay.dir/C_/Program_Files/Raspberry_Pi/Pico_SDK_v1.5.0/pico-sdk/src/rp2_common/pico_float/float_v1_rom_shim.S.obj
                0x10005a80                float2double_shim
 .text.__wrap_calloc
                0x10005ab0       0x40 CMakeFiles/Frsky_Elrs_Relay.dir/C_/Program_Files/Raspberry_Pi/Pico_SDK_v1.5.0/pico-sdk/src/rp2_common/pico_malloc/pico_malloc.c.obj
                0x10005ab0                __wrap_calloc
 .text          0x10005af0       0x10 CMakeFiles/Frsky_Elrs_Relay.dir/C_/Program_Files/Raspberry_Pi/Pico_SDK_v1.5.0/pico-sdk/src/rp2_common/pico_mem_ops/mem_ops_aeabi.S.obj
                0x10005af0                __aeabi_mem_init
 .text.memset   0x10005b00        0xc CMakeFiles/Frsky_Elrs_Relay.dir/C_/Program_Files/Raspberry_Pi/Pico_SDK_v1.5.0/pico-sdk/src/rp2_common/pico_mem_ops/mem_ops_aeabi.S.obj
                0x10005b00                __wrap_memset
 .text.memcpy   0x10005b0c        0xc CMakeFiles/Frsky_Elrs_Relay.dir/C_/Program_Files/Raspberry_Pi/Pico_SDK_v1.5.0/pico-sdk/src/rp2_common/pico_mem_ops/mem_ops_aeabi.S.obj
                0x10005b0c                __wrap_memcpy
                0x10005b0c                __wrap___aeabi_memcpy
 .text.stdio_out_chars_no_crlf
                0x10005b18       0x10 CMakeFiles/Frsky_Elrs_Relay.dir/C_/Program_Files/Raspberry_Pi/Pico_SDK_v1.5.0/pico-sdk/src/rp2_common/pico_stdio/stdio.c.obj
 .text.stdio_out_chars_crlf
                0x10005b28       0xb4 CMakeFiles/Frsky_Elrs_Relay.dir/C_/Program_Files/Raspberry_Pi/Pico_SDK_v1.5.0/pico-sdk/src/rp2_common/pico_stdio/stdio.c.obj
 .text.stdio_buffered_printer
                0x10005bdc       0x64 CMakeFiles/Frsky_Elrs_Relay.dir/C_/Program_Files/Raspberry_Pi/Pico_SDK_v1.5.0/pico-sdk/src/rp2_common/pico_stdio/stdio.c.obj
 .text.stdio_put_string.isra.0
                0x10005c40       0xfc CMakeFiles/Frsky_Elrs_Relay.dir/C_/Program_Files/Raspberry_Pi/Pico_SDK_v1.5.0/pico-sdk/src/rp2_common/pico_stdio/stdio.c.obj
 .text.__wrap_putchar
                0x10005d3c       0x98 CMakeFiles/Frsky_Elrs_Relay.dir/C_/Program_Files/Raspberry_Pi/Pico_SDK_v1.5.0/pico-sdk/src/rp2_common/pico_stdio/stdio.c.obj
                0x10005d3c                __wrap_putchar
 .text.__wrap_puts
                0x10005dd4       0x3c CMakeFiles/Frsky_Elrs_Relay.dir/C_/Program_Files/Raspberry_Pi/Pico_SDK_v1.5.0/pico-sdk/src/rp2_common/pico_stdio/stdio.c.obj
                0x10005dd4                __wrap_puts
 .text.stdio_set_driver_enabled
                0x10005e10       0x30 CMakeFiles/Frsky_Elrs_Relay.dir/C_/Program_Files/Raspberry_Pi/Pico_SDK_v1.5.0/pico-sdk/src/rp2_common/pico_stdio/stdio.c.obj
                0x10005e10                stdio_set_driver_enabled
 .text.__wrap_vprintf
                0x10005e40       0xd8 CMakeFiles/Frsky_Elrs_Relay.dir/C_/Program_Files/Raspberry_Pi/Pico_SDK_v1.5.0/pico-sdk/src/rp2_common/pico_stdio/stdio.c.obj
                0x10005e40                __wrap_vprintf
 .text.__wrap_printf
                0x10005f18       0x18 CMakeFiles/Frsky_Elrs_Relay.dir/C_/Program_Files/Raspberry_Pi/Pico_SDK_v1.5.0/pico-sdk/src/rp2_common/pico_stdio/stdio.c.obj
                0x10005f18                __wrap_printf
 .text.stdio_init_all
                0x10005f30        0x8 CMakeFiles/Frsky_Elrs_Relay.dir/C_/Program_Files/Raspberry_Pi/Pico_SDK_v1.5.0/pico-sdk/src/rp2_common/pico_stdio/stdio.c.obj
                0x10005f30                stdio_init_all
 .text.resetd_init
                0x10005f38        0x4 CMakeFiles/Frsky_Elrs_Relay.dir/C_/Program_Files/Raspberry_Pi/Pico_SDK_v1.5.0/pico-sdk/src/rp2_common/pico_stdio_usb/reset_interface.c.obj
 .text.resetd_reset
                0x10005f3c        0xc CMakeFiles/Frsky_Elrs_Relay.dir/C_/Program_Files/Raspberry_Pi/Pico_SDK_v1.5.0/pico-sdk/src/rp2_common/pico_stdio_usb/reset_interface.c.obj
 .text.resetd_open
                0x10005f48       0x28 CMakeFiles/Frsky_Elrs_Relay.dir/C_/Program_Files/Raspberry_Pi/Pico_SDK_v1.5.0/pico-sdk/src/rp2_common/pico_stdio_usb/reset_interface.c.obj
 .text.resetd_xfer_cb
                0x10005f70        0x4 CMakeFiles/Frsky_Elrs_Relay.dir/C_/Program_Files/Raspberry_Pi/Pico_SDK_v1.5.0/pico-sdk/src/rp2_common/pico_stdio_usb/reset_interface.c.obj
 .text.resetd_control_xfer_cb
                0x10005f74       0x64 CMakeFiles/Frsky_Elrs_Relay.dir/C_/Program_Files/Raspberry_Pi/Pico_SDK_v1.5.0/pico-sdk/src/rp2_common/pico_stdio_usb/reset_interface.c.obj
 .text.usbd_app_driver_get_cb
                0x10005fd8        0xc CMakeFiles/Frsky_Elrs_Relay.dir/C_/Program_Files/Raspberry_Pi/Pico_SDK_v1.5.0/pico-sdk/src/rp2_common/pico_stdio_usb/reset_interface.c.obj
                0x10005fd8                usbd_app_driver_get_cb
 .text.tud_cdc_line_coding_cb
                0x10005fe4       0x34 CMakeFiles/Frsky_Elrs_Relay.dir/C_/Program_Files/Raspberry_Pi/Pico_SDK_v1.5.0/pico-sdk/src/rp2_common/pico_stdio_usb/reset_interface.c.obj
                0x10005fe4                tud_cdc_line_coding_cb
 .text.stdio_usb_set_chars_available_callback
                0x10006018       0x14 CMakeFiles/Frsky_Elrs_Relay.dir/C_/Program_Files/Raspberry_Pi/Pico_SDK_v1.5.0/pico-sdk/src/rp2_common/pico_stdio_usb/stdio_usb.c.obj
                0x10006018                stdio_usb_set_chars_available_callback
 .text.usb_irq  0x1000602c       0x10 CMakeFiles/Frsky_Elrs_Relay.dir/C_/Program_Files/Raspberry_Pi/Pico_SDK_v1.5.0/pico-sdk/src/rp2_common/pico_stdio_usb/stdio_usb.c.obj
 .text.timer_task
                0x1000603c       0x54 CMakeFiles/Frsky_Elrs_Relay.dir/C_/Program_Files/Raspberry_Pi/Pico_SDK_v1.5.0/pico-sdk/src/rp2_common/pico_stdio_usb/stdio_usb.c.obj
 .text.stdio_usb_in_chars
                0x10006090       0x90 CMakeFiles/Frsky_Elrs_Relay.dir/C_/Program_Files/Raspberry_Pi/Pico_SDK_v1.5.0/pico-sdk/src/rp2_common/pico_stdio_usb/stdio_usb.c.obj
                0x10006090                stdio_usb_in_chars
 .text.stdio_usb_out_chars
                0x10006120      0x100 CMakeFiles/Frsky_Elrs_Relay.dir/C_/Program_Files/Raspberry_Pi/Pico_SDK_v1.5.0/pico-sdk/src/rp2_common/pico_stdio_usb/stdio_usb.c.obj
 .text.low_priority_worker_irq
                0x10006220       0xa8 CMakeFiles/Frsky_Elrs_Relay.dir/C_/Program_Files/Raspberry_Pi/Pico_SDK_v1.5.0/pico-sdk/src/rp2_common/pico_stdio_usb/stdio_usb.c.obj
 .text.tud_cdc_rx_cb
                0x100062c8       0x20 CMakeFiles/Frsky_Elrs_Relay.dir/C_/Program_Files/Raspberry_Pi/Pico_SDK_v1.5.0/pico-sdk/src/rp2_common/pico_stdio_usb/stdio_usb.c.obj
                0x100062c8                tud_cdc_rx_cb
 .text.stdio_usb_init
                0x100062e8       0xdc CMakeFiles/Frsky_Elrs_Relay.dir/C_/Program_Files/Raspberry_Pi/Pico_SDK_v1.5.0/pico-sdk/src/rp2_common/pico_stdio_usb/stdio_usb.c.obj
                0x100062e8                stdio_usb_init
 .text.tud_descriptor_device_cb
                0x100063c4        0x8 CMakeFiles/Frsky_Elrs_Relay.dir/C_/Program_Files/Raspberry_Pi/Pico_SDK_v1.5.0/pico-sdk/src/rp2_common/pico_stdio_usb/stdio_usb_descriptors.c.obj
                0x100063c4                tud_descriptor_device_cb
 .text.tud_descriptor_configuration_cb
                0x100063cc        0x8 CMakeFiles/Frsky_Elrs_Relay.dir/C_/Program_Files/Raspberry_Pi/Pico_SDK_v1.5.0/pico-sdk/src/rp2_common/pico_stdio_usb/stdio_usb_descriptors.c.obj
                0x100063cc                tud_descriptor_configuration_cb
 .text.tud_descriptor_string_cb
                0x100063d4       0x74 CMakeFiles/Frsky_Elrs_Relay.dir/C_/Program_Files/Raspberry_Pi/Pico_SDK_v1.5.0/pico-sdk/src/rp2_common/pico_stdio_usb/stdio_usb_descriptors.c.obj
                0x100063d4                tud_descriptor_string_cb
 .text.startup._retrieve_unique_id_on_boot
                0x10006448       0x10 CMakeFiles/Frsky_Elrs_Relay.dir/C_/Program_Files/Raspberry_Pi/Pico_SDK_v1.5.0/pico-sdk/src/rp2_common/pico_unique_id/unique_id.c.obj
 .text.pico_get_unique_board_id_string
                0x10006458      0x1a8 CMakeFiles/Frsky_Elrs_Relay.dir/C_/Program_Files/Raspberry_Pi/Pico_SDK_v1.5.0/pico-sdk/src/rp2_common/pico_unique_id/unique_id.c.obj
                0x10006458                pico_get_unique_board_id_string
 .text.flash_get_unique_id
                0x10006600       0x40 CMakeFiles/Frsky_Elrs_Relay.dir/C_/Program_Files/Raspberry_Pi/Pico_SDK_v1.5.0/pico-sdk/src/rp2_common/hardware_flash/flash.c.obj
                0x10006600                flash_get_unique_id
 .text.dcd_int_enable
                0x10006640        0xc CMakeFiles/Frsky_Elrs_Relay.dir/C_/Program_Files/Raspberry_Pi/Pico_SDK_v1.5.0/pico-sdk/lib/tinyusb/src/portable/raspberrypi/rp2040/dcd_rp2040.c.obj
                0x10006640                dcd_int_enable
 .text.dcd_set_address
                0x1000664c       0x14 CMakeFiles/Frsky_Elrs_Relay.dir/C_/Program_Files/Raspberry_Pi/Pico_SDK_v1.5.0/pico-sdk/lib/tinyusb/src/portable/raspberrypi/rp2040/dcd_rp2040.c.obj
                0x1000664c                dcd_set_address
 .text.dcd_connect
                0x10006660       0x10 CMakeFiles/Frsky_Elrs_Relay.dir/C_/Program_Files/Raspberry_Pi/Pico_SDK_v1.5.0/pico-sdk/lib/tinyusb/src/portable/raspberrypi/rp2040/dcd_rp2040.c.obj
                0x10006660                dcd_connect
 .text.dcd_init
                0x10006670       0x98 CMakeFiles/Frsky_Elrs_Relay.dir/C_/Program_Files/Raspberry_Pi/Pico_SDK_v1.5.0/pico-sdk/lib/tinyusb/src/portable/raspberrypi/rp2040/dcd_rp2040.c.obj
                0x10006670                dcd_init
 .text.dcd_edpt0_status_complete
                0x10006708       0x1c CMakeFiles/Frsky_Elrs_Relay.dir/C_/Program_Files/Raspberry_Pi/Pico_SDK_v1.5.0/pico-sdk/lib/tinyusb/src/portable/raspberrypi/rp2040/dcd_rp2040.c.obj
                0x10006708                dcd_edpt0_status_complete
 .text.dcd_edpt_open
                0x10006724      0x108 CMakeFiles/Frsky_Elrs_Relay.dir/C_/Program_Files/Raspberry_Pi/Pico_SDK_v1.5.0/pico-sdk/lib/tinyusb/src/portable/raspberrypi/rp2040/dcd_rp2040.c.obj
                0x10006724                dcd_edpt_open
 .text.dcd_edpt_close_all
                0x1000682c        0x8 CMakeFiles/Frsky_Elrs_Relay.dir/C_/Program_Files/Raspberry_Pi/Pico_SDK_v1.5.0/pico-sdk/lib/tinyusb/src/portable/raspberrypi/rp2040/dcd_rp2040.c.obj
                0x1000682c                dcd_edpt_close_all
 .text.dcd_edpt_xfer
                0x10006834       0x24 CMakeFiles/Frsky_Elrs_Relay.dir/C_/Program_Files/Raspberry_Pi/Pico_SDK_v1.5.0/pico-sdk/lib/tinyusb/src/portable/raspberrypi/rp2040/dcd_rp2040.c.obj
                0x10006834                dcd_edpt_xfer
 .text.dcd_edpt_stall
                0x10006858       0x38 CMakeFiles/Frsky_Elrs_Relay.dir/C_/Program_Files/Raspberry_Pi/Pico_SDK_v1.5.0/pico-sdk/lib/tinyusb/src/portable/raspberrypi/rp2040/dcd_rp2040.c.obj
                0x10006858                dcd_edpt_stall
 .text.dcd_edpt_clear_stall
                0x10006890       0x30 CMakeFiles/Frsky_Elrs_Relay.dir/C_/Program_Files/Raspberry_Pi/Pico_SDK_v1.5.0/pico-sdk/lib/tinyusb/src/portable/raspberrypi/rp2040/dcd_rp2040.c.obj
                0x10006890                dcd_edpt_clear_stall
 .text.rp2040_usb_init
                0x100068c0       0x4c CMakeFiles/Frsky_Elrs_Relay.dir/C_/Program_Files/Raspberry_Pi/Pico_SDK_v1.5.0/pico-sdk/lib/tinyusb/src/portable/raspberrypi/rp2040/rp2040_usb.c.obj
                0x100068c0                rp2040_usb_init
 .text.hw_endpoint_xfer_start
                0x1000690c       0x50 CMakeFiles/Frsky_Elrs_Relay.dir/C_/Program_Files/Raspberry_Pi/Pico_SDK_v1.5.0/pico-sdk/lib/tinyusb/src/portable/raspberrypi/rp2040/rp2040_usb.c.obj
                0x1000690c                hw_endpoint_xfer_start
 .text.tud_mounted
                0x1000695c       0x10 CMakeFiles/Frsky_Elrs_Relay.dir/C_/Program_Files/Raspberry_Pi/Pico_SDK_v1.5.0/pico-sdk/lib/tinyusb/src/device/usbd.c.obj
                0x1000695c                tud_mounted
 .text.tud_suspended
                0x1000696c       0x10 CMakeFiles/Frsky_Elrs_Relay.dir/C_/Program_Files/Raspberry_Pi/Pico_SDK_v1.5.0/pico-sdk/lib/tinyusb/src/device/usbd.c.obj
                0x1000696c                tud_suspended
 .text.tud_inited
                0x1000697c       0x14 CMakeFiles/Frsky_Elrs_Relay.dir/C_/Program_Files/Raspberry_Pi/Pico_SDK_v1.5.0/pico-sdk/lib/tinyusb/src/device/usbd.c.obj
                0x1000697c                tud_inited
 .text.tud_init
                0x10006990       0xe4 CMakeFiles/Frsky_Elrs_Relay.dir/C_/Program_Files/Raspberry_Pi/Pico_SDK_v1.5.0/pico-sdk/lib/tinyusb/src/device/usbd.c.obj
                0x10006990                tud_init
 .text.tud_task_ext
                0x10006a74      0x854 CMakeFiles/Frsky_Elrs_Relay.dir/C_/Program_Files/Raspberry_Pi/Pico_SDK_v1.5.0/pico-sdk/lib/tinyusb/src/device/usbd.c.obj
                0x10006a74                tud_task_ext
 .text.usbd_open_edpt_pair
                0x100072c8       0x9c CMakeFiles/Frsky_Elrs_Relay.dir/C_/Program_Files/Raspberry_Pi/Pico_SDK_v1.5.0/pico-sdk/lib/tinyusb/src/device/usbd.c.obj
                0x100072c8                usbd_open_edpt_pair
 .text.usbd_defer_func
                0x10007364       0x48 CMakeFiles/Frsky_Elrs_Relay.dir/C_/Program_Files/Raspberry_Pi/Pico_SDK_v1.5.0/pico-sdk/lib/tinyusb/src/device/usbd.c.obj
                0x10007364                usbd_defer_func
 .text.usbd_edpt_open
                0x100073ac       0x34 CMakeFiles/Frsky_Elrs_Relay.dir/C_/Program_Files/Raspberry_Pi/Pico_SDK_v1.5.0/pico-sdk/lib/tinyusb/src/device/usbd.c.obj
                0x100073ac                usbd_edpt_open
 .text.usbd_edpt_claim
                0x100073e0       0x28 CMakeFiles/Frsky_Elrs_Relay.dir/C_/Program_Files/Raspberry_Pi/Pico_SDK_v1.5.0/pico-sdk/lib/tinyusb/src/device/usbd.c.obj
                0x100073e0                usbd_edpt_claim
 .text.usbd_edpt_release
                0x10007408       0x28 CMakeFiles/Frsky_Elrs_Relay.dir/C_/Program_Files/Raspberry_Pi/Pico_SDK_v1.5.0/pico-sdk/lib/tinyusb/src/device/usbd.c.obj
                0x10007408                usbd_edpt_release
 .text.usbd_edpt_xfer
                0x10007430       0x4c CMakeFiles/Frsky_Elrs_Relay.dir/C_/Program_Files/Raspberry_Pi/Pico_SDK_v1.5.0/pico-sdk/lib/tinyusb/src/device/usbd.c.obj
                0x10007430                usbd_edpt_xfer
 .text.tud_control_status
                0x1000747c       0x30 CMakeFiles/Frsky_Elrs_Relay.dir/C_/Program_Files/Raspberry_Pi/Pico_SDK_v1.5.0/pico-sdk/lib/tinyusb/src/device/usbd_control.c.obj
                0x1000747c                tud_control_status
 .text.tud_control_xfer
                0x100074ac       0xbc CMakeFiles/Frsky_Elrs_Relay.dir/C_/Program_Files/Raspberry_Pi/Pico_SDK_v1.5.0/pico-sdk/lib/tinyusb/src/device/usbd_control.c.obj
                0x100074ac                tud_control_xfer
 .text.usbd_control_reset
                0x10007568       0x14 CMakeFiles/Frsky_Elrs_Relay.dir/C_/Program_Files/Raspberry_Pi/Pico_SDK_v1.5.0/pico-sdk/lib/tinyusb/src/device/usbd_control.c.obj
                0x10007568                usbd_control_reset
 .text.usbd_control_set_complete_callback
                0x1000757c        0xc CMakeFiles/Frsky_Elrs_Relay.dir/C_/Program_Files/Raspberry_Pi/Pico_SDK_v1.5.0/pico-sdk/lib/tinyusb/src/device/usbd_control.c.obj
                0x1000757c                usbd_control_set_complete_callback
 .text.usbd_control_set_request
                0x10007588       0x1c CMakeFiles/Frsky_Elrs_Relay.dir/C_/Program_Files/Raspberry_Pi/Pico_SDK_v1.5.0/pico-sdk/lib/tinyusb/src/device/usbd_control.c.obj
                0x10007588                usbd_control_set_request
 .text.usbd_control_xfer_cb
                0x100075a4       0xfc CMakeFiles/Frsky_Elrs_Relay.dir/C_/Program_Files/Raspberry_Pi/Pico_SDK_v1.5.0/pico-sdk/lib/tinyusb/src/device/usbd_control.c.obj
                0x100075a4                usbd_control_xfer_cb
 .text.tud_cdc_n_connected
                0x100076a0       0x30 CMakeFiles/Frsky_Elrs_Relay.dir/C_/Program_Files/Raspberry_Pi/Pico_SDK_v1.5.0/pico-sdk/lib/tinyusb/src/class/cdc/cdc_device.c.obj
                0x100076a0                tud_cdc_n_connected
 .text.tud_cdc_n_available
                0x100076d0       0x18 CMakeFiles/Frsky_Elrs_Relay.dir/C_/Program_Files/Raspberry_Pi/Pico_SDK_v1.5.0/pico-sdk/lib/tinyusb/src/class/cdc/cdc_device.c.obj
                0x100076d0                tud_cdc_n_available
 .text.tud_cdc_n_read
                0x100076e8       0x70 CMakeFiles/Frsky_Elrs_Relay.dir/C_/Program_Files/Raspberry_Pi/Pico_SDK_v1.5.0/pico-sdk/lib/tinyusb/src/class/cdc/cdc_device.c.obj
                0x100076e8                tud_cdc_n_read
 .text.tud_cdc_n_write_flush
                0x10007758       0x78 CMakeFiles/Frsky_Elrs_Relay.dir/C_/Program_Files/Raspberry_Pi/Pico_SDK_v1.5.0/pico-sdk/lib/tinyusb/src/class/cdc/cdc_device.c.obj
                0x10007758                tud_cdc_n_write_flush
 .text.tud_cdc_n_write
                0x100077d0       0x34 CMakeFiles/Frsky_Elrs_Relay.dir/C_/Program_Files/Raspberry_Pi/Pico_SDK_v1.5.0/pico-sdk/lib/tinyusb/src/class/cdc/cdc_device.c.obj
                0x100077d0                tud_cdc_n_write
 .text.tud_cdc_n_write_available
                0x10007804       0x18 CMakeFiles/Frsky_Elrs_Relay.dir/C_/Program_Files/Raspberry_Pi/Pico_SDK_v1.5.0/pico-sdk/lib/tinyusb/src/class/cdc/cdc_device.c.obj
                0x10007804                tud_cdc_n_write_available
 .text.cdcd_init
                0x1000781c       0x7c CMakeFiles/Frsky_Elrs_Relay.dir/C_/Program_Files/Raspberry_Pi/Pico_SDK_v1.5.0/pico-sdk/lib/tinyusb/src/class/cdc/cdc_device.c.obj
                0x1000781c                cdcd_init
 .text.cdcd_reset
                0x10007898       0x2c CMakeFiles/Frsky_Elrs_Relay.dir/C_/Program_Files/Raspberry_Pi/Pico_SDK_v1.5.0/pico-sdk/lib/tinyusb/src/class/cdc/cdc_device.c.obj
                0x10007898                cdcd_reset
 .text.cdcd_open
                0x100078c4       0xe8 CMakeFiles/Frsky_Elrs_Relay.dir/C_/Program_Files/Raspberry_Pi/Pico_SDK_v1.5.0/pico-sdk/lib/tinyusb/src/class/cdc/cdc_device.c.obj
                0x100078c4                cdcd_open
 .text.cdcd_control_xfer_cb
                0x100079ac       0xe4 CMakeFiles/Frsky_Elrs_Relay.dir/C_/Program_Files/Raspberry_Pi/Pico_SDK_v1.5.0/pico-sdk/lib/tinyusb/src/class/cdc/cdc_device.c.obj
                0x100079ac                cdcd_control_xfer_cb
 .text.cdcd_xfer_cb
                0x10007a90      0x148 CMakeFiles/Frsky_Elrs_Relay.dir/C_/Program_Files/Raspberry_Pi/Pico_SDK_v1.5.0/pico-sdk/lib/tinyusb/src/class/cdc/cdc_device.c.obj
                0x10007a90                cdcd_xfer_cb
 .text.tusb_init
                0x10007bd8        0xc CMakeFiles/Frsky_Elrs_Relay.dir/C_/Program_Files/Raspberry_Pi/Pico_SDK_v1.5.0/pico-sdk/lib/tinyusb/src/tusb.c.obj
                0x10007bd8                tusb_init
 .text.tusb_inited
                0x10007be4        0x8 CMakeFiles/Frsky_Elrs_Relay.dir/C_/Program_Files/Raspberry_Pi/Pico_SDK_v1.5.0/pico-sdk/lib/tinyusb/src/tusb.c.obj
                0x10007be4                tusb_inited
 .text.tu_edpt_claim
                0x10007bec       0x50 CMakeFiles/Frsky_Elrs_Relay.dir/C_/Program_Files/Raspberry_Pi/Pico_SDK_v1.5.0/pico-sdk/lib/tinyusb/src/tusb.c.obj
                0x10007bec                tu_edpt_claim
 .text.tu_edpt_release
                0x10007c3c       0x38 CMakeFiles/Frsky_Elrs_Relay.dir/C_/Program_Files/Raspberry_Pi/Pico_SDK_v1.5.0/pico-sdk/lib/tinyusb/src/tusb.c.obj
                0x10007c3c                tu_edpt_release
 .text.tu_edpt_validate
                0x10007c74       0x78 CMakeFiles/Frsky_Elrs_Relay.dir/C_/Program_Files/Raspberry_Pi/Pico_SDK_v1.5.0/pico-sdk/lib/tinyusb/src/tusb.c.obj
                0x10007c74                tu_edpt_validate
 .text.tu_edpt_bind_driver
                0x10007cec       0x34 CMakeFiles/Frsky_Elrs_Relay.dir/C_/Program_Files/Raspberry_Pi/Pico_SDK_v1.5.0/pico-sdk/lib/tinyusb/src/tusb.c.obj
                0x10007cec                tu_edpt_bind_driver
 .text.tu_fifo_config
                0x10007d20       0x70 CMakeFiles/Frsky_Elrs_Relay.dir/C_/Program_Files/Raspberry_Pi/Pico_SDK_v1.5.0/pico-sdk/lib/tinyusb/src/common/tusb_fifo.c.obj
                0x10007d20                tu_fifo_config
 .text.tu_fifo_count
                0x10007d90       0x2c CMakeFiles/Frsky_Elrs_Relay.dir/C_/Program_Files/Raspberry_Pi/Pico_SDK_v1.5.0/pico-sdk/lib/tinyusb/src/common/tusb_fifo.c.obj
                0x10007d90                tu_fifo_count
 .text.tu_fifo_empty
                0x10007dbc       0x10 CMakeFiles/Frsky_Elrs_Relay.dir/C_/Program_Files/Raspberry_Pi/Pico_SDK_v1.5.0/pico-sdk/lib/tinyusb/src/common/tusb_fifo.c.obj
                0x10007dbc                tu_fifo_empty
 .text.tu_fifo_remaining
                0x10007dcc       0x2c CMakeFiles/Frsky_Elrs_Relay.dir/C_/Program_Files/Raspberry_Pi/Pico_SDK_v1.5.0/pico-sdk/lib/tinyusb/src/common/tusb_fifo.c.obj
                0x10007dcc                tu_fifo_remaining
 .text.tu_fifo_read
                0x10007df8       0xa0 CMakeFiles/Frsky_Elrs_Relay.dir/C_/Program_Files/Raspberry_Pi/Pico_SDK_v1.5.0/pico-sdk/lib/tinyusb/src/common/tusb_fifo.c.obj
                0x10007df8                tu_fifo_read
 .text.tu_fifo_read_n
                0x10007e98       0xec CMakeFiles/Frsky_Elrs_Relay.dir/C_/Program_Files/Raspberry_Pi/Pico_SDK_v1.5.0/pico-sdk/lib/tinyusb/src/common/tusb_fifo.c.obj
                0x10007e98                tu_fifo_read_n
 .text.tu_fifo_write
                0x10007f84       0x88 CMakeFiles/Frsky_Elrs_Relay.dir/C_/Program_Files/Raspberry_Pi/Pico_SDK_v1.5.0/pico-sdk/lib/tinyusb/src/common/tusb_fifo.c.obj
                0x10007f84                tu_fifo_write
 .text.tu_fifo_write_n
                0x1000800c      0x168 CMakeFiles/Frsky_Elrs_Relay.dir/C_/Program_Files/Raspberry_Pi/Pico_SDK_v1.5.0/pico-sdk/lib/tinyusb/src/common/tusb_fifo.c.obj
                0x1000800c                tu_fifo_write_n
 .text.tu_fifo_clear
                0x10008174       0x40 CMakeFiles/Frsky_Elrs_Relay.dir/C_/Program_Files/Raspberry_Pi/Pico_SDK_v1.5.0/pico-sdk/lib/tinyusb/src/common/tusb_fifo.c.obj
                0x10008174                tu_fifo_clear
 .text.tu_fifo_set_overwritable
                0x100081b4       0x48 CMakeFiles/Frsky_Elrs_Relay.dir/C_/Program_Files/Raspberry_Pi/Pico_SDK_v1.5.0/pico-sdk/lib/tinyusb/src/common/tusb_fifo.c.obj
                0x100081b4                tu_fifo_set_overwritable
 .text.pio_add_program
                0x100081fc       0xc8 CMakeFiles/Frsky_Elrs_Relay.dir/C_/Program_Files/Raspberry_Pi/Pico_SDK_v1.5.0/pico-sdk/src/rp2_common/hardware_pio/pio.c.obj
                0x100081fc                pio_add_program
 .text.pio_sm_set_pins_with_mask
                0x100082c4       0xa4 CMakeFiles/Frsky_Elrs_Relay.dir/C_/Program_Files/Raspberry_Pi/Pico_SDK_v1.5.0/pico-sdk/src/rp2_common/hardware_pio/pio.c.obj
                0x100082c4                pio_sm_set_pins_with_mask
 .text.pio_sm_set_pindirs_with_mask
                0x10008368       0xa4 CMakeFiles/Frsky_Elrs_Relay.dir/C_/Program_Files/Raspberry_Pi/Pico_SDK_v1.5.0/pico-sdk/src/rp2_common/hardware_pio/pio.c.obj
                0x10008368                pio_sm_set_pindirs_with_mask
 .text.pio_sm_init
                0x1000840c       0x8c CMakeFiles/Frsky_Elrs_Relay.dir/C_/Program_Files/Raspberry_Pi/Pico_SDK_v1.5.0/pico-sdk/src/rp2_common/hardware_pio/pio.c.obj
                0x1000840c                pio_sm_init
 .text.dma_claim_unused_channel
                0x10008498       0x20 CMakeFiles/Frsky_Elrs_Relay.dir/C_/Program_Files/Raspberry_Pi/Pico_SDK_v1.5.0/pico-sdk/src/rp2_common/hardware_dma/dma.c.obj
                0x10008498                dma_claim_unused_channel
 .text.calloc   0x100084b8       0x18 c:/progra~1/raspbe~1/picosd~1.0/gcc-ar~1/bin/../lib/gcc/arm-none-eabi/10.3.1/../../../../arm-none-eabi/lib/thumb/v6-m/nofp\libc.a(lib_a-calloc.o)
                0x100084b8                calloc
 .text._calloc_r
                0x100084d0       0x9c c:/progra~1/raspbe~1/picosd~1.0/gcc-ar~1/bin/../lib/gcc/arm-none-eabi/10.3.1/../../../../arm-none-eabi/lib/thumb/v6-m/nofp\libc.a(lib_a-callocr.o)
                0x100084d0                _calloc_r
 .text.__errno  0x1000856c        0xc c:/progra~1/raspbe~1/picosd~1.0/gcc-ar~1/bin/../lib/gcc/arm-none-eabi/10.3.1/../../../../arm-none-eabi/lib/thumb/v6-m/nofp\libc.a(lib_a-errno.o)
                0x1000856c                __errno
 .text._malloc_r
                0x10008578      0x584 c:/progra~1/raspbe~1/picosd~1.0/gcc-ar~1/bin/../lib/gcc/arm-none-eabi/10.3.1/../../../../arm-none-eabi/lib/thumb/v6-m/nofp\libc.a(lib_a-mallocr.o)
                0x10008578                _malloc_r
 .text.__malloc_lock
                0x10008afc       0x10 c:/progra~1/raspbe~1/picosd~1.0/gcc-ar~1/bin/../lib/gcc/arm-none-eabi/10.3.1/../../../../arm-none-eabi/lib/thumb/v6-m/nofp\libc.a(lib_a-mlock.o)
                0x10008afc                __malloc_lock
 .text.__malloc_unlock
                0x10008b0c       0x10 c:/progra~1/raspbe~1/picosd~1.0/gcc-ar~1/bin/../lib/gcc/arm-none-eabi/10.3.1/../../../../arm-none-eabi/lib/thumb/v6-m/nofp\libc.a(lib_a-mlock.o)
                0x10008b0c                __malloc_unlock
 .text._sbrk_r  0x10008b1c       0x24 c:/progra~1/raspbe~1/picosd~1.0/gcc-ar~1/bin/../lib/gcc/arm-none-eabi/10.3.1/../../../../arm-none-eabi/lib/thumb/v6-m/nofp\libc.a(lib_a-sbrkr.o)
                0x10008b1c                _sbrk_r
 .text.strlen   0x10008b40       0x5c c:/progra~1/raspbe~1/picosd~1.0/gcc-ar~1/bin/../lib/gcc/arm-none-eabi/10.3.1/../../../../arm-none-eabi/lib/thumb/v6-m/nofp\libc.a(lib_a-strlen-stub.o)
                0x10008b40                strlen
 .text._malloc_trim_r
                0x10008b9c       0x9c c:/progra~1/raspbe~1/picosd~1.0/gcc-ar~1/bin/../lib/gcc/arm-none-eabi/10.3.1/../../../../arm-none-eabi/lib/thumb/v6-m/nofp\libc.a(lib_a-freer.o)
                0x10008b9c                _malloc_trim_r
 .text._free_r  0x10008c38      0x1c4 c:/progra~1/raspbe~1/picosd~1.0/gcc-ar~1/bin/../lib/gcc/arm-none-eabi/10.3.1/../../../../arm-none-eabi/lib/thumb/v6-m/nofp\libc.a(lib_a-freer.o)
                0x10008c38                _free_r
 .text.__retarget_lock_acquire_recursive
                0x10008dfc        0x4 c:/progra~1/raspbe~1/picosd~1.0/gcc-ar~1/bin/../lib/gcc/arm-none-eabi/10.3.1/../../../../arm-none-eabi/lib/thumb/v6-m/nofp\libc.a(lib_a-lock.o)
                0x10008dfc                __retarget_lock_acquire_recursive
 .text.__retarget_lock_release_recursive
                0x10008e00        0x4 c:/progra~1/raspbe~1/picosd~1.0/gcc-ar~1/bin/../lib/gcc/arm-none-eabi/10.3.1/../../../../arm-none-eabi/lib/thumb/v6-m/nofp\libc.a(lib_a-lock.o)
                0x10008e00                __retarget_lock_release_recursive
 *(.fini)
 .fini          0x10008e04        0x4 c:/progra~1/raspbe~1/picosd~1.0/gcc-ar~1/bin/../lib/gcc/arm-none-eabi/10.3.1/thumb/v6-m/nofp/crti.o
                0x10008e04                _fini
 .fini.__stub   0x10008e08       0xe0 linker stubs
 *crtbegin.o(.ctors)
 *crtbegin?.o(.ctors)
 *(EXCLUDE_FILE(*crtend.o *crtend?.o) .ctors)
 *(SORT_BY_NAME(.ctors.*))
 *(.ctors)
 *crtbegin.o(.dtors)
 *crtbegin?.o(.dtors)
 *(EXCLUDE_FILE(*crtend.o *crtend?.o) .dtors)
 *(SORT_BY_NAME(.dtors.*))
 *(.dtors)
 *(.eh_frame*)
 .eh_frame      0x10008ee8        0x0 c:/progra~1/raspbe~1/picosd~1.0/gcc-ar~1/bin/../lib/gcc/arm-none-eabi/10.3.1/thumb/v6-m/nofp/crtbegin.o
                0x10008ee8                . = ALIGN (0x4)

.glue_7         0x10008ee8        0x0
 .glue_7        0x10008ee8        0x0 linker stubs

.glue_7t        0x10008ee8        0x0
 .glue_7t       0x10008ee8        0x0 linker stubs

.vfp11_veneer   0x10008ee8        0x0
 .vfp11_veneer  0x10008ee8        0x0 linker stubs

.v4_bx          0x10008ee8        0x0
 .v4_bx         0x10008ee8        0x0 linker stubs

.iplt           0x10008ee8        0x0
 .iplt          0x10008ee8        0x0 c:/progra~1/raspbe~1/picosd~1.0/gcc-ar~1/bin/../lib/gcc/arm-none-eabi/10.3.1/thumb/v6-m/nofp/crtbegin.o

.rodata         0x10008ee8      0x8ec
 *(EXCLUDE_FILE(*libm.a: *libc.a:*lib_a-mem*.o *libgcc.a:) .rodata*)
 .rodata._ZL15command_crc8tab
                0x10008ee8      0x100 CMakeFiles/Frsky_Elrs_Relay.dir/src/crc.cpp.obj
 .rodata._ZL7crc8tab
                0x10008fe8      0x100 CMakeFiles/Frsky_Elrs_Relay.dir/src/crc.cpp.obj
 .rodata._Z13storeTlmFramev.str1.4
                0x100090e8        0x6 CMakeFiles/Frsky_Elrs_Relay.dir/src/crsf.cpp.obj
 *fill*         0x100090ee        0x2 
 .rodata._Z13storeTlmFramev
                0x100090f0       0x7c CMakeFiles/Frsky_Elrs_Relay.dir/src/crsf.cpp.obj
 .rodata._Z11handleTlmInv
                0x1000916c       0x14 CMakeFiles/Frsky_Elrs_Relay.dir/src/crsf.cpp.obj
 .rodata._ZL20crsf_uart_rx_program
                0x10009180        0x6 CMakeFiles/Frsky_Elrs_Relay.dir/src/crsf.cpp.obj
 *fill*         0x10009186        0x2 
 .rodata._ZL20crsf_uart_tx_program
                0x10009188        0x6 CMakeFiles/Frsky_Elrs_Relay.dir/src/crsf.cpp.obj
 *fill*         0x1000918e        0x2 
 .rodata._ZL33crsf_uart_rx_program_instructions
                0x10009190       0x12 CMakeFiles/Frsky_Elrs_Relay.dir/src/crsf.cpp.obj
 *fill*         0x100091a2        0x2 
 .rodata._ZL33crsf_uart_tx_program_instructions
                0x100091a4        0x8 CMakeFiles/Frsky_Elrs_Relay.dir/src/crsf.cpp.obj
 .rodata._Z5setupv.str1.4
                0x100091ac        0x8 CMakeFiles/Frsky_Elrs_Relay.dir/src/main.cpp.obj
 .rodata._Z15on_sbus_uart_rxv.str1.4
                0x100091b4       0x14 CMakeFiles/Frsky_Elrs_Relay.dir/src/sbus.cpp.obj
 .rodata        0x100091c8       0x78 CMakeFiles/Frsky_Elrs_Relay.dir/src/sport.cpp.obj
 .rodata._ZL21sport_uart_rx_program
                0x10009240        0x6 CMakeFiles/Frsky_Elrs_Relay.dir/src/sport.cpp.obj
 *fill*         0x10009246        0x2 
 .rodata._ZL21sport_uart_tx_program
                0x10009248        0x6 CMakeFiles/Frsky_Elrs_Relay.dir/src/sport.cpp.obj
 *fill*         0x1000924e        0x2 
 .rodata._ZL34sport_uart_rx_program_instructions
                0x10009250       0x12 CMakeFiles/Frsky_Elrs_Relay.dir/src/sport.cpp.obj
 *fill*         0x10009262        0x2 
 .rodata._ZL34sport_uart_tx_program_instructions
                0x10009264        0x8 CMakeFiles/Frsky_Elrs_Relay.dir/src/sport.cpp.obj
 .rodata.spin_lock_claim_unused.str1.4
                0x1000926c       0x1b CMakeFiles/Frsky_Elrs_Relay.dir/C_/Program_Files/Raspberry_Pi/Pico_SDK_v1.5.0/pico-sdk/src/rp2_common/hardware_sync/sync.c.obj
 *fill*         0x10009287        0x1 
 .rodata.user_irq_claim_unused.str1.4
                0x10009288       0x1b CMakeFiles/Frsky_Elrs_Relay.dir/C_/Program_Files/Raspberry_Pi/Pico_SDK_v1.5.0/pico-sdk/src/rp2_common/hardware_irq/irq.c.obj
 *fill*         0x100092a3        0x1 
 .rodata.hardware_alarm_claim.str1.4
                0x100092a4       0x22 CMakeFiles/Frsky_Elrs_Relay.dir/C_/Program_Files/Raspberry_Pi/Pico_SDK_v1.5.0/pico-sdk/src/rp2_common/hardware_timer/timer.c.obj
 *fill*         0x100092c6        0x2 
 .rodata.panic.str1.4
                0x100092c8       0x12 CMakeFiles/Frsky_Elrs_Relay.dir/C_/Program_Files/Raspberry_Pi/Pico_SDK_v1.5.0/pico-sdk/src/rp2_common/pico_runtime/runtime.c.obj
 *fill*         0x100092da        0x2 
 .rodata.hard_assertion_failure.str1.4
                0x100092dc        0xc CMakeFiles/Frsky_Elrs_Relay.dir/C_/Program_Files/Raspberry_Pi/Pico_SDK_v1.5.0/pico-sdk/src/rp2_common/pico_runtime/runtime.c.obj
 .rodata._ftoa.str1.4
                0x100092e8       0x15 CMakeFiles/Frsky_Elrs_Relay.dir/C_/Program_Files/Raspberry_Pi/Pico_SDK_v1.5.0/pico-sdk/src/rp2_common/pico_printf/printf.c.obj
 *fill*         0x100092fd        0x3 
 .rodata._vsnprintf
                0x10009300      0x1e0 CMakeFiles/Frsky_Elrs_Relay.dir/C_/Program_Files/Raspberry_Pi/Pico_SDK_v1.5.0/pico-sdk/src/rp2_common/pico_printf/printf.c.obj
 .rodata.pow10.0
                0x100094e0       0x50 CMakeFiles/Frsky_Elrs_Relay.dir/C_/Program_Files/Raspberry_Pi/Pico_SDK_v1.5.0/pico-sdk/src/rp2_common/pico_printf/printf.c.obj
 .rodata.__wrap_malloc.str1.4
                0x10009530        0xe CMakeFiles/Frsky_Elrs_Relay.dir/C_/Program_Files/Raspberry_Pi/Pico_SDK_v1.5.0/pico-sdk/src/rp2_common/pico_malloc/pico_malloc.c.obj
 *fill*         0x1000953e        0x2 
 .rodata.str1.4
                0x10009540       0x48 CMakeFiles/Frsky_Elrs_Relay.dir/C_/Program_Files/Raspberry_Pi/Pico_SDK_v1.5.0/pico-sdk/src/rp2_common/pico_standard_link/binary_info.c.obj
 .rodata.__bi_44
                0x10009588        0xc CMakeFiles/Frsky_Elrs_Relay.dir/C_/Program_Files/Raspberry_Pi/Pico_SDK_v1.5.0/pico-sdk/src/rp2_common/pico_standard_link/binary_info.c.obj
 .rodata.__bi_75
                0x10009594        0xc CMakeFiles/Frsky_Elrs_Relay.dir/C_/Program_Files/Raspberry_Pi/Pico_SDK_v1.5.0/pico-sdk/src/rp2_common/pico_standard_link/binary_info.c.obj
 .rodata.__bi_81
                0x100095a0        0xc CMakeFiles/Frsky_Elrs_Relay.dir/C_/Program_Files/Raspberry_Pi/Pico_SDK_v1.5.0/pico-sdk/src/rp2_common/pico_standard_link/binary_info.c.obj
 .rodata.crlf_str.0
                0x100095ac        0x2 CMakeFiles/Frsky_Elrs_Relay.dir/C_/Program_Files/Raspberry_Pi/Pico_SDK_v1.5.0/pico-sdk/src/rp2_common/pico_stdio/stdio.c.obj
 *fill*         0x100095ae        0x2 
 .rodata._resetd_driver
                0x100095b0       0x18 CMakeFiles/Frsky_Elrs_Relay.dir/C_/Program_Files/Raspberry_Pi/Pico_SDK_v1.5.0/pico-sdk/src/rp2_common/pico_stdio_usb/reset_interface.c.obj
 .rodata.str1.4
                0x100095c8       0x13 CMakeFiles/Frsky_Elrs_Relay.dir/C_/Program_Files/Raspberry_Pi/Pico_SDK_v1.5.0/pico-sdk/src/rp2_common/pico_stdio_usb/stdio_usb.c.obj
 *fill*         0x100095db        0x1 
 .rodata.__bi_188.0
                0x100095dc        0xc CMakeFiles/Frsky_Elrs_Relay.dir/C_/Program_Files/Raspberry_Pi/Pico_SDK_v1.5.0/pico-sdk/src/rp2_common/pico_stdio_usb/stdio_usb.c.obj
 .rodata.str1.4
                0x100095e8       0x2a CMakeFiles/Frsky_Elrs_Relay.dir/C_/Program_Files/Raspberry_Pi/Pico_SDK_v1.5.0/pico-sdk/src/rp2_common/pico_stdio_usb/stdio_usb_descriptors.c.obj
 *fill*         0x10009612        0x2 
 .rodata.usbd_desc_cfg
                0x10009614       0x54 CMakeFiles/Frsky_Elrs_Relay.dir/C_/Program_Files/Raspberry_Pi/Pico_SDK_v1.5.0/pico-sdk/src/rp2_common/pico_stdio_usb/stdio_usb_descriptors.c.obj
 .rodata.usbd_desc_device
                0x10009668       0x12 CMakeFiles/Frsky_Elrs_Relay.dir/C_/Program_Files/Raspberry_Pi/Pico_SDK_v1.5.0/pico-sdk/src/rp2_common/pico_stdio_usb/stdio_usb_descriptors.c.obj
 *fill*         0x1000967a        0x2 
 .rodata.usbd_desc_str
                0x1000967c       0x18 CMakeFiles/Frsky_Elrs_Relay.dir/C_/Program_Files/Raspberry_Pi/Pico_SDK_v1.5.0/pico-sdk/src/rp2_common/pico_stdio_usb/stdio_usb_descriptors.c.obj
 .rodata.str1.4
                0x10009694       0x14 CMakeFiles/Frsky_Elrs_Relay.dir/C_/Program_Files/Raspberry_Pi/Pico_SDK_v1.5.0/pico-sdk/lib/tinyusb/src/portable/raspberrypi/rp2040/dcd_rp2040.c.obj
 .rodata.str1.4
                0x100096a8       0x53 CMakeFiles/Frsky_Elrs_Relay.dir/C_/Program_Files/Raspberry_Pi/Pico_SDK_v1.5.0/pico-sdk/lib/tinyusb/src/portable/raspberrypi/rp2040/rp2040_usb.c.obj
 *fill*         0x100096fb        0x1 
 .rodata.tud_task_ext
                0x100096fc       0x8c CMakeFiles/Frsky_Elrs_Relay.dir/C_/Program_Files/Raspberry_Pi/Pico_SDK_v1.5.0/pico-sdk/lib/tinyusb/src/device/usbd.c.obj
 .rodata._usbd_driver
                0x10009788       0x18 CMakeFiles/Frsky_Elrs_Relay.dir/C_/Program_Files/Raspberry_Pi/Pico_SDK_v1.5.0/pico-sdk/lib/tinyusb/src/device/usbd.c.obj
 .rodata.pio_add_program.str1.4
                0x100097a0       0x11 CMakeFiles/Frsky_Elrs_Relay.dir/C_/Program_Files/Raspberry_Pi/Pico_SDK_v1.5.0/pico-sdk/src/rp2_common/hardware_pio/pio.c.obj
 *fill*         0x100097b1        0x3 
 .rodata.dma_claim_unused_channel.str1.4
                0x100097b4       0x1e CMakeFiles/Frsky_Elrs_Relay.dir/C_/Program_Files/Raspberry_Pi/Pico_SDK_v1.5.0/pico-sdk/src/rp2_common/hardware_dma/dma.c.obj
                0x100097d4                . = ALIGN (0x4)
 *fill*         0x100097d2        0x2 
 *(SORT_BY_ALIGNMENT(SORT_BY_NAME(.flashdata*)))
                0x100097d4                . = ALIGN (0x4)

.rel.dyn        0x100097d4        0x0
 .rel.iplt      0x100097d4        0x0 c:/progra~1/raspbe~1/picosd~1.0/gcc-ar~1/bin/../lib/gcc/arm-none-eabi/10.3.1/thumb/v6-m/nofp/crtbegin.o

.ARM.extab
 *(.ARM.extab* .gnu.linkonce.armextab.*)
                0x100097d4                __exidx_start = .

.ARM.exidx
 *(.ARM.exidx* .gnu.linkonce.armexidx.*)
                0x100097d4                __exidx_end = .
                0x100097d4                . = ALIGN (0x4)
                0x100097d4                __binary_info_start = .

.binary_info    0x100097d4       0x20
 *(.binary_info.keep.*)
 .binary_info.keep.__bi_ptr22
                0x100097d4        0x4 CMakeFiles/Frsky_Elrs_Relay.dir/C_/Program_Files/Raspberry_Pi/Pico_SDK_v1.5.0/pico-sdk/src/rp2_common/pico_standard_link/binary_info.c.obj
 .binary_info.keep.__bi_ptr30
                0x100097d8        0x4 CMakeFiles/Frsky_Elrs_Relay.dir/C_/Program_Files/Raspberry_Pi/Pico_SDK_v1.5.0/pico-sdk/src/rp2_common/pico_standard_link/binary_info.c.obj
 .binary_info.keep.__bi_ptr38
                0x100097dc        0x4 CMakeFiles/Frsky_Elrs_Relay.dir/C_/Program_Files/Raspberry_Pi/Pico_SDK_v1.5.0/pico-sdk/src/rp2_common/pico_standard_link/binary_info.c.obj
 .binary_info.keep.__bi_ptr44
                0x100097e0        0x4 CMakeFiles/Frsky_Elrs_Relay.dir/C_/Program_Files/Raspberry_Pi/Pico_SDK_v1.5.0/pico-sdk/src/rp2_common/pico_standard_link/binary_info.c.obj
 .binary_info.keep.__bi_ptr50
                0x100097e4        0x4 CMakeFiles/Frsky_Elrs_Relay.dir/C_/Program_Files/Raspberry_Pi/Pico_SDK_v1.5.0/pico-sdk/src/rp2_common/pico_standard_link/binary_info.c.obj
 .binary_info.keep.__bi_ptr75
                0x100097e8        0x4 CMakeFiles/Frsky_Elrs_Relay.dir/C_/Program_Files/Raspberry_Pi/Pico_SDK_v1.5.0/pico-sdk/src/rp2_common/pico_standard_link/binary_info.c.obj
 .binary_info.keep.__bi_ptr81
                0x100097ec        0x4 CMakeFiles/Frsky_Elrs_Relay.dir/C_/Program_Files/Raspberry_Pi/Pico_SDK_v1.5.0/pico-sdk/src/rp2_common/pico_standard_link/binary_info.c.obj
 *(.binary_info.*)
 .binary_info.__bi_ptr188
                0x100097f0        0x4 CMakeFiles/Frsky_Elrs_Relay.dir/C_/Program_Files/Raspberry_Pi/Pico_SDK_v1.5.0/pico-sdk/src/rp2_common/pico_stdio_usb/stdio_usb.c.obj
                0x100097f4                __binary_info_end = .
                0x100097f4                . = ALIGN (0x4)
                0x100097f4                __etext = .

.ram_vector_table
                0x20000000       0xc0
 *(.ram_vector_table)
 .ram_vector_table
                0x20000000       0xc0 CMakeFiles/Frsky_Elrs_Relay.dir/C_/Program_Files/Raspberry_Pi/Pico_SDK_v1.5.0/pico-sdk/src/rp2_common/pico_runtime/runtime.c.obj
                0x20000000                ram_vector_table

.data           0x200000c0     0x16fc load address 0x100097f4
                0x200000c0                __data_start__ = .
 *(vtable)
 *(.time_critical*)
 .time_critical.mutex_enter_blocking
                0x200000c0       0x48 CMakeFiles/Frsky_Elrs_Relay.dir/C_/Program_Files/Raspberry_Pi/Pico_SDK_v1.5.0/pico-sdk/src/common/pico_sync/mutex.c.obj
                0x200000c0                mutex_enter_blocking
 .time_critical.mutex_try_enter
                0x20000108       0x44 CMakeFiles/Frsky_Elrs_Relay.dir/C_/Program_Files/Raspberry_Pi/Pico_SDK_v1.5.0/pico-sdk/src/common/pico_sync/mutex.c.obj
                0x20000108                mutex_try_enter
 .time_critical.mutex_try_enter_block_until
                0x2000014c       0x9c CMakeFiles/Frsky_Elrs_Relay.dir/C_/Program_Files/Raspberry_Pi/Pico_SDK_v1.5.0/pico-sdk/src/common/pico_sync/mutex.c.obj
                0x2000014c                mutex_try_enter_block_until
 .time_critical.mutex_enter_timeout_ms
                0x200001e8       0x90 CMakeFiles/Frsky_Elrs_Relay.dir/C_/Program_Files/Raspberry_Pi/Pico_SDK_v1.5.0/pico-sdk/src/common/pico_sync/mutex.c.obj
                0x200001e8                mutex_enter_timeout_ms
 .time_critical.mutex_exit
                0x20000278       0x28 CMakeFiles/Frsky_Elrs_Relay.dir/C_/Program_Files/Raspberry_Pi/Pico_SDK_v1.5.0/pico-sdk/src/common/pico_sync/mutex.c.obj
                0x20000278                mutex_exit
 .time_critical.flash_init_boot2_copyout
                0x200002a0       0x30 CMakeFiles/Frsky_Elrs_Relay.dir/C_/Program_Files/Raspberry_Pi/Pico_SDK_v1.5.0/pico-sdk/src/rp2_common/hardware_flash/flash.c.obj
 .time_critical.flash_enable_xip_via_boot2
                0x200002d0       0x10 CMakeFiles/Frsky_Elrs_Relay.dir/C_/Program_Files/Raspberry_Pi/Pico_SDK_v1.5.0/pico-sdk/src/rp2_common/hardware_flash/flash.c.obj
 .time_critical.flash_cs_force
                0x200002e0       0x38 CMakeFiles/Frsky_Elrs_Relay.dir/C_/Program_Files/Raspberry_Pi/Pico_SDK_v1.5.0/pico-sdk/src/rp2_common/hardware_flash/flash.c.obj
 .time_critical.flash_do_cmd
                0x20000318       0xc4 CMakeFiles/Frsky_Elrs_Relay.dir/C_/Program_Files/Raspberry_Pi/Pico_SDK_v1.5.0/pico-sdk/src/rp2_common/hardware_flash/flash.c.obj
                0x20000318                flash_do_cmd
 .time_critical.reset_non_control_endpoints
                0x200003dc       0xbc CMakeFiles/Frsky_Elrs_Relay.dir/C_/Program_Files/Raspberry_Pi/Pico_SDK_v1.5.0/pico-sdk/lib/tinyusb/src/portable/raspberrypi/rp2040/dcd_rp2040.c.obj
 .time_critical.hw_handle_buff_status
                0x20000498       0xa8 CMakeFiles/Frsky_Elrs_Relay.dir/C_/Program_Files/Raspberry_Pi/Pico_SDK_v1.5.0/pico-sdk/lib/tinyusb/src/portable/raspberrypi/rp2040/dcd_rp2040.c.obj
 .time_critical.dcd_rp2040_irq
                0x20000540      0x4d8 CMakeFiles/Frsky_Elrs_Relay.dir/C_/Program_Files/Raspberry_Pi/Pico_SDK_v1.5.0/pico-sdk/lib/tinyusb/src/portable/raspberrypi/rp2040/dcd_rp2040.c.obj
 .time_critical.e15_is_bulkin_ep
                0x20000a18       0x28 CMakeFiles/Frsky_Elrs_Relay.dir/C_/Program_Files/Raspberry_Pi/Pico_SDK_v1.5.0/pico-sdk/lib/tinyusb/src/portable/raspberrypi/rp2040/rp2040_usb.c.obj
 .time_critical.e15_is_critical_frame_period
                0x20000a40       0x34 CMakeFiles/Frsky_Elrs_Relay.dir/C_/Program_Files/Raspberry_Pi/Pico_SDK_v1.5.0/pico-sdk/lib/tinyusb/src/portable/raspberrypi/rp2040/rp2040_usb.c.obj
 .time_critical.prepare_ep_buffer
                0x20000a74       0x70 CMakeFiles/Frsky_Elrs_Relay.dir/C_/Program_Files/Raspberry_Pi/Pico_SDK_v1.5.0/pico-sdk/lib/tinyusb/src/portable/raspberrypi/rp2040/rp2040_usb.c.obj
 .time_critical.sync_ep_buffer
                0x20000ae4       0x4c CMakeFiles/Frsky_Elrs_Relay.dir/C_/Program_Files/Raspberry_Pi/Pico_SDK_v1.5.0/pico-sdk/lib/tinyusb/src/portable/raspberrypi/rp2040/rp2040_usb.c.obj
 .time_critical._hw_endpoint_xfer_sync
                0x20000b30       0x28 CMakeFiles/Frsky_Elrs_Relay.dir/C_/Program_Files/Raspberry_Pi/Pico_SDK_v1.5.0/pico-sdk/lib/tinyusb/src/portable/raspberrypi/rp2040/rp2040_usb.c.obj
 .time_critical.hw_endpoint_reset_transfer
                0x20000b58        0xc CMakeFiles/Frsky_Elrs_Relay.dir/C_/Program_Files/Raspberry_Pi/Pico_SDK_v1.5.0/pico-sdk/lib/tinyusb/src/portable/raspberrypi/rp2040/rp2040_usb.c.obj
                0x20000b58                hw_endpoint_reset_transfer
 .time_critical._hw_endpoint_buffer_control_update32
                0x20000b64       0x58 CMakeFiles/Frsky_Elrs_Relay.dir/C_/Program_Files/Raspberry_Pi/Pico_SDK_v1.5.0/pico-sdk/lib/tinyusb/src/portable/raspberrypi/rp2040/rp2040_usb.c.obj
                0x20000b64                _hw_endpoint_buffer_control_update32
 .time_critical.hw_endpoint_start_next_buffer
                0x20000bbc       0x6c CMakeFiles/Frsky_Elrs_Relay.dir/C_/Program_Files/Raspberry_Pi/Pico_SDK_v1.5.0/pico-sdk/lib/tinyusb/src/portable/raspberrypi/rp2040/rp2040_usb.c.obj
                0x20000bbc                hw_endpoint_start_next_buffer
 .time_critical.hw_endpoint_xfer_continue
                0x20000c28       0x50 CMakeFiles/Frsky_Elrs_Relay.dir/C_/Program_Files/Raspberry_Pi/Pico_SDK_v1.5.0/pico-sdk/lib/tinyusb/src/portable/raspberrypi/rp2040/rp2040_usb.c.obj
                0x20000c28                hw_endpoint_xfer_continue
 .time_critical.tinyusb
                0x20000c78      0x170 CMakeFiles/Frsky_Elrs_Relay.dir/C_/Program_Files/Raspberry_Pi/Pico_SDK_v1.5.0/pico-sdk/lib/tinyusb/src/device/usbd.c.obj
                0x20000c78                dcd_event_handler
 *(.text*)
 .text          0x20000de8        0x4 c:/progra~1/raspbe~1/picosd~1.0/gcc-ar~1/bin/../lib/gcc/arm-none-eabi/10.3.1/thumb/v6-m/nofp\libgcc.a(_dvmd_tls.o)
                0x20000de8                __aeabi_idiv0
                0x20000de8                __aeabi_ldiv0
 *fill*         0x20000dec        0x4 
 .text.__stub   0x20000df0       0x70 linker stubs
                0x20000e60                . = ALIGN (0x4)
 *(.rodata*)
                0x20000e60                . = ALIGN (0x4)
 *(.data*)
 .data._ZZ15sendCrsfRcFramevE22waitFirstFrameFromElrs
                0x20000e60        0x1 CMakeFiles/Frsky_Elrs_Relay.dir/src/crsf.cpp.obj
 *fill*         0x20000e61        0x3 
 .data.crsfPio  0x20000e64        0x4 CMakeFiles/Frsky_Elrs_Relay.dir/src/crsf.cpp.obj
                0x20000e64                crsfPio
 .data.crsfRcFrameIntervalMicros
                0x20000e68        0x4 CMakeFiles/Frsky_Elrs_Relay.dir/src/crsf.cpp.obj
                0x20000e68                crsfRcFrameIntervalMicros
 .data.crsfSmRx
                0x20000e6c        0x4 CMakeFiles/Frsky_Elrs_Relay.dir/src/crsf.cpp.obj
                0x20000e6c                crsfSmRx
 .data.sportPio
                0x20000e70        0x4 CMakeFiles/Frsky_Elrs_Relay.dir/src/sport.cpp.obj
                0x20000e70                sportPio
 .data.sportSmRx
                0x20000e74        0x4 CMakeFiles/Frsky_Elrs_Relay.dir/src/sport.cpp.obj
                0x20000e74                sportSmRx
 .data.striped_spin_lock_num
                0x20000e78        0x1 CMakeFiles/Frsky_Elrs_Relay.dir/C_/Program_Files/Raspberry_Pi/Pico_SDK_v1.5.0/pico-sdk/src/rp2_common/hardware_sync/sync.c.obj
 *fill*         0x20000e79        0x3 
 .data          0x20000e7c       0x48 CMakeFiles/Frsky_Elrs_Relay.dir/C_/Program_Files/Raspberry_Pi/Pico_SDK_v1.5.0/pico-sdk/src/rp2_common/hardware_irq/irq_handler_chain.S.obj
                0x20000e7c                irq_handler_chain_slots
                0x20000eac                irq_handler_chain_first_slot
                0x20000eb6                irq_handler_chain_remove_tail
 .data.default_alarm_pool
                0x20000ec4       0x18 CMakeFiles/Frsky_Elrs_Relay.dir/C_/Program_Files/Raspberry_Pi/Pico_SDK_v1.5.0/pico-sdk/src/common/pico_time/time.c.obj
 .data.default_alarm_pool_heap
                0x20000edc       0x10 CMakeFiles/Frsky_Elrs_Relay.dir/C_/Program_Files/Raspberry_Pi/Pico_SDK_v1.5.0/pico-sdk/src/common/pico_time/time.c.obj
 *fill*         0x20000eec        0x4 
 .data.aeabi_bits_funcs
                0x20000ef0       0x10 CMakeFiles/Frsky_Elrs_Relay.dir/C_/Program_Files/Raspberry_Pi/Pico_SDK_v1.5.0/pico-sdk/src/rp2_common/pico_bit_ops/bit_ops_aeabi.S.obj
                0x20000ef0                aeabi_bits_funcs
                0x20000f00                aeabi_bits_funcs_end
 .data.aeabi_mem_funcs
                0x20000f00       0x10 CMakeFiles/Frsky_Elrs_Relay.dir/C_/Program_Files/Raspberry_Pi/Pico_SDK_v1.5.0/pico-sdk/src/rp2_common/pico_mem_ops/mem_ops_aeabi.S.obj
                0x20000f00                aeabi_mem_funcs
                0x20000f10                aeabi_mem_funcs_end
 .data.stdio_usb
                0x20000f10       0x18 CMakeFiles/Frsky_Elrs_Relay.dir/C_/Program_Files/Raspberry_Pi/Pico_SDK_v1.5.0/pico-sdk/src/rp2_common/pico_stdio_usb/stdio_usb.c.obj
                0x20000f10                stdio_usb
 .data.ep_dir_string
                0x20000f28        0x8 CMakeFiles/Frsky_Elrs_Relay.dir/C_/Program_Files/Raspberry_Pi/Pico_SDK_v1.5.0/pico-sdk/lib/tinyusb/src/portable/raspberrypi/rp2040/rp2040_usb.c.obj
                0x20000f28                ep_dir_string
 .data._usbd_qdef
                0x20000f30       0x1c CMakeFiles/Frsky_Elrs_Relay.dir/C_/Program_Files/Raspberry_Pi/Pico_SDK_v1.5.0/pico-sdk/lib/tinyusb/src/device/usbd.c.obj
                0x20000f30                _usbd_qdef
 .data._usbd_rhport
                0x20000f4c        0x1 CMakeFiles/Frsky_Elrs_Relay.dir/C_/Program_Files/Raspberry_Pi/Pico_SDK_v1.5.0/pico-sdk/lib/tinyusb/src/device/usbd.c.obj
 *fill*         0x20000f4d        0x3 
 .data._impure_ptr
                0x20000f50        0x4 c:/progra~1/raspbe~1/picosd~1.0/gcc-ar~1/bin/../lib/gcc/arm-none-eabi/10.3.1/../../../../arm-none-eabi/lib/thumb/v6-m/nofp\libc.a(lib_a-impure.o)
                0x20000f50                _impure_ptr
 *fill*         0x20000f54        0x4 
 .data.impure_data
                0x20000f58      0x428 c:/progra~1/raspbe~1/picosd~1.0/gcc-ar~1/bin/../lib/gcc/arm-none-eabi/10.3.1/../../../../arm-none-eabi/lib/thumb/v6-m/nofp\libc.a(lib_a-impure.o)
 .data.__malloc_av_
                0x20001380      0x408 c:/progra~1/raspbe~1/picosd~1.0/gcc-ar~1/bin/../lib/gcc/arm-none-eabi/10.3.1/../../../../arm-none-eabi/lib/thumb/v6-m/nofp\libc.a(lib_a-mallocr.o)
                0x20001380                __malloc_av_
 .data.__malloc_sbrk_base
                0x20001788        0x4 c:/progra~1/raspbe~1/picosd~1.0/gcc-ar~1/bin/../lib/gcc/arm-none-eabi/10.3.1/../../../../arm-none-eabi/lib/thumb/v6-m/nofp\libc.a(lib_a-mallocr.o)
                0x20001788                __malloc_sbrk_base
 .data.__malloc_trim_threshold
                0x2000178c        0x4 c:/progra~1/raspbe~1/picosd~1.0/gcc-ar~1/bin/../lib/gcc/arm-none-eabi/10.3.1/../../../../arm-none-eabi/lib/thumb/v6-m/nofp\libc.a(lib_a-mallocr.o)
                0x2000178c                __malloc_trim_threshold
                0x20001790                . = ALIGN (0x4)
 *(.after_data.*)
                0x20001790                . = ALIGN (0x4)
                0x20001790                PROVIDE (__mutex_array_start = .)
 *(SORT_BY_NAME(.mutex_array.*))
 *(.mutex_array)
 .mutex_array   0x20001790        0x8 CMakeFiles/Frsky_Elrs_Relay.dir/C_/Program_Files/Raspberry_Pi/Pico_SDK_v1.5.0/pico-sdk/src/rp2_common/pico_malloc/pico_malloc.c.obj
 .mutex_array   0x20001798        0x8 CMakeFiles/Frsky_Elrs_Relay.dir/C_/Program_Files/Raspberry_Pi/Pico_SDK_v1.5.0/pico-sdk/src/rp2_common/pico_stdio/stdio.c.obj
                0x200017a0                PROVIDE (__mutex_array_end = .)
                0x200017a0                . = ALIGN (0x4)
                0x200017a0                PROVIDE (__preinit_array_start = .)
 *(SORT_BY_NAME(.preinit_array.*))
 .preinit_array.00001
                0x200017a0        0x4 CMakeFiles/Frsky_Elrs_Relay.dir/C_/Program_Files/Raspberry_Pi/Pico_SDK_v1.5.0/pico-sdk/src/rp2_common/pico_mem_ops/mem_ops_aeabi.S.obj
 .preinit_array.00010
                0x200017a4        0x4 CMakeFiles/Frsky_Elrs_Relay.dir/C_/Program_Files/Raspberry_Pi/Pico_SDK_v1.5.0/pico-sdk/src/rp2_common/pico_bit_ops/bit_ops_aeabi.S.obj
 .preinit_array.00020
                0x200017a8        0x4 CMakeFiles/Frsky_Elrs_Relay.dir/C_/Program_Files/Raspberry_Pi/Pico_SDK_v1.5.0/pico-sdk/src/rp2_common/pico_double/double_aeabi.S.obj
 .preinit_array.00020
                0x200017ac        0x4 CMakeFiles/Frsky_Elrs_Relay.dir/C_/Program_Files/Raspberry_Pi/Pico_SDK_v1.5.0/pico-sdk/src/rp2_common/pico_float/float_aeabi.S.obj
 *(.preinit_array)
                0x200017b0                PROVIDE (__preinit_array_end = .)
                0x200017b0                . = ALIGN (0x4)
                0x200017b0                PROVIDE (__init_array_start = .)
 *(SORT_BY_NAME(.init_array.*))
 *(.init_array)
 .init_array    0x200017b0        0x4 c:/progra~1/raspbe~1/picosd~1.0/gcc-ar~1/bin/../lib/gcc/arm-none-eabi/10.3.1/thumb/v6-m/nofp/crtbegin.o
 .init_array    0x200017b4        0x4 CMakeFiles/Frsky_Elrs_Relay.dir/src/crsf.cpp.obj
 .init_array    0x200017b8        0x4 CMakeFiles/Frsky_Elrs_Relay.dir/C_/Program_Files/Raspberry_Pi/Pico_SDK_v1.5.0/pico-sdk/src/rp2_common/pico_unique_id/unique_id.c.obj
                0x200017bc                PROVIDE (__init_array_end = .)
                0x200017bc                . = ALIGN (0x4)
                [!provide]                PROVIDE (__fini_array_start = .)
 *(SORT_BY_NAME(.fini_array.*))
 *(.fini_array)
                [!provide]                PROVIDE (__fini_array_end = .)
 *(.jcr)
                0x200017bc                . = ALIGN (0x4)
                0x200017bc                __data_end__ = .

.igot.plt       0x200017bc        0x0 load address 0x1000aef0
 .igot.plt      0x200017bc        0x0 c:/progra~1/raspbe~1/picosd~1.0/gcc-ar~1/bin/../lib/gcc/arm-none-eabi/10.3.1/thumb/v6-m/nofp/crtbegin.o

.uninitialized_data
                0x200017bc        0x0 load address 0x1000aef0
                0x200017bc                . = ALIGN (0x4)
 *(.uninitialized_data*)

.scratch_x      0x20040000        0x0 load address 0x1000aef0
                0x20040000                __scratch_x_start__ = .
 *(.scratch_x.*)
                0x20040000                . = ALIGN (0x4)
                0x20040000                __scratch_x_end__ = .
                0x1000aef0                __scratch_x_source__ = LOADADDR (.scratch_x)

.scratch_y      0x20041000        0x0 load address 0x1000aef0
                0x20041000                __scratch_y_start__ = .
 *(.scratch_y.*)
                0x20041000                . = ALIGN (0x4)
                0x20041000                __scratch_y_end__ = .
                0x1000aef0                __scratch_y_source__ = LOADADDR (.scratch_y)

.bss            0x200017c0     0x11fc
                0x200017c0                . = ALIGN (0x4)
                0x200017c0                __bss_start__ = .
 *(SORT_BY_ALIGNMENT(SORT_BY_NAME(.bss*)))
 .bss.default_alarm_pool_entries
                0x200017c0      0x100 CMakeFiles/Frsky_Elrs_Relay.dir/C_/Program_Files/Raspberry_Pi/Pico_SDK_v1.5.0/pico-sdk/src/common/pico_time/time.c.obj
 .bss.last_avail_time.1
                0x200018c0        0x8 CMakeFiles/Frsky_Elrs_Relay.dir/C_/Program_Files/Raspberry_Pi/Pico_SDK_v1.5.0/pico-sdk/src/rp2_common/pico_stdio_usb/stdio_usb.c.obj
 .bss.sd_table  0x200018c8      0x100 CMakeFiles/Frsky_Elrs_Relay.dir/C_/Program_Files/Raspberry_Pi/Pico_SDK_v1.5.0/pico-sdk/src/rp2_common/pico_double/double_init_rom.c.obj
                0x200018c8                sd_table
 .bss.sf_table  0x200019c8      0x100 CMakeFiles/Frsky_Elrs_Relay.dir/C_/Program_Files/Raspberry_Pi/Pico_SDK_v1.5.0/pico-sdk/src/rp2_common/pico_float/float_init_rom.c.obj
                0x200019c8                sf_table
 .bss           0x20001ac8       0x1c c:/progra~1/raspbe~1/picosd~1.0/gcc-ar~1/bin/../lib/gcc/arm-none-eabi/10.3.1/thumb/v6-m/nofp/crtbegin.o
 .bss._ZZ12handleSbusInvE14lastSbusMillis
                0x20001ae4        0x4 CMakeFiles/Frsky_Elrs_Relay.dir/src/sbus.cpp.obj
 .bss._ZZ15sendCrsfRcFramevE21lastRcFrameSendMicros
                0x20001ae8        0x4 CMakeFiles/Frsky_Elrs_Relay.dir/src/crsf.cpp.obj
 .bss.__lock___malloc_recursive_mutex