Archive member included to satisfy reference by file (symbol)

c:/progra~1/raspbe~1/picosd~1.0/gcc-ar~1/bin/../lib/gcc/arm-none-eabi/10.3.1/thumb/v6-m/nofp\libgcc.a(_dvmd_tls.o)
                              CMakeFiles/Frsky_Elrs_Relay.dir/C_/Program_Files/Raspberry_Pi/Pico_SDK_v1.5.0/pico-sdk/src/rp2_common/pico_divider/divider.S.obj (__aeabi_idiv0)
c:/progra~1/raspbe~1/picosd~1.0/gcc-ar~1/bin/../lib/gcc/arm-none-eabi/10.3.1/../../../../arm-none-eabi/lib/thumb/v6-m/nofp\libc.a(lib_a-calloc.o)
                              CMakeFiles/Frsky_Elrs_Relay.dir/C_/Program_Files/Raspberry_Pi/Pico_SDK_v1.5.0/pico-sdk/src/rp2_common/pico_malloc/pico_malloc.c.obj (calloc)
c:/progra~1/raspbe~1/picosd~1.0/gcc-ar~1/bin/../lib/gcc/arm-none-eabi/10.3.1/../../../../arm-none-eabi/lib/thumb/v6-m/nofp\libc.a(lib_a-callocr.o)
                              c:/progra~1/raspbe~1/picosd~1.0/gcc-ar~1/bin/../lib/gcc/arm-none-eabi/10.3.1/../../../../arm-none-eabi/lib/thumb/v6-m/nofp\libc.a(lib_a-calloc.o) (_calloc_r)
c:/progra~1/raspbe~1/picosd~1.0/gcc-ar~1/bin/../lib/gcc/arm-none-eabi/10.3.1/../../../../arm-none-eabi/lib/thumb/v6-m/nofp\libc.a(lib_a-errno.o)
                              c:/progra~1/raspbe~1/picosd~1.0/gcc-ar~1/bin/../lib/gcc/arm-none-eabi/10.3.1/../../../../arm-none-eabi/lib/thumb/v6-m/nofp\libc.a(lib_a-callocr.o) (__errno)
c:/progra~1/raspbe~1/picosd~1.0/gcc-ar~1/bin/../lib/gcc/arm-none-eabi/10.3.1/../../../../arm-none-eabi/lib/thumb/v6-m/nofp\libc.a(lib_a-impure.o)
                              c:/progra~1/raspbe~1/picosd~1.0/gcc-ar~1/bin/../lib/gcc/arm-none-eabi/10.3.1/../../../../arm-none-eabi/lib/thumb/v6-m/nofp\libc.a(lib_a-calloc.o) (_impure_ptr)
c:/progra~1/raspbe~1/picosd~1.0/gcc-ar~1/bin/../lib/gcc/arm-none-eabi/10.3.1/../../../../arm-none-eabi/lib/thumb/v6-m/nofp\libc.a(lib_a-init.o)
                              c:/progra~1/raspbe~1/picosd~1.0/gcc-ar~1/bin/../lib/gcc/arm-none-eabi/10.3.1/../../../../arm-none-eabi/lib/thumb/v6-m/nofp/crt0.o (__libc_init_array)
c:/progra~1/raspbe~1/picosd~1.0/gcc-ar~1/bin/../lib/gcc/arm-none-eabi/10.3.1/../../../../arm-none-eabi/lib/thumb/v6-m/nofp\libc.a(lib_a-malloc.o)
                              CMakeFiles/Frsky_Elrs_Relay.dir/C_/Program_Files/Raspberry_Pi/Pico_SDK_v1.5.0/pico-sdk/src/rp2_common/pico_malloc/pico_malloc.c.obj (malloc)
c:/progra~1/raspbe~1/picosd~1.0/gcc-ar~1/bin/../lib/gcc/arm-none-eabi/10.3.1/../../../../arm-none-eabi/lib/thumb/v6-m/nofp\libc.a(lib_a-mallocr.o)
                              c:/progra~1/raspbe~1/picosd~1.0/gcc-ar~1/bin/../lib/gcc/arm-none-eabi/10.3.1/../../../../arm-none-eabi/lib/thumb/v6-m/nofp\libc.a(lib_a-callocr.o) (_malloc_r)
c:/progra~1/raspbe~1/picosd~1.0/gcc-ar~1/bin/../lib/gcc/arm-none-eabi/10.3.1/../../../../arm-none-eabi/lib/thumb/v6-m/nofp\libc.a(lib_a-mlock.o)
                              c:/progra~1/raspbe~1/picosd~1.0/gcc-ar~1/bin/../lib/gcc/arm-none-eabi/10.3.1/../../../../arm-none-eabi/lib/thumb/v6-m/nofp\libc.a(lib_a-mallocr.o) (__malloc_lock)
c:/progra~1/raspbe~1/picosd~1.0/gcc-ar~1/bin/../lib/gcc/arm-none-eabi/10.3.1/../../../../arm-none-eabi/lib/thumb/v6-m/nofp\libc.a(lib_a-realloc.o)
                              CMakeFiles/Frsky_Elrs_Relay.dir/C_/Program_Files/Raspberry_Pi/Pico_SDK_v1.5.0/pico-sdk/src/rp2_common/pico_malloc/pico_malloc.c.obj (realloc)
c:/progra~1/raspbe~1/picosd~1.0/gcc-ar~1/bin/../lib/gcc/arm-none-eabi/10.3.1/../../../../arm-none-eabi/lib/thumb/v6-m/nofp\libc.a(lib_a-reallocr.o)
                              c:/progra~1/raspbe~1/picosd~1.0/gcc-ar~1/bin/../lib/gcc/arm-none-eabi/10.3.1/../../../../arm-none-eabi/lib/thumb/v6-m/nofp\libc.a(lib_a-realloc.o) (_realloc_r)
c:/progra~1/raspbe~1/picosd~1.0/gcc-ar~1/bin/../lib/gcc/arm-none-eabi/10.3.1/../../../../arm-none-eabi/lib/thumb/v6-m/nofp\libc.a(lib_a-sbrkr.o)
                              c:/progra~1/raspbe~1/picosd~1.0/gcc-ar~1/bin/../lib/gcc/arm-none-eabi/10.3.1/../../../../arm-none-eabi/lib/thumb/v6-m/nofp\libc.a(lib_a-mallocr.o) (_sbrk_r)
c:/progra~1/raspbe~1/picosd~1.0/gcc-ar~1/bin/../lib/gcc/arm-none-eabi/10.3.1/../../../../arm-none-eabi/lib/thumb/v6-m/nofp\libc.a(lib_a-strlen-stub.o)
                              CMakeFiles/Frsky_Elrs_Relay.dir/C_/Program_Files/Raspberry_Pi/Pico_SDK_v1.5.0/pico-sdk/src/rp2_common/pico_stdio/stdio.c.obj (strlen)
c:/progra~1/raspbe~1/picosd~1.0/gcc-ar~1/bin/../lib/gcc/arm-none-eabi/10.3.1/../../../../arm-none-eabi/lib/thumb/v6-m/nofp\libc.a(lib_a-freer.o)
                              c:/progra~1/raspbe~1/picosd~1.0/gcc-ar~1/bin/../lib/gcc/arm-none-eabi/10.3.1/../../../../arm-none-eabi/lib/thumb/v6-m/nofp\libc.a(lib_a-malloc.o) (_free_r)
c:/progra~1/raspbe~1/picosd~1.0/gcc-ar~1/bin/../lib/gcc/arm-none-eabi/10.3.1/../../../../arm-none-eabi/lib/thumb/v6-m/nofp\libc.a(lib_a-lock.o)
                              c:/progra~1/raspbe~1/picosd~1.0/gcc-ar~1/bin/../lib/gcc/arm-none-eabi/10.3.1/../../../../arm-none-eabi/lib/thumb/v6-m/nofp\libc.a(lib_a-mlock.o) (__retarget_lock_acquire_recursive)
[...]
Memory Configuration

Name             Origin             Length             Attributes
FLASH            0x10000000         0x00200000         xr
RAM              0x20000000         0x00040000         xrw
SCRATCH_X        0x20040000         0x00001000         xrw
SCRATCH_Y        0x20041000         0x00001000         xrw
*default*        0x00000000         0xffffffff

Linker script and memory map

LOAD c:/progra~1/raspbe~1/picosd~1.0/gcc-ar~1/bin/../lib/gcc/arm-none-eabi/10.3.1/thumb/v6-m/nofp/crti.o
LOAD c:/progra~1/raspbe~1/picosd~1.0/gcc-ar~1/bin/../lib/gcc/arm-none-eabi/10.3.1/thumb/v6-m/nofp/crtbegin.o
LOAD c:/progra~1/raspbe~1/picosd~1.0/gcc-ar~1/bin/../lib/gcc/arm-none-eabi/10.3.1/../../../../arm-none-eabi/lib/thumb/v6-m/nofp/crt0.o

.flash_begin    0x10000000        0x0
                0x10000000                __flash_binary_start = .

.boot2          0x10000000      0x100
                0x10000000                __boot2_start__ = .
 *(.boot2)
 .boot2         0x10000000      0x100 C:\Users\Acer\AppData\Local\Temp\ccv8gIEq.o
                0x10000100                __boot2_end__ = .
                0x00000001                ASSERT (((__boot2_end__ - __boot2_start__) == 0x100), ERROR: Pico second stage bootloader must be 256 bytes in size)

.text           0x10000100     0x91e0
                0x10000100                __logical_binary_start = .
 *(.vectors)
 .vectors       0x10000100       0xd4 CMakeFiles/Frsky_Elrs_Relay.dir/C_/Program_Files/Raspberry_Pi/Pico_SDK_v1.5.0/pico-sdk/src/rp2_common/pico_standard_link/crt0.S.obj
                0x10000100                __VECTOR_TABLE
                0x10000100                __vectors
                0x100001c0                isr_invalid
                0x100001c0                __default_isrs_start
                0x100001c2                isr_nmi
                0x100001c4                isr_hardfault
                0x100001c6                isr_svcall
                0x100001c8                isr_pendsv
                0x100001ca                isr_systick
                0x100001cc                isr_irq23
                0x100001cc                isr_irq18
                0x100001cc                isr_irq11
                0x100001cc                isr_irq28
                0x100001cc                isr_irq19
                0x100001cc                isr_irq0
                0x100001cc                isr_irq6
                0x100001cc                isr_irq5
                0x100001cc                isr_irq12
                0x100001cc                isr_irq22
                0x100001cc                isr_irq31
                0x100001cc                isr_irq17
                0x100001cc                isr_irq27
                0x100001cc                isr_irq30
                0x100001cc                isr_irq2
                0x100001cc                isr_irq10
                0x100001cc                isr_irq8
                0x100001cc                isr_irq24
                0x100001cc                isr_irq1
                0x100001cc                isr_irq7
                0x100001cc                isr_irq21
                0x100001cc                isr_irq20
                0x100001cc                isr_irq15
                0x100001cc                isr_irq25
                0x100001cc                isr_irq13
                0x100001cc                __unhandled_user_irq
                0x100001cc                isr_irq4
                0x100001cc                isr_irq16
                0x100001cc                isr_irq29
                0x100001cc                isr_irq26
                0x100001cc                __default_isrs_end
                0x100001cc                isr_irq3
                0x100001cc                isr_irq14
                0x100001cc                isr_irq9
                0x100001d2                unhandled_user_irq_num_in_r0
 *(.binary_info_header)
 .binary_info_header
                0x100001d4       0x14 CMakeFiles/Frsky_Elrs_Relay.dir/C_/Program_Files/Raspberry_Pi/Pico_SDK_v1.5.0/pico-sdk/src/rp2_common/pico_standard_link/crt0.S.obj
                0x100001e8                __binary_info_header_end = .
 *(.reset)
 .reset         0x100001e8       0xa0 CMakeFiles/Frsky_Elrs_Relay.dir/C_/Program_Files/Raspberry_Pi/Pico_SDK_v1.5.0/pico-sdk/src/rp2_common/pico_standard_link/crt0.S.obj
                0x100001e8                _entry_point
 .reset         0x10000288       0x30 CMakeFiles/Frsky_Elrs_Relay.dir/C_/Program_Files/Raspberry_Pi/Pico_SDK_v1.5.0/pico-sdk/src/rp2_common/pico_standard_link/binary_info.c.obj
 *(.init)
 .init          0x100002b8        0x4 c:/progra~1/raspbe~1/picosd~1.0/gcc-ar~1/bin/../lib/gcc/arm-none-eabi/10.3.1/thumb/v6-m/nofp/crti.o
                0x100002b8                _init
 *(EXCLUDE_FILE(*libm.a: *libc.a:*lib_a-mem*.o *libgcc.a:) .text*)
 .text          0x100002bc       0x48 c:/progra~1/raspbe~1/picosd~1.0/gcc-ar~1/bin/../lib/gcc/arm-none-eabi/10.3.1/thumb/v6-m/nofp/crtbegin.o
 .text._ZN12GENERIC_CRC8C2Eh
                0x10000304       0x84 CMakeFiles/Frsky_Elrs_Relay.dir/src/crc.cpp.obj
                0x10000304                GENERIC_CRC8::GENERIC_CRC8(unsigned char)
                0x10000304                GENERIC_CRC8::GENERIC_CRC8(unsigned char)
 .text._ZN12GENERIC_CRC84calcEPKhhh
                0x10000388       0x20 CMakeFiles/Frsky_Elrs_Relay.dir/src/crc.cpp.obj
                0x10000388                GENERIC_CRC8::calc(unsigned char const*, unsigned char, unsigned char)
 .text._Z4crc8PKhm
                0x100003a8       0x24 CMakeFiles/Frsky_Elrs_Relay.dir/src/crc.cpp.obj
                0x100003a8                crc8(unsigned char const*, unsigned long)
 .text._Z12command_crc8PKhm
                0x100003cc       0x24 CMakeFiles/Frsky_Elrs_Relay.dir/src/crc.cpp.obj
                0x100003cc                command_crc8(unsigned char const*, unsigned long)
 .text._Z19crsfPioRxHandlerIrqv
                0x100003f0       0x68 CMakeFiles/Frsky_Elrs_Relay.dir/src/crsf.cpp.obj
                0x100003f0                crsfPioRxHandlerIrq()
 .text._Z9setupCRSFv
                0x10000458      0x274 CMakeFiles/Frsky_Elrs_Relay.dir/src/crsf.cpp.obj
                0x10000458                setupCRSF()
 .text._Z15sendCrsfRcFramev
                0x100006cc       0xe8 CMakeFiles/Frsky_Elrs_Relay.dir/src/crsf.cpp.obj
                0x100006cc                sendCrsfRcFrame()
 .text._Z13storeTlmFramev
                0x100007b4      0x518 CMakeFiles/Frsky_Elrs_Relay.dir/src/crsf.cpp.obj
                0x100007b4                storeTlmFrame()
 .text._Z11handleTlmInv
                0x10000ccc      0x198 CMakeFiles/Frsky_Elrs_Relay.dir/src/crsf.cpp.obj
                0x10000ccc                handleTlmIn()
 .text.startup._GLOBAL__sub_I_crsfRxQueue
                0x10000e64       0x10 CMakeFiles/Frsky_Elrs_Relay.dir/src/crsf.cpp.obj
 .text._Z5setupv
                0x10000e74       0x58 CMakeFiles/Frsky_Elrs_Relay.dir/src/main.cpp.obj
                0x10000e74                setup()
 .text.startup.main
                0x10000ecc       0x20 CMakeFiles/Frsky_Elrs_Relay.dir/src/main.cpp.obj
                0x10000ecc                main
 .text._Z8setupPpmv
                0x10000eec       0xdc CMakeFiles/Frsky_Elrs_Relay.dir/src/ppm.cpp.obj
                0x10000eec                setupPpm()
 .text._Z9handlePpmv
                0x10000fc8       0xec CMakeFiles/Frsky_Elrs_Relay.dir/src/ppm.cpp.obj
                0x10000fc8                handlePpm()
 .text._Z15on_sbus_uart_rxv
                0x100010b4       0x7c CMakeFiles/Frsky_Elrs_Relay.dir/src/sbus.cpp.obj
                0x100010b4                on_sbus_uart_rx()
 .text._Z9setupSbusv
                0x10001130       0xd4 CMakeFiles/Frsky_Elrs_Relay.dir/src/sbus.cpp.obj
                0x10001130                setupSbus()
 .text._Z14storeSbusFramev
                0x10001204      0x124 CMakeFiles/Frsky_Elrs_Relay.dir/src/sbus.cpp.obj
                0x10001204                storeSbusFrame()
 .text._Z12handleSbusInv
                0x10001328       0xd4 CMakeFiles/Frsky_Elrs_Relay.dir/src/sbus.cpp.obj
                0x10001328                handleSbusIn()
 .text._Z20sportPioRxHandlerIrqv
                0x100013fc       0x64 CMakeFiles/Frsky_Elrs_Relay.dir/src/sport.cpp.obj
                0x100013fc                sportPioRxHandlerIrq()
 .text._Z10setupSportv
                0x10001460      0x294 CMakeFiles/Frsky_Elrs_Relay.dir/src/sport.cpp.obj
                0x10001460                setupSport()
 .text._Z12sendOneSporth
                0x100016f4      0x30c CMakeFiles/Frsky_Elrs_Relay.dir/src/sport.cpp.obj
                0x100016f4                sendOneSport(unsigned char)
 .text._Z18sendNextSportFrameh.part.0
                0x10001a00       0x70 CMakeFiles/Frsky_Elrs_Relay.dir/src/sport.cpp.obj
 .text._Z15handleSportRxTxv
                0x10001a70      0x104 CMakeFiles/Frsky_Elrs_Relay.dir/src/sport.cpp.obj
                0x10001a70                handleSportRxTx()
 .text._Z6millisv
                0x10001b74       0x20 CMakeFiles/Frsky_Elrs_Relay.dir/src/tools.cpp.obj
                0x10001b74                millis()
 .text._Z6microsv
                0x10001b94        0x8 CMakeFiles/Frsky_Elrs_Relay.dir/src/tools.cpp.obj
                0x10001b94                micros()
 .text._Z10swap_int32l
                0x10001b9c        0x4 CMakeFiles/Frsky_Elrs_Relay.dir/src/tools.cpp.obj
                0x10001b9c                swap_int32(long)
 .text.gpio_set_function
                0x10001ba0       0x30 CMakeFiles/Frsky_Elrs_Relay.dir/C_/Program_Files/Raspberry_Pi/Pico_SDK_v1.5.0/pico-sdk/src/rp2_common/hardware_gpio/gpio.c.obj
                0x10001ba0                gpio_set_function
 .text.gpio_set_pulls
                0x10001bd0       0x30 CMakeFiles/Frsky_Elrs_Relay.dir/C_/Program_Files/Raspberry_Pi/Pico_SDK_v1.5.0/pico-sdk/src/rp2_common/hardware_gpio/gpio.c.obj
                0x10001bd0                gpio_set_pulls
 .text.gpio_set_inover
                0x10001c00       0x24 CMakeFiles/Frsky_Elrs_Relay.dir/C_/Program_Files/Raspberry_Pi/Pico_SDK_v1.5.0/pico-sdk/src/rp2_common/hardware_gpio/gpio.c.obj
                0x10001c00                gpio_set_inover
 .text.gpio_set_outover
                0x10001c24       0x24 CMakeFiles/Frsky_Elrs_Relay.dir/C_/Program_Files/Raspberry_Pi/Pico_SDK_v1.5.0/pico-sdk/src/rp2_common/hardware_gpio/gpio.c.obj
                0x10001c24                gpio_set_outover
 .text.gpio_init
                0x10001c48       0x3c CMakeFiles/Frsky_Elrs_Relay.dir/C_/Program_Files/Raspberry_Pi/Pico_SDK_v1.5.0/pico-sdk/src/rp2_common/hardware_gpio/gpio.c.obj
                0x10001c48                gpio_init
 .text.running_on_fpga
                0x10001c84       0x10 CMakeFiles/Frsky_Elrs_Relay.dir/C_/Program_Files/Raspberry_Pi/Pico_SDK_v1.5.0/pico-sdk/src/rp2_common/pico_platform/platform.c.obj
                0x10001c84                running_on_fpga
 .text.hw_claim_lock
                0x10001c94       0x18 CMakeFiles/Frsky_Elrs_Relay.dir/C_/Program_Files/Raspberry_Pi/Pico_SDK_v1.5.0/pico-sdk/src/rp2_common/hardware_claim/claim.c.obj
                0x10001c94                hw_claim_lock
 .text.hw_claim_unlock
                0x10001cac       0x14 CMakeFiles/Frsky_Elrs_Relay.dir/C_/Program_Files/Raspberry_Pi/Pico_SDK_v1.5.0/pico-sdk/src/rp2_common/hardware_claim/claim.c.obj
                0x10001cac                hw_claim_unlock
 .text.hw_claim_or_assert
                0x10001cc0       0x44 CMakeFiles/Frsky_Elrs_Relay.dir/C_/Program_Files/Raspberry_Pi/Pico_SDK_v1.5.0/pico-sdk/src/rp2_common/hardware_claim/claim.c.obj
                0x10001cc0                hw_claim_or_assert
 .text.hw_claim_unused_from_range
                0x10001d04       0x9c CMakeFiles/Frsky_Elrs_Relay.dir/C_/Program_Files/Raspberry_Pi/Pico_SDK_v1.5.0/pico-sdk/src/rp2_common/hardware_claim/claim.c.obj
                0x10001d04                hw_claim_unused_from_range
 .text.spin_locks_reset
                0x10001da0       0x1c CMakeFiles/Frsky_Elrs_Relay.dir/C_/Program_Files/Raspberry_Pi/Pico_SDK_v1.5.0/pico-sdk/src/rp2_common/hardware_sync/sync.c.obj
                0x10001da0                spin_locks_reset
 .text.next_striped_spin_lock_num
                0x10001dbc       0x18 CMakeFiles/Frsky_Elrs_Relay.dir/C_/Program_Files/Raspberry_Pi/Pico_SDK_v1.5.0/pico-sdk/src/rp2_common/hardware_sync/sync.c.obj
                0x10001dbc                next_striped_spin_lock_num
 .text.spin_lock_claim_unused
                0x10001dd4       0x20 CMakeFiles/Frsky_Elrs_Relay.dir/C_/Program_Files/Raspberry_Pi/Pico_SDK_v1.5.0/pico-sdk/src/rp2_common/hardware_sync/sync.c.obj
                0x10001dd4                spin_lock_claim_unused
 .text.irq_set_enabled
                0x10001df4       0x24 CMakeFiles/Frsky_Elrs_Relay.dir/C_/Program_Files/Raspberry_Pi/Pico_SDK_v1.5.0/pico-sdk/src/rp2_common/hardware_irq/irq.c.obj
                0x10001df4                irq_set_enabled
 .text.irq_set_pending
                0x10001e18       0x10 CMakeFiles/Frsky_Elrs_Relay.dir/C_/Program_Files/Raspberry_Pi/Pico_SDK_v1.5.0/pico-sdk/src/rp2_common/hardware_irq/irq.c.obj
                0x10001e18                irq_set_pending
 .text.irq_has_shared_handler
                0x10001e28       0x2c CMakeFiles/Frsky_Elrs_Relay.dir/C_/Program_Files/Raspberry_Pi/Pico_SDK_v1.5.0/pico-sdk/src/rp2_common/hardware_irq/irq.c.obj
                0x10001e28                irq_has_shared_handler
 .text.irq_get_vtable_handler
                0x10001e54       0x10 CMakeFiles/Frsky_Elrs_Relay.dir/C_/Program_Files/Raspberry_Pi/Pico_SDK_v1.5.0/pico-sdk/src/rp2_common/hardware_irq/irq.c.obj
                0x10001e54                irq_get_vtable_handler
 .text.irq_set_exclusive_handler
                0x10001e64       0x54 CMakeFiles/Frsky_Elrs_Relay.dir/C_/Program_Files/Raspberry_Pi/Pico_SDK_v1.5.0/pico-sdk/src/rp2_common/hardware_irq/irq.c.obj
                0x10001e64                irq_set_exclusive_handler
 .text.irq_add_shared_handler
                0x10001eb8      0x1e8 CMakeFiles/Frsky_Elrs_Relay.dir/C_/Program_Files/Raspberry_Pi/Pico_SDK_v1.5.0/pico-sdk/src/rp2_common/hardware_irq/irq.c.obj
                0x10001eb8                irq_add_shared_handler
 .text.irq_remove_handler
                0x100020a0      0x1b0 CMakeFiles/Frsky_Elrs_Relay.dir/C_/Program_Files/Raspberry_Pi/Pico_SDK_v1.5.0/pico-sdk/src/rp2_common/hardware_irq/irq.c.obj
                0x100020a0                irq_remove_handler
 .text.irq_add_tail_to_free_list
                0x10002250       0xb4 CMakeFiles/Frsky_Elrs_Relay.dir/C_/Program_Files/Raspberry_Pi/Pico_SDK_v1.5.0/pico-sdk/src/rp2_common/hardware_irq/irq.c.obj
                0x10002250                irq_add_tail_to_free_list
 .text.irq_init_priorities
                0x10002304       0x24 CMakeFiles/Frsky_Elrs_Relay.dir/C_/Program_Files/Raspberry_Pi/Pico_SDK_v1.5.0/pico-sdk/src/rp2_common/hardware_irq/irq.c.obj
                0x10002304                irq_init_priorities
 .text.user_irq_claim_unused
                0x10002328       0x28 CMakeFiles/Frsky_Elrs_Relay.dir/C_/Program_Files/Raspberry_Pi/Pico_SDK_v1.5.0/pico-sdk/src/rp2_common/hardware_irq/irq.c.obj
                0x10002328                user_irq_claim_unused
 .text.lock_init
                0x10002350       0x10 CMakeFiles/Frsky_Elrs_Relay.dir/C_/Program_Files/Raspberry_Pi/Pico_SDK_v1.5.0/pico-sdk/src/common/pico_sync/lock_core.c.obj
                0x10002350                lock_init
 .text.mutex_init
                0x10002360       0x1c CMakeFiles/Frsky_Elrs_Relay.dir/C_/Program_Files/Raspberry_Pi/Pico_SDK_v1.5.0/pico-sdk/src/common/pico_sync/mutex.c.obj
                0x10002360                mutex_init
 .text.recursive_mutex_init
                0x1000237c       0x1c CMakeFiles/Frsky_Elrs_Relay.dir/C_/Program_Files/Raspberry_Pi/Pico_SDK_v1.5.0/pico-sdk/src/common/pico_sync/mutex.c.obj
                0x1000237c                recursive_mutex_init
 .text.critical_section_init
                0x10002398       0x20 CMakeFiles/Frsky_Elrs_Relay.dir/C_/Program_Files/Raspberry_Pi/Pico_SDK_v1.5.0/pico-sdk/src/common/pico_sync/critical_section.c.obj
                0x10002398                critical_section_init
 .text.critical_section_init_with_lock_num
                0x100023b8       0x14 CMakeFiles/Frsky_Elrs_Relay.dir/C_/Program_Files/Raspberry_Pi/Pico_SDK_v1.5.0/pico-sdk/src/common/pico_sync/critical_section.c.obj
                0x100023b8                critical_section_init_with_lock_num
 .text.timer_pool_entry_comparator
                0x100023cc       0x34 CMakeFiles/Frsky_Elrs_Relay.dir/C_/Program_Files/Raspberry_Pi/Pico_SDK_v1.5.0/pico-sdk/src/common/pico_time/time.c.obj
                0x100023cc                timer_pool_entry_comparator
 .text.sleep_until_callback
                0x10002400       0x30 CMakeFiles/Frsky_Elrs_Relay.dir/C_/Program_Files/Raspberry_Pi/Pico_SDK_v1.5.0/pico-sdk/src/common/pico_time/time.c.obj
 .text.add_alarm_under_lock.isra.0
                0x10002430      0x100 CMakeFiles/Frsky_Elrs_Relay.dir/C_/Program_Files/Raspberry_Pi/Pico_SDK_v1.5.0/pico-sdk/src/common/pico_time/time.c.obj
 .text.alarm_pool_alarm_callback
                0x10002530      0x1b8 CMakeFiles/Frsky_Elrs_Relay.dir/C_/Program_Files/Raspberry_Pi/Pico_SDK_v1.5.0/pico-sdk/src/common/pico_time/time.c.obj
 .text.alarm_pool_init_default
                0x100026e8       0x6c CMakeFiles/Frsky_Elrs_Relay.dir/C_/Program_Files/Raspberry_Pi/Pico_SDK_v1.5.0/pico-sdk/src/common/pico_time/time.c.obj
                0x100026e8                alarm_pool_init_default
 .text.alarm_pool_get_default
                0x10002754        0x8 CMakeFiles/Frsky_Elrs_Relay.dir/C_/Program_Files/Raspberry_Pi/Pico_SDK_v1.5.0/pico-sdk/src/common/pico_time/time.c.obj
                0x10002754                alarm_pool_get_default
 .text.alarm_pool_add_alarm_at
                0x1000275c      0x17c CMakeFiles/Frsky_Elrs_Relay.dir/C_/Program_Files/Raspberry_Pi/Pico_SDK_v1.5.0/pico-sdk/src/common/pico_time/time.c.obj
                0x1000275c                alarm_pool_add_alarm_at
 .text.alarm_pool_cancel_alarm
                0x100028d8       0x74 CMakeFiles/Frsky_Elrs_Relay.dir/C_/Program_Files/Raspberry_Pi/Pico_SDK_v1.5.0/pico-sdk/src/common/pico_time/time.c.obj
                0x100028d8                alarm_pool_cancel_alarm
 .text.alarm_pool_core_num
                0x1000294c        0x4 CMakeFiles/Frsky_Elrs_Relay.dir/C_/Program_Files/Raspberry_Pi/Pico_SDK_v1.5.0/pico-sdk/src/common/pico_time/time.c.obj
                0x1000294c                alarm_pool_core_num
 .text.sleep_until
                0x10002950       0xc4 CMakeFiles/Frsky_Elrs_Relay.dir/C_/Program_Files/Raspberry_Pi/Pico_SDK_v1.5.0/pico-sdk/src/common/pico_time/time.c.obj
                0x10002950                sleep_until
 .text.sleep_us
                0x10002a14       0x24 CMakeFiles/Frsky_Elrs_Relay.dir/C_/Program_Files/Raspberry_Pi/Pico_SDK_v1.5.0/pico-sdk/src/common/pico_time/time.c.obj
                0x10002a14                sleep_us
 .text.sleep_ms
                0x10002a38       0x34 CMakeFiles/Frsky_Elrs_Relay.dir/C_/Program_Files/Raspberry_Pi/Pico_SDK_v1.5.0/pico-sdk/src/common/pico_time/time.c.obj
                0x10002a38                sleep_ms
 .text.best_effort_wfe_or_timeout
                0x10002a6c       0x78 CMakeFiles/Frsky_Elrs_Relay.dir/C_/Program_Files/Raspberry_Pi/Pico_SDK_v1.5.0/pico-sdk/src/common/pico_time/time.c.obj
                0x10002a6c                best_effort_wfe_or_timeout
 .text.hardware_alarm_irq_handler
                0x10002ae4       0xbc CMakeFiles/Frsky_Elrs_Relay.dir/C_/Program_Files/Raspberry_Pi/Pico_SDK_v1.5.0/pico-sdk/src/rp2_common/hardware_timer/timer.c.obj
 .text.hardware_alarm_claim
                0x10002ba0       0x18 CMakeFiles/Frsky_Elrs_Relay.dir/C_/Program_Files/Raspberry_Pi/Pico_SDK_v1.5.0/pico-sdk/src/rp2_common/hardware_timer/timer.c.obj
                0x10002ba0                hardware_alarm_claim
 .text.time_us_64
                0x10002bb8       0x14 CMakeFiles/Frsky_Elrs_Relay.dir/C_/Program_Files/Raspberry_Pi/Pico_SDK_v1.5.0/pico-sdk/src/rp2_common/hardware_timer/timer.c.obj
                0x10002bb8                time_us_64
 .text.busy_wait_until
                0x10002bcc       0x20 CMakeFiles/Frsky_Elrs_Relay.dir/C_/Program_Files/Raspberry_Pi/Pico_SDK_v1.5.0/pico-sdk/src/rp2_common/hardware_timer/timer.c.obj
                0x10002bcc                busy_wait_until
 .text.hardware_alarm_set_callback
                0x10002bec       0x8c CMakeFiles/Frsky_Elrs_Relay.dir/C_/Program_Files/Raspberry_Pi/Pico_SDK_v1.5.0/pico-sdk/src/rp2_common/hardware_timer/timer.c.obj
                0x10002bec                hardware_alarm_set_callback
 .text.hardware_alarm_set_target
                0x10002c78       0xe0 CMakeFiles/Frsky_Elrs_Relay.dir/C_/Program_Files/Raspberry_Pi/Pico_SDK_v1.5.0/pico-sdk/src/rp2_common/hardware_timer/timer.c.obj
                0x10002c78                hardware_alarm_set_target
 .text.hardware_alarm_cancel
                0x10002d58       0x3c CMakeFiles/Frsky_Elrs_Relay.dir/C_/Program_Files/Raspberry_Pi/Pico_SDK_v1.5.0/pico-sdk/src/rp2_common/hardware_timer/timer.c.obj
                0x10002d58                hardware_alarm_cancel
 .text.ph_merge_nodes
                0x10002d94       0x68 CMakeFiles/Frsky_Elrs_Relay.dir/C_/Program_Files/Raspberry_Pi/Pico_SDK_v1.5.0/pico-sdk/src/common/pico_util/pheap.c.obj
 .text.ph_post_alloc_init
                0x10002dfc       0x3c CMakeFiles/Frsky_Elrs_Relay.dir/C_/Program_Files/Raspberry_Pi/Pico_SDK_v1.5.0/pico-sdk/src/common/pico_util/pheap.c.obj
                0x10002dfc                ph_post_alloc_init
 .text.ph_merge_two_pass
                0x10002e38       0x90 CMakeFiles/Frsky_Elrs_Relay.dir/C_/Program_Files/Raspberry_Pi/Pico_SDK_v1.5.0/pico-sdk/src/common/pico_util/pheap.c.obj
                0x10002e38                ph_merge_two_pass
 .text.ph_remove_any_head
                0x10002ec8      0x100 CMakeFiles/Frsky_Elrs_Relay.dir/C_/Program_Files/Raspberry_Pi/Pico_SDK_v1.5.0/pico-sdk/src/common/pico_util/pheap.c.obj
 .text.ph_remove_head
                0x10002fc8      0x104 CMakeFiles/Frsky_Elrs_Relay.dir/C_/Program_Files/Raspberry_Pi/Pico_SDK_v1.5.0/pico-sdk/src/common/pico_util/pheap.c.obj
                0x10002fc8                ph_remove_head
 .text.ph_remove_and_free_node
                0x100030cc       0x7c CMakeFiles/Frsky_Elrs_Relay.dir/C_/Program_Files/Raspberry_Pi/Pico_SDK_v1.5.0/pico-sdk/src/common/pico_util/pheap.c.obj
                0x100030cc                ph_remove_and_free_node
 .text.queue_init_with_spinlock
                0x10003148       0x24 CMakeFiles/Frsky_Elrs_Relay.dir/C_/Program_Files/Raspberry_Pi/Pico_SDK_v1.5.0/pico-sdk/src/common/pico_util/queue.c.obj
                0x10003148                queue_init_with_spinlock
 .text.queue_try_add
                0x1000316c       0x70 CMakeFiles/Frsky_Elrs_Relay.dir/C_/Program_Files/Raspberry_Pi/Pico_SDK_v1.5.0/pico-sdk/src/common/pico_util/queue.c.obj
                0x1000316c                queue_try_add
 .text.queue_try_remove
                0x100031dc       0x70 CMakeFiles/Frsky_Elrs_Relay.dir/C_/Program_Files/Raspberry_Pi/Pico_SDK_v1.5.0/pico-sdk/src/common/pico_util/queue.c.obj
                0x100031dc                queue_try_remove
 .text.uart_init
                0x1000324c       0xe0 CMakeFiles/Frsky_Elrs_Relay.dir/C_/Program_Files/Raspberry_Pi/Pico_SDK_v1.5.0/pico-sdk/src/rp2_common/hardware_uart/uart.c.obj
                0x1000324c                uart_init
 .text.clocks_init
                0x1000332c      0x2bc CMakeFiles/Frsky_Elrs_Relay.dir/C_/Program_Files/Raspberry_Pi/Pico_SDK_v1.5.0/pico-sdk/src/rp2_common/hardware_clocks/clocks.c.obj
                0x1000332c                clocks_init
 .text.clock_get_hz
                0x100035e8        0xc CMakeFiles/Frsky_Elrs_Relay.dir/C_/Program_Files/Raspberry_Pi/Pico_SDK_v1.5.0/pico-sdk/src/rp2_common/hardware_clocks/clocks.c.obj
                0x100035e8                clock_get_hz
 .text.pll_init
                0x100035f4       0xb0 CMakeFiles/Frsky_Elrs_Relay.dir/C_/Program_Files/Raspberry_Pi/Pico_SDK_v1.5.0/pico-sdk/src/rp2_common/hardware_pll/pll.c.obj
                0x100035f4                pll_init
 .text.watchdog_start_tick
                0x100036a4       0x10 CMakeFiles/Frsky_Elrs_Relay.dir/C_/Program_Files/Raspberry_Pi/Pico_SDK_v1.5.0/pico-sdk/src/rp2_common/hardware_watchdog/watchdog.c.obj
                0x100036a4                watchdog_start_tick
 .text.watchdog_update
                0x100036b4       0x14 CMakeFiles/Frsky_Elrs_Relay.dir/C_/Program_Files/Raspberry_Pi/Pico_SDK_v1.5.0/pico-sdk/src/rp2_common/hardware_watchdog/watchdog.c.obj
                0x100036b4                watchdog_update
 .text.watchdog_enable
                0x100036c8       0x84 CMakeFiles/Frsky_Elrs_Relay.dir/C_/Program_Files/Raspberry_Pi/Pico_SDK_v1.5.0/pico-sdk/src/rp2_common/hardware_watchdog/watchdog.c.obj
                0x100036c8                watchdog_enable
 .text.watchdog_reboot
                0x1000374c       0x98 CMakeFiles/Frsky_Elrs_Relay.dir/C_/Program_Files/Raspberry_Pi/Pico_SDK_v1.5.0/pico-sdk/src/rp2_common/hardware_watchdog/watchdog.c.obj
                0x1000374c                watchdog_reboot
 .text.xosc_init
                0x100037e4       0x28 CMakeFiles/Frsky_Elrs_Relay.dir/C_/Program_Files/Raspberry_Pi/Pico_SDK_v1.5.0/pico-sdk/src/rp2_common/hardware_xosc/xosc.c.obj
                0x100037e4                xosc_init
 .text.runtime_init
                0x1000380c       0xf0 CMakeFiles/Frsky_Elrs_Relay.dir/C_/Program_Files/Raspberry_Pi/Pico_SDK_v1.5.0/pico-sdk/src/rp2_common/pico_runtime/runtime.c.obj
                0x1000380c                runtime_init
 .text._exit    0x100038fc        0x4 CMakeFiles/Frsky_Elrs_Relay.dir/C_/Program_Files/Raspberry_Pi/Pico_SDK_v1.5.0/pico-sdk/src/rp2_common/pico_runtime/runtime.c.obj
                0x100038fc                _exit
 .text._sbrk    0x10003900       0x34 CMakeFiles/Frsky_Elrs_Relay.dir/C_/Program_Files/Raspberry_Pi/Pico_SDK_v1.5.0/pico-sdk/src/rp2_common/pico_runtime/runtime.c.obj
                0x10003900                _sbrk
 .text.exit     0x10003934        0x8 CMakeFiles/Frsky_Elrs_Relay.dir/C_/Program_Files/Raspberry_Pi/Pico_SDK_v1.5.0/pico-sdk/src/rp2_common/pico_runtime/runtime.c.obj
                0x10003934                exit
 .text.panic    0x1000393c       0x30 CMakeFiles/Frsky_Elrs_Relay.dir/C_/Program_Files/Raspberry_Pi/Pico_SDK_v1.5.0/pico-sdk/src/rp2_common/pico_runtime/runtime.c.obj
                0x1000393c                panic
 .text.hard_assertion_failure
                0x1000396c        0xc CMakeFiles/Frsky_Elrs_Relay.dir/C_/Program_Files/Raspberry_Pi/Pico_SDK_v1.5.0/pico-sdk/src/rp2_common/pico_runtime/runtime.c.obj
                0x1000396c                hard_assertion_failure
 .text._out_null
                0x10003978        0x4 CMakeFiles/Frsky_Elrs_Relay.dir/C_/Program_Files/Raspberry_Pi/Pico_SDK_v1.5.0/pico-sdk/src/rp2_common/pico_printf/printf.c.obj
 .text._out_rev
                0x1000397c       0x9c CMakeFiles/Frsky_Elrs_Relay.dir/C_/Program_Files/Raspberry_Pi/Pico_SDK_v1.5.0/pico-sdk/src/rp2_common/pico_printf/printf.c.obj
 .text._ntoa_format
                0x10003a18      0x1cc CMakeFiles/Frsky_Elrs_Relay.dir/C_/Program_Files/Raspberry_Pi/Pico_SDK_v1.5.0/pico-sdk/src/rp2_common/pico_printf/printf.c.obj
 .text._out_char
                0x10003be4       0x10 CMakeFiles/Frsky_Elrs_Relay.dir/C_/Program_Files/Raspberry_Pi/Pico_SDK_v1.5.0/pico-sdk/src/rp2_common/pico_printf/printf.c.obj
 .text._out_fct
                0x10003bf4       0x10 CMakeFiles/Frsky_Elrs_Relay.dir/C_/Program_Files/Raspberry_Pi/Pico_SDK_v1.5.0/pico-sdk/src/rp2_common/pico_printf/printf.c.obj
 .text._etoa    0x10003c04      0x44c CMakeFiles/Frsky_Elrs_Relay.dir/C_/Program_Files/Raspberry_Pi/Pico_SDK_v1.5.0/pico-sdk/src/rp2_common/pico_printf/printf.c.obj
 .text._ftoa    0x10004050      0x398 CMakeFiles/Frsky_Elrs_Relay.dir/C_/Program_Files/Raspberry_Pi/Pico_SDK_v1.5.0/pico-sdk/src/rp2_common/pico_printf/printf.c.obj
 .text._vsnprintf
                0x100043e8      0xb04 CMakeFiles/Frsky_Elrs_Relay.dir/C_/Program_Files/Raspberry_Pi/Pico_SDK_v1.5.0/pico-sdk/src/rp2_common/pico_printf/printf.c.obj
 .text.vfctprintf
                0x10004eec       0x20 CMakeFiles/Frsky_Elrs_Relay.dir/C_/Program_Files/Raspberry_Pi/Pico_SDK_v1.5.0/pico-sdk/src/rp2_common/pico_printf/printf.c.obj
                0x10004eec                vfctprintf
 .text.weak_raw_vprintf
                0x10004f0c       0x30 CMakeFiles/Frsky_Elrs_Relay.dir/C_/Program_Files/Raspberry_Pi/Pico_SDK_v1.5.0/pico-sdk/src/rp2_common/pico_printf/printf.c.obj
                0x10004f0c                weak_raw_vprintf
 .text          0x10004f3c       0x10 CMakeFiles/Frsky_Elrs_Relay.dir/C_/Program_Files/Raspberry_Pi/Pico_SDK_v1.5.0/pico-sdk/src/rp2_common/pico_bit_ops/bit_ops_aeabi.S.obj
 .text.ctzsi    0x10004f4c        0xc CMakeFiles/Frsky_Elrs_Relay.dir/C_/Program_Files/Raspberry_Pi/Pico_SDK_v1.5.0/pico-sdk/src/rp2_common/pico_bit_ops/bit_ops_aeabi.S.obj
                0x10004f4c                __wrap___ctzsi2
 .text.rom_func_lookup
                0x10004f58       0x10 CMakeFiles/Frsky_Elrs_Relay.dir/C_/Program_Files/Raspberry_Pi/Pico_SDK_v1.5.0/pico-sdk/src/rp2_common/pico_bootrom/bootrom.c.obj
                0x10004f58                rom_func_lookup
 .text.rom_data_lookup
                0x10004f68       0x10 CMakeFiles/Frsky_Elrs_Relay.dir/C_/Program_Files/Raspberry_Pi/Pico_SDK_v1.5.0/pico-sdk/src/rp2_common/pico_bootrom/bootrom.c.obj
                0x10004f68                rom_data_lookup
 .text.rom_funcs_lookup
                0x10004f78       0x44 CMakeFiles/Frsky_Elrs_Relay.dir/C_/Program_Files/Raspberry_Pi/Pico_SDK_v1.5.0/pico-sdk/src/rp2_common/pico_bootrom/bootrom.c.obj
                0x10004f78                rom_funcs_lookup
 .text.__wrap___aeabi_idiv
                0x10004fbc       0x50 CMakeFiles/Frsky_Elrs_Relay.dir/C_/Program_Files/Raspberry_Pi/Pico_SDK_v1.5.0/pico-sdk/src/rp2_common/pico_divider/divider.S.obj
                0x10004fbc                __wrap___aeabi_idivmod
                0x10004fbc                divmod_s32s32
                0x10004fbc                div_s32s32
                0x10004fbc                __wrap___aeabi_idiv
                0x10004fc4                divmod_s32s32_unsafe
                0x10004ff0                divmod_s32s32_savestate
 .text.__wrap___aeabi_uidiv
                0x1000500c       0x4c CMakeFiles/Frsky_Elrs_Relay.dir/C_/Program_Files/Raspberry_Pi/Pico_SDK_v1.5.0/pico-sdk/src/rp2_common/pico_divider/divider.S.obj
                0x1000500c                __wrap___aeabi_uidiv
                0x1000500c                __wrap___aeabi_uidivmod
                0x1000500c                div_u32u32
                0x1000500c                divmod_u32u32
                0x10005014                divmod_u32u32_unsafe
                0x1000503c                divmod_u32u32_savestate
 .text.__wrap___aeabi_ldiv
                0x10005058      0x424 CMakeFiles/Frsky_Elrs_Relay.dir/C_/Program_Files/Raspberry_Pi/Pico_SDK_v1.5.0/pico-sdk/src/rp2_common/pico_divider/divider.S.obj
                0x10005058                div_s64s64
                0x10005058                divmod_s64s64
                0x10005058                __wrap___aeabi_ldivmod
                0x10005088                divmod_u64u64
                0x10005088                div_u64u64
                0x10005088                __wrap___aeabi_uldivmod
                0x10005098                divmod_u64u64_savestate
                0x100050b8                divmod_s64s64_unsafe
                0x10005140                divmod_u64u64_unsafe
 .text.__wrap___aeabi_darithmetic
                0x1000547c       0x80 CMakeFiles/Frsky_Elrs_Relay.dir/C_/Program_Files/Raspberry_Pi/Pico_SDK_v1.5.0/pico-sdk/src/rp2_common/pico_double/double_aeabi.S.obj
                0x1000547c                __wrap___aeabi_drsub
                0x10005482                __wrap___aeabi_dsub
                0x10005494                __wrap___aeabi_dadd
                0x100054a6                __wrap___aeabi_ddiv
                0x100054e2                __wrap___aeabi_dmul
 .text.__wrap___aeabi_cdcmple
                0x100054fc       0x6c CMakeFiles/Frsky_Elrs_Relay.dir/C_/Program_Files/Raspberry_Pi/Pico_SDK_v1.5.0/pico-sdk/src/rp2_common/pico_double/double_aeabi.S.obj
                0x100054fc                __wrap___aeabi_cdrcmple
                0x1000550c                __wrap___aeabi_cdcmpeq
                0x1000550c                __wrap___aeabi_cdcmple
 .text.__wrap___aeabi_dcmplt
                0x10005568        0xc CMakeFiles/Frsky_Elrs_Relay.dir/C_/Program_Files/Raspberry_Pi/Pico_SDK_v1.5.0/pico-sdk/src/rp2_common/pico_double/double_aeabi.S.obj
                0x10005568                __wrap___aeabi_dcmplt
 .text.__wrap___aeabi_dcmple
                0x10005574       0x10 CMakeFiles/Frsky_Elrs_Relay.dir/C_/Program_Files/Raspberry_Pi/Pico_SDK_v1.5.0/pico-sdk/src/rp2_common/pico_double/double_aeabi.S.obj
                0x10005574                __wrap___aeabi_dcmple
 .text.__wrap___aeabi_dcmpge
                0x10005584       0x10 CMakeFiles/Frsky_Elrs_Relay.dir/C_/Program_Files/Raspberry_Pi/Pico_SDK_v1.5.0/pico-sdk/src/rp2_common/pico_double/double_aeabi.S.obj
                0x10005584                __wrap___aeabi_dcmpge
 .text.__wrap___aeabi_dcmpgt
                0x10005594        0xa CMakeFiles/Frsky_Elrs_Relay.dir/C_/Program_Files/Raspberry_Pi/Pico_SDK_v1.5.0/pico-sdk/src/rp2_common/pico_double/double_aeabi.S.obj
                0x10005594                __wrap___aeabi_dcmpgt
 .text.__wrap___aeabi_dcmpun
                0x1000559e       0x1c CMakeFiles/Frsky_Elrs_Relay.dir/C_/Program_Files/Raspberry_Pi/Pico_SDK_v1.5.0/pico-sdk/src/rp2_common/pico_double/double_aeabi.S.obj
                0x1000559e                __wrap___aeabi_dcmpun
 *fill*         0x100055ba        0x2 
 .text.__wrap___aeabi_i2d
                0x100055bc       0x38 CMakeFiles/Frsky_Elrs_Relay.dir/C_/Program_Files/Raspberry_Pi/Pico_SDK_v1.5.0/pico-sdk/src/rp2_common/pico_double/double_aeabi.S.obj
                0x100055bc                __wrap___aeabi_ui2d
                0x100055c4                __wrap___aeabi_i2d
 .text.__wrap___aeabi_d2iz
                0x100055f4       0x48 CMakeFiles/Frsky_Elrs_Relay.dir/C_/Program_Files/Raspberry_Pi/Pico_SDK_v1.5.0/pico-sdk/src/rp2_common/pico_double/double_aeabi.S.obj
                0x100055f4                double2int_z
                0x100055f4                __wrap___aeabi_d2iz
 .text.__wrap___aeabi_d2uiz
                0x1000563c       0x18 CMakeFiles/Frsky_Elrs_Relay.dir/C_/Program_Files/Raspberry_Pi/Pico_SDK_v1.5.0/pico-sdk/src/rp2_common/pico_double/double_aeabi.S.obj
                0x1000563c                __wrap___aeabi_d2uiz
                0x1000563c                double2uint
 .text.__aeabi_double_init
                0x10005654       0x94 CMakeFiles/Frsky_Elrs_Relay.dir/C_/Program_Files/Raspberry_Pi/Pico_SDK_v1.5.0/pico-sdk/src/rp2_common/pico_double/double_init_rom.c.obj
                0x10005654                __aeabi_double_init
 .text.double_table_shim_on_use_helper
                0x100056e8       0x2c CMakeFiles/Frsky_Elrs_Relay.dir/C_/Program_Files/Raspberry_Pi/Pico_SDK_v1.5.0/pico-sdk/src/rp2_common/pico_double/double_v1_rom_shim.S.obj
                0x100056e8                double_table_shim_on_use_helper
 .text.__wrap___aeabi_dsub
                0x10005714       0x10 CMakeFiles/Frsky_Elrs_Relay.dir/C_/Program_Files/Raspberry_Pi/Pico_SDK_v1.5.0/pico-sdk/src/rp2_common/pico_double/double_v1_rom_shim.S.obj
                0x10005714                drsub_shim
                0x1000571a                dsub_shim
 .text.dadd_shim
                0x10005724      0x15c CMakeFiles/Frsky_Elrs_Relay.dir/C_/Program_Files/Raspberry_Pi/Pico_SDK_v1.5.0/pico-sdk/src/rp2_common/pico_double/double_v1_rom_shim.S.obj
                0x10005724                dadd_shim
 .text.dmul_shim
                0x10005880      0x15c CMakeFiles/Frsky_Elrs_Relay.dir/C_/Program_Files/Raspberry_Pi/Pico_SDK_v1.5.0/pico-sdk/src/rp2_common/pico_double/double_v1_rom_shim.S.obj
                0x10005880                dmul_shim
 .text.ddiv_shim
                0x100059dc      0x1b0 CMakeFiles/Frsky_Elrs_Relay.dir/C_/Program_Files/Raspberry_Pi/Pico_SDK_v1.5.0/pico-sdk/src/rp2_common/pico_double/double_v1_rom_shim.S.obj
                0x100059dc                ddiv_shim
 .text.double2uint_shim
                0x10005b8c        0xe CMakeFiles/Frsky_Elrs_Relay.dir/C_/Program_Files/Raspberry_Pi/Pico_SDK_v1.5.0/pico-sdk/src/rp2_common/pico_double/double_v1_rom_shim.S.obj
                0x10005b8c                double2uint_shim
                0x10005b8e                double2ufix_shim
 *fill*         0x10005b9a        0x2 
 .text.double2uint64_shim
                0x10005b9c       0x70 CMakeFiles/Frsky_Elrs_Relay.dir/C_/Program_Files/Raspberry_Pi/Pico_SDK_v1.5.0/pico-sdk/src/rp2_common/pico_double/double_v1_rom_shim.S.obj
                0x10005b9c                double2uint64_shim
                0x10005b9e                double2ufix64_shim
                0x10005bbe                d2fix_a
 .text.dunpacks
                0x10005c0c       0x3c CMakeFiles/Frsky_Elrs_Relay.dir/C_/Program_Files/Raspberry_Pi/Pico_SDK_v1.5.0/pico-sdk/src/rp2_common/pico_double/double_v1_rom_shim.S.obj
                0x10005c0c                dunpacks
 .text.__aeabi_lmul
                0x10005c48       0x32 CMakeFiles/Frsky_Elrs_Relay.dir/C_/Program_Files/Raspberry_Pi/Pico_SDK_v1.5.0/pico-sdk/src/rp2_common/pico_int64_ops/pico_int64_ops_aeabi.S.obj
                0x10005c48                __wrap___aeabi_lmul
 *fill*         0x10005c7a        0x2 
 .text.__wrap___aeabi_farithmetic
                0x10005c7c       0x48 CMakeFiles/Frsky_Elrs_Relay.dir/C_/Program_Files/Raspberry_Pi/Pico_SDK_v1.5.0/pico-sdk/src/rp2_common/pico_float/float_aeabi.S.obj
                0x10005c7c                __wrap___aeabi_frsub
                0x10005c82                __wrap___aeabi_fsub
                0x10005c88                __wrap___aeabi_fadd
                0x10005c8e                __wrap___aeabi_fdiv
                0x10005cb6                __wrap___aeabi_fmul
 .text.__wrap___aeabi_ui2f
                0x10005cc4        0xa CMakeFiles/Frsky_Elrs_Relay.dir/C_/Program_Files/Raspberry_Pi/Pico_SDK_v1.5.0/pico-sdk/src/rp2_common/pico_float/float_aeabi.S.obj
                0x10005cc4                __wrap___aeabi_ui2f
 *fill*         0x10005cce        0x2 
 .text.__wrap___aeabi_i2f
                0x10005cd0       0x44 CMakeFiles/Frsky_Elrs_Relay.dir/C_/Program_Files/Raspberry_Pi/Pico_SDK_v1.5.0/pico-sdk/src/rp2_common/pico_float/float_aeabi.S.obj
                0x10005cd0                __wrap___aeabi_i2f
 .text.__wrap___aeabi_f2uiz
                0x10005d14        0xc CMakeFiles/Frsky_Elrs_Relay.dir/C_/Program_Files/Raspberry_Pi/Pico_SDK_v1.5.0/pico-sdk/src/rp2_common/pico_float/float_aeabi.S.obj
                0x10005d14                __wrap___aeabi_f2uiz
 .text.__wrap___aeabi_f2d
                0x10005d20       0x14 CMakeFiles/Frsky_Elrs_Relay.dir/C_/Program_Files/Raspberry_Pi/Pico_SDK_v1.5.0/pico-sdk/src/rp2_common/pico_float/float_aeabi.S.obj
                0x10005d20                __wrap___aeabi_f2d
 .text.__aeabi_float_init
                0x10005d34       0x64 CMakeFiles/Frsky_Elrs_Relay.dir/C_/Program_Files/Raspberry_Pi/Pico_SDK_v1.5.0/pico-sdk/src/rp2_common/pico_float/float_init_rom.c.obj
                0x10005d34                __aeabi_float_init
 .text.float_table_shim_on_use_helper
                0x10005d98       0x2c CMakeFiles/Frsky_Elrs_Relay.dir/C_/Program_Files/Raspberry_Pi/Pico_SDK_v1.5.0/pico-sdk/src/rp2_common/pico_float/float_v1_rom_shim.S.obj
                0x10005d98                float_table_shim_on_use_helper
 .text.float2double_shim
                0x10005dc4       0x30 CMakeFiles/Frsky_Elrs_Relay.dir/C_/Program_Files/Raspberry_Pi/Pico_SDK_v1.5.0/pico-sdk/src/rp2_common/pico_float/float_v1_rom_shim.S.obj
                0x10005dc4                float2double_shim
 .text.__wrap_calloc
                0x10005df4       0x40 CMakeFiles/Frsky_Elrs_Relay.dir/C_/Program_Files/Raspberry_Pi/Pico_SDK_v1.5.0/pico-sdk/src/rp2_common/pico_malloc/pico_malloc.c.obj
                0x10005df4                __wrap_calloc
 .text          0x10005e34       0x10 CMakeFiles/Frsky_Elrs_Relay.dir/C_/Program_Files/Raspberry_Pi/Pico_SDK_v1.5.0/pico-sdk/src/rp2_common/pico_mem_ops/mem_ops_aeabi.S.obj
                0x10005e34                __aeabi_mem_init
 .text.memset   0x10005e44        0xc CMakeFiles/Frsky_Elrs_Relay.dir/C_/Program_Files/Raspberry_Pi/Pico_SDK_v1.5.0/pico-sdk/src/rp2_common/pico_mem_ops/mem_ops_aeabi.S.obj
                0x10005e44                __wrap_memset
 .text.memcpy   0x10005e50        0xc CMakeFiles/Frsky_Elrs_Relay.dir/C_/Program_Files/Raspberry_Pi/Pico_SDK_v1.5.0/pico-sdk/src/rp2_common/pico_mem_ops/mem_ops_aeabi.S.obj
                0x10005e50                __wrap_memcpy
                0x10005e50                __wrap___aeabi_memcpy
 .text.stdio_out_chars_no_crlf
                0x10005e5c       0x10 CMakeFiles/Frsky_Elrs_Relay.dir/C_/Program_Files/Raspberry_Pi/Pico_SDK_v1.5.0/pico-sdk/src/rp2_common/pico_stdio/stdio.c.obj
 .text.stdio_out_chars_crlf
                0x10005e6c       0xb4 CMakeFiles/Frsky_Elrs_Relay.dir/C_/Program_Files/Raspberry_Pi/Pico_SDK_v1.5.0/pico-sdk/src/rp2_common/pico_stdio/stdio.c.obj
 .text.stdio_buffered_printer
                0x10005f20       0x64 CMakeFiles/Frsky_Elrs_Relay.dir/C_/Program_Files/Raspberry_Pi/Pico_SDK_v1.5.0/pico-sdk/src/rp2_common/pico_stdio/stdio.c.obj
 .text.stdio_put_string.isra.0
                0x10005f84       0xfc CMakeFiles/Frsky_Elrs_Relay.dir/C_/Program_Files/Raspberry_Pi/Pico_SDK_v1.5.0/pico-sdk/src/rp2_common/pico_stdio/stdio.c.obj
 .text.__wrap_putchar
                0x10006080       0x98 CMakeFiles/Frsky_Elrs_Relay.dir/C_/Program_Files/Raspberry_Pi/Pico_SDK_v1.5.0/pico-sdk/src/rp2_common/pico_stdio/stdio.c.obj
                0x10006080                __wrap_putchar
 .text.__wrap_puts
                0x10006118       0x3c CMakeFiles/Frsky_Elrs_Relay.dir/C_/Program_Files/Raspberry_Pi/Pico_SDK_v1.5.0/pico-sdk/src/rp2_common/pico_stdio/stdio.c.obj
                0x10006118                __wrap_puts
 .text.stdio_set_driver_enabled
                0x10006154       0x30 CMakeFiles/Frsky_Elrs_Relay.dir/C_/Program_Files/Raspberry_Pi/Pico_SDK_v1.5.0/pico-sdk/src/rp2_common/pico_stdio/stdio.c.obj
                0x10006154                stdio_set_driver_enabled
 .text.__wrap_vprintf
                0x10006184       0xd8 CMakeFiles/Frsky_Elrs_Relay.dir/C_/Program_Files/Raspberry_Pi/Pico_SDK_v1.5.0/pico-sdk/src/rp2_common/pico_stdio/stdio.c.obj
                0x10006184                __wrap_vprintf
 .text.__wrap_printf
                0x1000625c       0x18 CMakeFiles/Frsky_Elrs_Relay.dir/C_/Program_Files/Raspberry_Pi/Pico_SDK_v1.5.0/pico-sdk/src/rp2_common/pico_stdio/stdio.c.obj
                0x1000625c                __wrap_printf
 .text.stdio_init_all
                0x10006274        0x8 CMakeFiles/Frsky_Elrs_Relay.dir/C_/Program_Files/Raspberry_Pi/Pico_SDK_v1.5.0/pico-sdk/src/rp2_common/pico_stdio/stdio.c.obj
                0x10006274                stdio_init_all
 .text.resetd_init
                0x1000627c        0x4 CMakeFiles/Frsky_Elrs_Relay.dir/C_/Program_Files/Raspberry_Pi/Pico_SDK_v1.5.0/pico-sdk/src/rp2_common/pico_stdio_usb/reset_interface.c.obj
 .text.resetd_reset
                0x10006280        0xc CMakeFiles/Frsky_Elrs_Relay.dir/C_/Program_Files/Raspberry_Pi/Pico_SDK_v1.5.0/pico-sdk/src/rp2_common/pico_stdio_usb/reset_interface.c.obj
 .text.resetd_open
                0x1000628c       0x28 CMakeFiles/Frsky_Elrs_Relay.dir/C_/Program_Files/Raspberry_Pi/Pico_SDK_v1.5.0/pico-sdk/src/rp2_common/pico_stdio_usb/reset_interface.c.obj
 .text.resetd_xfer_cb
                0x100062b4        0x4 CMakeFiles/Frsky_Elrs_Relay.dir/C_/Program_Files/Raspberry_Pi/Pico_SDK_v1.5.0/pico-sdk/src/rp2_common/pico_stdio_usb/reset_interface.c.obj
 .text.resetd_control_xfer_cb
                0x100062b8       0x64 CMakeFiles/Frsky_Elrs_Relay.dir/C_/Program_Files/Raspberry_Pi/Pico_SDK_v1.5.0/pico-sdk/src/rp2_common/pico_stdio_usb/reset_interface.c.obj
 .text.usbd_app_driver_get_cb
                0x1000631c        0xc CMakeFiles/Frsky_Elrs_Relay.dir/C_/Program_Files/Raspberry_Pi/Pico_SDK_v1.5.0/pico-sdk/src/rp2_common/pico_stdio_usb/reset_interface.c.obj
                0x1000631c                usbd_app_driver_get_cb
 .text.tud_cdc_line_coding_cb
                0x10006328       0x34 CMakeFiles/Frsky_Elrs_Relay.dir/C_/Program_Files/Raspberry_Pi/Pico_SDK_v1.5.0/pico-sdk/src/rp2_common/pico_stdio_usb/reset_interface.c.obj
                0x10006328                tud_cdc_line_coding_cb
 .text.stdio_usb_set_chars_available_callback
                0x1000635c       0x14 CMakeFiles/Frsky_Elrs_Relay.dir/C_/Program_Files/Raspberry_Pi/Pico_SDK_v1.5.0/pico-sdk/src/rp2_common/pico_stdio_usb/stdio_usb.c.obj
                0x1000635c                stdio_usb_set_chars_available_callback
 .text.usb_irq  0x10006370       0x10 CMakeFiles/Frsky_Elrs_Relay.dir/C_/Program_Files/Raspberry_Pi/Pico_SDK_v1.5.0/pico-sdk/src/rp2_common/pico_stdio_usb/stdio_usb.c.obj
 .text.timer_task
                0x10006380       0x54 CMakeFiles/Frsky_Elrs_Relay.dir/C_/Program_Files/Raspberry_Pi/Pico_SDK_v1.5.0/pico-sdk/src/rp2_common/pico_stdio_usb/stdio_usb.c.obj
 .text.stdio_usb_in_chars
                0x100063d4       0x90 CMakeFiles/Frsky_Elrs_Relay.dir/C_/Program_Files/Raspberry_Pi/Pico_SDK_v1.5.0/pico-sdk/src/rp2_common/pico_stdio_usb/stdio_usb.c.obj
                0x100063d4                stdio_usb_in_chars
 .text.stdio_usb_out_chars
                0x10006464      0x100 CMakeFiles/Frsky_Elrs_Relay.dir/C_/Program_Files/Raspberry_Pi/Pico_SDK_v1.5.0/pico-sdk/src/rp2_common/pico_stdio_usb/stdio_usb.c.obj
 .text.low_priority_worker_irq
                0x10006564       0xa8 CMakeFiles/Frsky_Elrs_Relay.dir/C_/Program_Files/Raspberry_Pi/Pico_SDK_v1.5.0/pico-sdk/src/rp2_common/pico_stdio_usb/stdio_usb.c.obj
 .text.tud_cdc_rx_cb
                0x1000660c       0x20 CMakeFiles/Frsky_Elrs_Relay.dir/C_/Program_Files/Raspberry_Pi/Pico_SDK_v1.5.0/pico-sdk/src/rp2_common/pico_stdio_usb/stdio_usb.c.obj
                0x1000660c                tud_cdc_rx_cb
 .text.stdio_usb_init
                0x1000662c       0xdc CMakeFiles/Frsky_Elrs_Relay.dir/C_/Program_Files/Raspberry_Pi/Pico_SDK_v1.5.0/pico-sdk/src/rp2_common/pico_stdio_usb/stdio_usb.c.obj
                0x1000662c                stdio_usb_init
 .text.tud_descriptor_device_cb
                0x10006708        0x8 CMakeFiles/Frsky_Elrs_Relay.dir/C_/Program_Files/Raspberry_Pi/Pico_SDK_v1.5.0/pico-sdk/src/rp2_common/pico_stdio_usb/stdio_usb_descriptors.c.obj
                0x10006708                tud_descriptor_device_cb
 .text.tud_descriptor_configuration_cb
                0x10006710        0x8 CMakeFiles/Frsky_Elrs_Relay.dir/C_/Program_Files/Raspberry_Pi/Pico_SDK_v1.5.0/pico-sdk/src/rp2_common/pico_stdio_usb/stdio_usb_descriptors.c.obj
                0x10006710                tud_descriptor_configuration_cb
 .text.tud_descriptor_string_cb
                0x10006718       0x74 CMakeFiles/Frsky_Elrs_Relay.dir/C_/Program_Files/Raspberry_Pi/Pico_SDK_v1.5.0/pico-sdk/src/rp2_common/pico_stdio_usb/stdio_usb_descriptors.c.obj
                0x10006718                tud_descriptor_string_cb
 .text.startup._retrieve_unique_id_on_boot
                0x1000678c       0x10 CMakeFiles/Frsky_Elrs_Relay.dir/C_/Program_Files/Raspberry_Pi/Pico_SDK_v1.5.0/pico-sdk/src/rp2_common/pico_unique_id/unique_id.c.obj
 .text.pico_get_unique_board_id_string
                0x1000679c      0x1a8 CMakeFiles/Frsky_Elrs_Relay.dir/C_/Program_Files/Raspberry_Pi/Pico_SDK_v1.5.0/pico-sdk/src/rp2_common/pico_unique_id/unique_id.c.obj
                0x1000679c                pico_get_unique_board_id_string
 .text.flash_get_unique_id
                0x10006944       0x40 CMakeFiles/Frsky_Elrs_Relay.dir/C_/Program_Files/Raspberry_Pi/Pico_SDK_v1.5.0/pico-sdk/src/rp2_common/hardware_flash/flash.c.obj
                0x10006944                flash_get_unique_id
 .text.dcd_int_enable
                0x10006984        0xc CMakeFiles/Frsky_Elrs_Relay.dir/C_/Program_Files/Raspberry_Pi/Pico_SDK_v1.5.0/pico-sdk/lib/tinyusb/src/portable/raspberrypi/rp2040/dcd_rp2040.c.obj
                0x10006984                dcd_int_enable
 .text.dcd_set_address
                0x10006990       0x14 CMakeFiles/Frsky_Elrs_Relay.dir/C_/Program_Files/Raspberry_Pi/Pico_SDK_v1.5.0/pico-sdk/lib/tinyusb/src/portable/raspberrypi/rp2040/dcd_rp2040.c.obj
                0x10006990                dcd_set_address
 .text.dcd_connect
                0x100069a4       0x10 CMakeFiles/Frsky_Elrs_Relay.dir/C_/Program_Files/Raspberry_Pi/Pico_SDK_v1.5.0/pico-sdk/lib/tinyusb/src/portable/raspberrypi/rp2040/dcd_rp2040.c.obj
                0x100069a4                dcd_connect
 .text.dcd_init
                0x100069b4       0x98 CMakeFiles/Frsky_Elrs_Relay.dir/C_/Program_Files/Raspberry_Pi/Pico_SDK_v1.5.0/pico-sdk/lib/tinyusb/src/portable/raspberrypi/rp2040/dcd_rp2040.c.obj
                0x100069b4                dcd_init
 .text.dcd_edpt0_status_complete
                0x10006a4c       0x1c CMakeFiles/Frsky_Elrs_Relay.dir/C_/Program_Files/Raspberry_Pi/Pico_SDK_v1.5.0/pico-sdk/lib/tinyusb/src/portable/raspberrypi/rp2040/dcd_rp2040.c.obj
                0x10006a4c                dcd_edpt0_status_complete
 .text.dcd_edpt_open
                0x10006a68      0x108 CMakeFiles/Frsky_Elrs_Relay.dir/C_/Program_Files/Raspberry_Pi/Pico_SDK_v1.5.0/pico-sdk/lib/tinyusb/src/portable/raspberrypi/rp2040/dcd_rp2040.c.obj
                0x10006a68                dcd_edpt_open
 .text.dcd_edpt_close_all
                0x10006b70        0x8 CMakeFiles/Frsky_Elrs_Relay.dir/C_/Program_Files/Raspberry_Pi/Pico_SDK_v1.5.0/pico-sdk/lib/tinyusb/src/portable/raspberrypi/rp2040/dcd_rp2040.c.obj
                0x10006b70                dcd_edpt_close_all
 .text.dcd_edpt_xfer
                0x10006b78       0x24 CMakeFiles/Frsky_Elrs_Relay.dir/C_/Program_Files/Raspberry_Pi/Pico_SDK_v1.5.0/pico-sdk/lib/tinyusb/src/portable/raspberrypi/rp2040/dcd_rp2040.c.obj
                0x10006b78                dcd_edpt_xfer
 .text.dcd_edpt_stall
                0x10006b9c       0x38 CMakeFiles/Frsky_Elrs_Relay.dir/C_/Program_Files/Raspberry_Pi/Pico_SDK_v1.5.0/pico-sdk/lib/tinyusb/src/portable/raspberrypi/rp2040/dcd_rp2040.c.obj
                0x10006b9c                dcd_edpt_stall
 .text.dcd_edpt_clear_stall
                0x10006bd4       0x30 CMakeFiles/Frsky_Elrs_Relay.dir/C_/Program_Files/Raspberry_Pi/Pico_SDK_v1.5.0/pico-sdk/lib/tinyusb/src/portable/raspberrypi/rp2040/dcd_rp2040.c.obj
                0x10006bd4                dcd_edpt_clear_stall
 .text.rp2040_usb_init
                0x10006c04       0x4c CMakeFiles/Frsky_Elrs_Relay.dir/C_/Program_Files/Raspberry_Pi/Pico_SDK_v1.5.0/pico-sdk/lib/tinyusb/src/portable/raspberrypi/rp2040/rp2040_usb.c.obj
                0x10006c04                rp2040_usb_init
 .text.hw_endpoint_xfer_start
                0x10006c50       0x50 CMakeFiles/Frsky_Elrs_Relay.dir/C_/Program_Files/Raspberry_Pi/Pico_SDK_v1.5.0/pico-sdk/lib/tinyusb/src/portable/raspberrypi/rp2040/rp2040_usb.c.obj
                0x10006c50                hw_endpoint_xfer_start
 .text.tud_mounted
                0x10006ca0       0x10 CMakeFiles/Frsky_Elrs_Relay.dir/C_/Program_Files/Raspberry_Pi/Pico_SDK_v1.5.0/pico-sdk/lib/tinyusb/src/device/usbd.c.obj
                0x10006ca0                tud_mounted
 .text.tud_suspended
                0x10006cb0       0x10 CMakeFiles/Frsky_Elrs_Relay.dir/C_/Program_Files/Raspberry_Pi/Pico_SDK_v1.5.0/pico-sdk/lib/tinyusb/src/device/usbd.c.obj
                0x10006cb0                tud_suspended
 .text.tud_inited
                0x10006cc0       0x14 CMakeFiles/Frsky_Elrs_Relay.dir/C_/Program_Files/Raspberry_Pi/Pico_SDK_v1.5.0/pico-sdk/lib/tinyusb/src/device/usbd.c.obj
                0x10006cc0                tud_inited
 .text.tud_init
                0x10006cd4       0xe4 CMakeFiles/Frsky_Elrs_Relay.dir/C_/Program_Files/Raspberry_Pi/Pico_SDK_v1.5.0/pico-sdk/lib/tinyusb/src/device/usbd.c.obj
                0x10006cd4                tud_init
 .text.tud_task_ext
                0x10006db8      0x854 CMakeFiles/Frsky_Elrs_Relay.dir/C_/Program_Files/Raspberry_Pi/Pico_SDK_v1.5.0/pico-sdk/lib/tinyusb/src/device/usbd.c.obj
                0x10006db8                tud_task_ext
 .text.usbd_open_edpt_pair
                0x1000760c       0x9c CMakeFiles/Frsky_Elrs_Relay.dir/C_/Program_Files/Raspberry_Pi/Pico_SDK_v1.5.0/pico-sdk/lib/tinyusb/src/device/usbd.c.obj
                0x1000760c                usbd_open_edpt_pair
 .text.usbd_defer_func
                0x100076a8       0x48 CMakeFiles/Frsky_Elrs_Relay.dir/C_/Program_Files/Raspberry_Pi/Pico_SDK_v1.5.0/pico-sdk/lib/tinyusb/src/device/usbd.c.obj
                0x100076a8                usbd_defer_func
 .text.usbd_edpt_open
                0x100076f0       0x34 CMakeFiles/Frsky_Elrs_Relay.dir/C_/Program_Files/Raspberry_Pi/Pico_SDK_v1.5.0/pico-sdk/lib/tinyusb/src/device/usbd.c.obj
                0x100076f0                usbd_edpt_open
 .text.usbd_edpt_claim
                0x10007724       0x28 CMakeFiles/Frsky_Elrs_Relay.dir/C_/Program_Files/Raspberry_Pi/Pico_SDK_v1.5.0/pico-sdk/lib/tinyusb/src/device/usbd.c.obj
                0x10007724                usbd_edpt_claim
 .text.usbd_edpt_release
                0x1000774c       0x28 CMakeFiles/Frsky_Elrs_Relay.dir/C_/Program_Files/Raspberry_Pi/Pico_SDK_v1.5.0/pico-sdk/lib/tinyusb/src/device/usbd.c.obj
                0x1000774c                usbd_edpt_release
 .text.usbd_edpt_xfer
                0x10007774       0x4c CMakeFiles/Frsky_Elrs_Relay.dir/C_/Program_Files/Raspberry_Pi/Pico_SDK_v1.5.0/pico-sdk/lib/tinyusb/src/device/usbd.c.obj
                0x10007774                usbd_edpt_xfer
 .text.tud_control_status
                0x100077c0       0x30 CMakeFiles/Frsky_Elrs_Relay.dir/C_/Program_Files/Raspberry_Pi/Pico_SDK_v1.5.0/pico-sdk/lib/tinyusb/src/device/usbd_control.c.obj
                0x100077c0                tud_control_status
 .text.tud_control_xfer
                0x100077f0       0xbc CMakeFiles/Frsky_Elrs_Relay.dir/C_/Program_Files/Raspberry_Pi/Pico_SDK_v1.5.0/pico-sdk/lib/tinyusb/src/device/usbd_control.c.obj
                0x100077f0                tud_control_xfer
 .text.usbd_control_reset
                0x100078ac       0x14 CMakeFiles/Frsky_Elrs_Relay.dir/C_/Program_Files/Raspberry_Pi/Pico_SDK_v1.5.0/pico-sdk/lib/tinyusb/src/device/usbd_control.c.obj
                0x100078ac                usbd_control_reset
 .text.usbd_control_set_complete_callback
                0x100078c0        0xc CMakeFiles/Frsky_Elrs_Relay.dir/C_/Program_Files/Raspberry_Pi/Pico_SDK_v1.5.0/pico-sdk/lib/tinyusb/src/device/usbd_control.c.obj
                0x100078c0                usbd_control_set_complete_callback
 .text.usbd_control_set_request
                0x100078cc       0x1c CMakeFiles/Frsky_Elrs_Relay.dir/C_/Program_Files/Raspberry_Pi/Pico_SDK_v1.5.0/pico-sdk/lib/tinyusb/src/device/usbd_control.c.obj
                0x100078cc                usbd_control_set_request
 .text.usbd_control_xfer_cb
                0x100078e8       0xfc CMakeFiles/Frsky_Elrs_Relay.dir/C_/Program_Files/Raspberry_Pi/Pico_SDK_v1.5.0/pico-sdk/lib/tinyusb/src/device/usbd_control.c.obj
                0x100078e8                usbd_control_xfer_cb
 .text.tud_cdc_n_connected
                0x100079e4       0x30 CMakeFiles/Frsky_Elrs_Relay.dir/C_/Program_Files/Raspberry_Pi/Pico_SDK_v1.5.0/pico-sdk/lib/tinyusb/src/class/cdc/cdc_device.c.obj
                0x100079e4                tud_cdc_n_connected
 .text.tud_cdc_n_available
                0x10007a14       0x18 CMakeFiles/Frsky_Elrs_Relay.dir/C_/Program_Files/Raspberry_Pi/Pico_SDK_v1.5.0/pico-sdk/lib/tinyusb/src/class/cdc/cdc_device.c.obj
                0x10007a14                tud_cdc_n_available
 .text.tud_cdc_n_read
                0x10007a2c       0x70 CMakeFiles/Frsky_Elrs_Relay.dir/C_/Program_Files/Raspberry_Pi/Pico_SDK_v1.5.0/pico-sdk/lib/tinyusb/src/class/cdc/cdc_device.c.obj
                0x10007a2c                tud_cdc_n_read
 .text.tud_cdc_n_write_flush
                0x10007a9c       0x78 CMakeFiles/Frsky_Elrs_Relay.dir/C_/Program_Files/Raspberry_Pi/Pico_SDK_v1.5.0/pico-sdk/lib/tinyusb/src/class/cdc/cdc_device.c.obj
                0x10007a9c                tud_cdc_n_write_flush
 .text.tud_cdc_n_write
                0x10007b14       0x34 CMakeFiles/Frsky_Elrs_Relay.dir/C_/Program_Files/Raspberry_Pi/Pico_SDK_v1.5.0/pico-sdk/lib/tinyusb/src/class/cdc/cdc_device.c.obj
                0x10007b14                tud_cdc_n_write
 .text.tud_cdc_n_write_available
                0x10007b48       0x18 CMakeFiles/Frsky_Elrs_Relay.dir/C_/Program_Files/Raspberry_Pi/Pico_SDK_v1.5.0/pico-sdk/lib/tinyusb/src/class/cdc/cdc_device.c.obj
                0x10007b48                tud_cdc_n_write_available
 .text.cdcd_init
                0x10007b60       0x7c CMakeFiles/Frsky_Elrs_Relay.dir/C_/Program_Files/Raspberry_Pi/Pico_SDK_v1.5.0/pico-sdk/lib/tinyusb/src/class/cdc/cdc_device.c.obj
                0x10007b60                cdcd_init
 .text.cdcd_reset
                0x10007bdc       0x2c CMakeFiles/Frsky_Elrs_Relay.dir/C_/Program_Files/Raspberry_Pi/Pico_SDK_v1.5.0/pico-sdk/lib/tinyusb/src/class/cdc/cdc_device.c.obj
                0x10007bdc                cdcd_reset
 .text.cdcd_open
                0x10007c08       0xe8 CMakeFiles/Frsky_Elrs_Relay.dir/C_/Program_Files/Raspberry_Pi/Pico_SDK_v1.5.0/pico-sdk/lib/tinyusb/src/class/cdc/cdc_device.c.obj
                0x10007c08                cdcd_open
 .text.cdcd_control_xfer_cb
                0x10007cf0       0xe4 CMakeFiles/Frsky_Elrs_Relay.dir/C_/Program_Files/Raspberry_Pi/Pico_SDK_v1.5.0/pico-sdk/lib/tinyusb/src/class/cdc/cdc_device.c.obj
                0x10007cf0                cdcd_control_xfer_cb
 .text.cdcd_xfer_cb
                0x10007dd4      0x148 CMakeFiles/Frsky_Elrs_Relay.dir/C_/Program_Files/Raspberry_Pi/Pico_SDK_v1.5.0/pico-sdk/lib/tinyusb/src/class/cdc/cdc_device.c.obj
                0x10007dd4                cdcd_xfer_cb
 .text.tusb_init
                0x10007f1c        0xc CMakeFiles/Frsky_Elrs_Relay.dir/C_/Program_Files/Raspberry_Pi/Pico_SDK_v1.5.0/pico-sdk/lib/tinyusb/src/tusb.c.obj
                0x10007f1c                tusb_init
 .text.tusb_inited
                0x10007f28        0x8 CMakeFiles/Frsky_Elrs_Relay.dir/C_/Program_Files/Raspberry_Pi/Pico_SDK_v1.5.0/pico-sdk/lib/tinyusb/src/tusb.c.obj
                0x10007f28                tusb_inited
 .text.tu_edpt_claim
                0x10007f30       0x50 CMakeFiles/Frsky_Elrs_Relay.dir/C_/Program_Files/Raspberry_Pi/Pico_SDK_v1.5.0/pico-sdk/lib/tinyusb/src/tusb.c.obj
                0x10007f30                tu_edpt_claim
 .text.tu_edpt_release
                0x10007f80       0x38 CMakeFiles/Frsky_Elrs_Relay.dir/C_/Program_Files/Raspberry_Pi/Pico_SDK_v1.5.0/pico-sdk/lib/tinyusb/src/tusb.c.obj
                0x10007f80                tu_edpt_release
 .text.tu_edpt_validate
                0x10007fb8       0x78 CMakeFiles/Frsky_Elrs_Relay.dir/C_/Program_Files/Raspberry_Pi/Pico_SDK_v1.5.0/pico-sdk/lib/tinyusb/src/tusb.c.obj
                0x10007fb8                tu_edpt_validate
 .text.tu_edpt_bind_driver
                0x10008030       0x34 CMakeFiles/Frsky_Elrs_Relay.dir/C_/Program_Files/Raspberry_Pi/Pico_SDK_v1.5.0/pico-sdk/lib/tinyusb/src/tusb.c.obj
                0x10008030                tu_edpt_bind_driver
 .text.tu_fifo_config
                0x10008064       0x70 CMakeFiles/Frsky_Elrs_Relay.dir/C_/Program_Files/Raspberry_Pi/Pico_SDK_v1.5.0/pico-sdk/lib/tinyusb/src/common/tusb_fifo.c.obj
                0x10008064                tu_fifo_config
 .text.tu_fifo_count
                0x100080d4       0x2c CMakeFiles/Frsky_Elrs_Relay.dir/C_/Program_Files/Raspberry_Pi/Pico_SDK_v1.5.0/pico-sdk/lib/tinyusb/src/common/tusb_fifo.c.obj
                0x100080d4                tu_fifo_count
 .text.tu_fifo_empty
                0x10008100       0x10 CMakeFiles/Frsky_Elrs_Relay.dir/C_/Program_Files/Raspberry_Pi/Pico_SDK_v1.5.0/pico-sdk/lib/tinyusb/src/common/tusb_fifo.c.obj
                0x10008100                tu_fifo_empty
 .text.tu_fifo_remaining
                0x10008110       0x2c CMakeFiles/Frsky_Elrs_Relay.dir/C_/Program_Files/Raspberry_Pi/Pico_SDK_v1.5.0/pico-sdk/lib/tinyusb/src/common/tusb_fifo.c.obj
                0x10008110                tu_fifo_remaining
 .text.tu_fifo_read
                0x1000813c       0xa0 CMakeFiles/Frsky_Elrs_Relay.dir/C_/Program_Files/Raspberry_Pi/Pico_SDK_v1.5.0/pico-sdk/lib/tinyusb/src/common/tusb_fifo.c.obj
                0x1000813c                tu_fifo_read
 .text.tu_fifo_read_n
                0x100081dc       0xec CMakeFiles/Frsky_Elrs_Relay.dir/C_/Program_Files/Raspberry_Pi/Pico_SDK_v1.5.0/pico-sdk/lib/tinyusb/src/common/tusb_fifo.c.obj
                0x100081dc                tu_fifo_read_n
 .text.tu_fifo_write
                0x100082c8       0x88 CMakeFiles/Frsky_Elrs_Relay.dir/C_/Program_Files/Raspberry_Pi/Pico_SDK_v1.5.0/pico-sdk/lib/tinyusb/src/common/tusb_fifo.c.obj
                0x100082c8                tu_fifo_write
 .text.tu_fifo_write_n
                0x10008350      0x168 CMakeFiles/Frsky_Elrs_Relay.dir/C_/Program_Files/Raspberry_Pi/Pico_SDK_v1.5.0/pico-sdk/lib/tinyusb/src/common/tusb_fifo.c.obj
                0x10008350                tu_fifo_write_n
 .text.tu_fifo_clear
                0x100084b8       0x40 CMakeFiles/Frsky_Elrs_Relay.dir/C_/Program_Files/Raspberry_Pi/Pico_SDK_v1.5.0/pico-sdk/lib/tinyusb/src/common/tusb_fifo.c.obj
                0x100084b8                tu_fifo_clear
 .text.tu_fifo_set_overwritable
                0x100084f8       0x48 CMakeFiles/Frsky_Elrs_Relay.dir/C_/Program_Files/Raspberry_Pi/Pico_SDK_v1.5.0/pico-sdk/lib/tinyusb/src/common/tusb_fifo.c.obj
                0x100084f8                tu_fifo_set_overwritable
 .text.pio_add_program
                0x10008540       0xc8 CMakeFiles/Frsky_Elrs_Relay.dir/C_/Program_Files/Raspberry_Pi/Pico_SDK_v1.5.0/pico-sdk/src/rp2_common/hardware_pio/pio.c.obj
                0x10008540                pio_add_program
 .text.pio_sm_set_pins_with_mask
                0x10008608       0xa4 CMakeFiles/Frsky_Elrs_Relay.dir/C_/Program_Files/Raspberry_Pi/Pico_SDK_v1.5.0/pico-sdk/src/rp2_common/hardware_pio/pio.c.obj
                0x10008608                pio_sm_set_pins_with_mask
 .text.pio_sm_set_pindirs_with_mask
                0x100086ac       0xa4 CMakeFiles/Frsky_Elrs_Relay.dir/C_/Program_Files/Raspberry_Pi/Pico_SDK_v1.5.0/pico-sdk/src/rp2_common/hardware_pio/pio.c.obj
                0x100086ac                pio_sm_set_pindirs_with_mask
 .text.pio_sm_set_consecutive_pindirs
                0x10008750       0xb0 CMakeFiles/Frsky_Elrs_Relay.dir/C_/Program_Files/Raspberry_Pi/Pico_SDK_v1.5.0/pico-sdk/src/rp2_common/hardware_pio/pio.c.obj
                0x10008750                pio_sm_set_consecutive_pindirs
 .text.pio_sm_init
                0x10008800       0x8c CMakeFiles/Frsky_Elrs_Relay.dir/C_/Program_Files/Raspberry_Pi/Pico_SDK_v1.5.0/pico-sdk/src/rp2_common/hardware_pio/pio.c.obj
                0x10008800                pio_sm_init
 .text.dma_claim_unused_channel
                0x1000888c       0x20 CMakeFiles/Frsky_Elrs_Relay.dir/C_/Program_Files/Raspberry_Pi/Pico_SDK_v1.5.0/pico-sdk/src/rp2_common/hardware_dma/dma.c.obj
                0x1000888c                dma_claim_unused_channel
 .text.calloc   0x100088ac       0x18 c:/progra~1/raspbe~1/picosd~1.0/gcc-ar~1/bin/../lib/gcc/arm-none-eabi/10.3.1/../../../../arm-none-eabi/lib/thumb/v6-m/nofp\libc.a(lib_a-calloc.o)
                0x100088ac                calloc
 .text._calloc_r
                0x100088c4       0x9c c:/progra~1/raspbe~1/picosd~1.0/gcc-ar~1/bin/../lib/gcc/arm-none-eabi/10.3.1/../../../../arm-none-eabi/lib/thumb/v6-m/nofp\libc.a(lib_a-callocr.o)
                0x100088c4                _calloc_r
 .text.__errno  0x10008960        0xc c:/progra~1/raspbe~1/picosd~1.0/gcc-ar~1/bin/../lib/gcc/arm-none-eabi/10.3.1/../../../../arm-none-eabi/lib/thumb/v6-m/nofp\libc.a(lib_a-errno.o)
                0x10008960                __errno
 .text._malloc_r
                0x1000896c      0x584 c:/progra~1/raspbe~1/picosd~1.0/gcc-ar~1/bin/../lib/gcc/arm-none-eabi/10.3.1/../../../../arm-none-eabi/lib/thumb/v6-m/nofp\libc.a(lib_a-mallocr.o)
                0x1000896c                _malloc_r
 .text.__malloc_lock
                0x10008ef0       0x10 c:/progra~1/raspbe~1/picosd~1.0/gcc-ar~1/bin/../lib/gcc/arm-none-eabi/10.3.1/../../../../arm-none-eabi/lib/thumb/v6-m/nofp\libc.a(lib_a-mlock.o)
                0x10008ef0                __malloc_lock
 .text.__malloc_unlock
                0x10008f00       0x10 c:/progra~1/raspbe~1/picosd~1.0/gcc-ar~1/bin/../lib/gcc/arm-none-eabi/10.3.1/../../../../arm-none-eabi/lib/thumb/v6-m/nofp\libc.a(lib_a-mlock.o)
                0x10008f00                __malloc_unlock
 .text._sbrk_r  0x10008f10       0x24 c:/progra~1/raspbe~1/picosd~1.0/gcc-ar~1/bin/../lib/gcc/arm-none-eabi/10.3.1/../../../../arm-none-eabi/lib/thumb/v6-m/nofp\libc.a(lib_a-sbrkr.o)
                0x10008f10                _sbrk_r
 .text.strlen   0x10008f34       0x5c c:/progra~1/raspbe~1/picosd~1.0/gcc-ar~1/bin/../lib/gcc/arm-none-eabi/10.3.1/../../../../arm-none-eabi/lib/thumb/v6-m/nofp\libc.a(lib_a-strlen-stub.o)
                0x10008f34                strlen
 .text._malloc_trim_r
                0x10008f90       0x9c c:/progra~1/raspbe~1/picosd~1.0/gcc-ar~1/bin/../lib/gcc/arm-none-eabi/10.3.1/../../../../arm-none-eabi/lib/thumb/v6-m/nofp\libc.a(lib_a-freer.o)
                0x10008f90                _malloc_trim_r
 .text._free_r  0x1000902c      0x1c4 c:/progra~1/raspbe~1/picosd~1.0/gcc-ar~1/bin/../lib/gcc/arm-none-eabi/10.3.1/../../../../arm-none-eabi/lib/thumb/v6-m/nofp\libc.a(lib_a-freer.o)
                0x1000902c                _free_r
 .text.__retarget_lock_acquire_recursive
                0x100091f0        0x4 c:/progra~1/raspbe~1/picosd~1.0/gcc-ar~1/bin/../lib/gcc/arm-none-eabi/10.3.1/../../../../arm-none-eabi/lib/thumb/v6-m/nofp\libc.a(lib_a-lock.o)
                0x100091f0                __retarget_lock_acquire_recursive
 .text.__retarget_lock_release_recursive
                0x100091f4        0x4 c:/progra~1/raspbe~1/picosd~1.0/gcc-ar~1/bin/../lib/gcc/arm-none-eabi/10.3.1/../../../../arm-none-eabi/lib/thumb/v6-m/nofp\libc.a(lib_a-lock.o)
                0x100091f4                __retarget_lock_release_recursive
 *(.fini)
 .fini          0x100091f8        0x4 c:/progra~1/raspbe~1/picosd~1.0/gcc-ar~1/bin/../lib/gcc/arm-none-eabi/10.3.1/thumb/v6-m/nofp/crti.o
                0x100091f8                _fini
 *fill*         0x100091fc        0x4 
 .fini.__stub   0x10009200       0xe0 linker stubs
 *crtbegin.o(.ctors)
 *crtbegin?.o(.ctors)
 *(EXCLUDE_FILE(*crtend.o *crtend?.o) .ctors)
 *(SORT_BY_NAME(.ctors.*))
 *(.ctors)
 *crtbegin.o(.dtors)
 *crtbegin?.o(.dtors)
 *(EXCLUDE_FILE(*crtend.o *crtend?.o) .dtors)
 *(SORT_BY_NAME(.dtors.*))
 *(.dtors)
 *(.eh_frame*)
 .eh_frame      0x100092e0        0x0 c:/progra~1/raspbe~1/picosd~1.0/gcc-ar~1/bin/../lib/gcc/arm-none-eabi/10.3.1/thumb/v6-m/nofp/crtbegin.o
                0x100092e0                . = ALIGN (0x4)

.glue_7         0x100092e0        0x0
 .glue_7        0x100092e0        0x0 linker stubs

.glue_7t        0x100092e0        0x0
 .glue_7t       0x100092e0        0x0 linker stubs

.vfp11_veneer   0x100092e0        0x0
 .vfp11_veneer  0x100092e0        0x0 linker stubs

.v4_bx          0x100092e0        0x0
 .v4_bx         0x100092e0        0x0 linker stubs

.iplt           0x100092e0        0x0
 .iplt          0x100092e0        0x0 c:/progra~1/raspbe~1/picosd~1.0/gcc-ar~1/bin/../lib/gcc/arm-none-eabi/10.3.1/thumb/v6-m/nofp/crtbegin.o

.rodata         0x100092e0      0x934
 *(EXCLUDE_FILE(*libm.a: *libc.a:*lib_a-mem*.o *libgcc.a:) .rodata*)
 .rodata._ZL15command_crc8tab
                0x100092e0      0x100 CMakeFiles/Frsky_Elrs_Relay.dir/src/crc.cpp.obj
 .rodata._ZL7crc8tab
                0x100093e0      0x100 CMakeFiles/Frsky_Elrs_Relay.dir/src/crc.cpp.obj
 .rodata._Z13storeTlmFramev.str1.4
                0x100094e0       0x12 CMakeFiles/Frsky_Elrs_Relay.dir/src/crsf.cpp.obj
 *fill*         0x100094f2        0x2 
 .rodata._Z13storeTlmFramev
                0x100094f4       0x7c CMakeFiles/Frsky_Elrs_Relay.dir/src/crsf.cpp.obj
 .rodata._Z11handleTlmInv
                0x10009570       0x14 CMakeFiles/Frsky_Elrs_Relay.dir/src/crsf.cpp.obj
 .rodata._ZL20crsf_uart_rx_program
                0x10009584        0x6 CMakeFiles/Frsky_Elrs_Relay.dir/src/crsf.cpp.obj
 *fill*         0x1000958a        0x2 
 .rodata._ZL20crsf_uart_tx_program
                0x1000958c        0x6 CMakeFiles/Frsky_Elrs_Relay.dir/src/crsf.cpp.obj
 *fill*         0x10009592        0x2 
 .rodata._ZL33crsf_uart_rx_program_instructions
                0x10009594       0x12 CMakeFiles/Frsky_Elrs_Relay.dir/src/crsf.cpp.obj
 *fill*         0x100095a6        0x2 
 .rodata._ZL33crsf_uart_tx_program_instructions
                0x100095a8        0x8 CMakeFiles/Frsky_Elrs_Relay.dir/src/crsf.cpp.obj
 .rodata._Z5setupv.str1.4
                0x100095b0        0xe CMakeFiles/Frsky_Elrs_Relay.dir/src/main.cpp.obj
 *fill*         0x100095be        0x2 
 .rodata._ZL11ppm_program
                0x100095c0        0x6 CMakeFiles/Frsky_Elrs_Relay.dir/src/ppm.cpp.obj
 *fill*         0x100095c6        0x2 
 .rodata._ZL24ppm_program_instructions
                0x100095c8        0x8 CMakeFiles/Frsky_Elrs_Relay.dir/src/ppm.cpp.obj
 .rodata._Z15on_sbus_uart_rxv.str1.4
                0x100095d0       0x14 CMakeFiles/Frsky_Elrs_Relay.dir/src/sbus.cpp.obj
 .rodata._Z12sendOneSporth.str1.4
                0x100095e4       0x1e CMakeFiles/Frsky_Elrs_Relay.dir/src/sport.cpp.obj
                                 0x26 (size before relaxing)
 *fill*         0x10009602        0x2 
 .rodata        0x10009604       0x78 CMakeFiles/Frsky_Elrs_Relay.dir/src/sport.cpp.obj
 .rodata._ZL21sport_uart_rx_program
                0x1000967c        0x6 CMakeFiles/Frsky_Elrs_Relay.dir/src/sport.cpp.obj
 *fill*         0x10009682        0x2 
 .rodata._ZL21sport_uart_tx_program
                0x10009684        0x6 CMakeFiles/Frsky_Elrs_Relay.dir/src/sport.cpp.obj
 *fill*         0x1000968a        0x2 
 .rodata._ZL34sport_uart_rx_program_instructions
                0x1000968c       0x12 CMakeFiles/Frsky_Elrs_Relay.dir/src/sport.cpp.obj
 *fill*         0x1000969e        0x2 
 .rodata._ZL34sport_uart_tx_program_instructions
                0x100096a0        0x8 CMakeFiles/Frsky_Elrs_Relay.dir/src/sport.cpp.obj
 .rodata.spin_lock_claim_unused.str1.4
                0x100096a8       0x1b CMakeFiles/Frsky_Elrs_Relay.dir/C_/Program_Files/Raspberry_Pi/Pico_SDK_v1.5.0/pico-sdk/src/rp2_common/hardware_sync/sync.c.obj
 *fill*         0x100096c3        0x1 
 .rodata.user_irq_claim_unused.str1.4
                0x100096c4       0x1b CMakeFiles/Frsky_Elrs_Relay.dir/C_/Program_Files/Raspberry_Pi/Pico_SDK_v1.5.0/pico-sdk/src/rp2_common/hardware_irq/irq.c.obj
 *fill*         0x100096df        0x1 
 .rodata.hardware_alarm_claim.str1.4
                0x100096e0       0x22 CMakeFiles/Frsky_Elrs_Relay.dir/C_/Program_Files/Raspberry_Pi/Pico_SDK_v1.5.0/pico-sdk/src/rp2_common/hardware_timer/timer.c.obj
 *fill*         0x10009702        0x2 
 .rodata.panic.str1.4
                0x10009704       0x12 CMakeFiles/Frsky_Elrs_Relay.dir/C_/Program_Files/Raspberry_Pi/Pico_SDK_v1.5.0/pico-sdk/src/rp2_common/pico_runtime/runtime.c.obj
 *fill*         0x10009716        0x2 
 .rodata.hard_assertion_failure.str1.4
                0x10009718        0xc CMakeFiles/Frsky_Elrs_Relay.dir/C_/Program_Files/Raspberry_Pi/Pico_SDK_v1.5.0/pico-sdk/src/rp2_common/pico_runtime/runtime.c.obj
 .rodata._ftoa.str1.4
                0x10009724       0x15 CMakeFiles/Frsky_Elrs_Relay.dir/C_/Program_Files/Raspberry_Pi/Pico_SDK_v1.5.0/pico-sdk/src/rp2_common/pico_printf/printf.c.obj
 *fill*         0x10009739        0x3 
 .rodata._vsnprintf
                0x1000973c      0x1e0 CMakeFiles/Frsky_Elrs_Relay.dir/C_/Program_Files/Raspberry_Pi/Pico_SDK_v1.5.0/pico-sdk/src/rp2_common/pico_printf/printf.c.obj
 *fill*         0x1000991c        0x4 
 .rodata.pow10.0
                0x10009920       0x50 CMakeFiles/Frsky_Elrs_Relay.dir/C_/Program_Files/Raspberry_Pi/Pico_SDK_v1.5.0/pico-sdk/src/rp2_common/pico_printf/printf.c.obj
 .rodata.__wrap_malloc.str1.4
                0x10009970        0xe CMakeFiles/Frsky_Elrs_Relay.dir/C_/Program_Files/Raspberry_Pi/Pico_SDK_v1.5.0/pico-sdk/src/rp2_common/pico_malloc/pico_malloc.c.obj
 *fill*         0x1000997e        0x2 
 .rodata.str1.4
                0x10009980       0x48 CMakeFiles/Frsky_Elrs_Relay.dir/C_/Program_Files/Raspberry_Pi/Pico_SDK_v1.5.0/pico-sdk/src/rp2_common/pico_standard_link/binary_info.c.obj
 .rodata.__bi_44
                0x100099c8        0xc CMakeFiles/Frsky_Elrs_Relay.dir/C_/Program_Files/Raspberry_Pi/Pico_SDK_v1.5.0/pico-sdk/src/rp2_common/pico_standard_link/binary_info.c.obj
 .rodata.__bi_75
                0x100099d4        0xc CMakeFiles/Frsky_Elrs_Relay.dir/C_/Program_Files/Raspberry_Pi/Pico_SDK_v1.5.0/pico-sdk/src/rp2_common/pico_standard_link/binary_info.c.obj
 .rodata.__bi_81
                0x100099e0        0xc CMakeFiles/Frsky_Elrs_Relay.dir/C_/Program_Files/Raspberry_Pi/Pico_SDK_v1.5.0/pico-sdk/src/rp2_common/pico_standard_link/binary_info.c.obj
 .rodata.crlf_str.0
                0x100099ec        0x2 CMakeFiles/Frsky_Elrs_Relay.dir/C_/Program_Files/Raspberry_Pi/Pico_SDK_v1.5.0/pico-sdk/src/rp2_common/pico_stdio/stdio.c.obj
 *fill*         0x100099ee        0x2 
 .rodata._resetd_driver
                0x100099f0       0x18 CMakeFiles/Frsky_Elrs_Relay.dir/C_/Program_Files/Raspberry_Pi/Pico_SDK_v1.5.0/pico-sdk/src/rp2_common/pico_stdio_usb/reset_interface.c.obj
 .rodata.str1.4
                0x10009a08       0x13 CMakeFiles/Frsky_Elrs_Relay.dir/C_/Program_Files/Raspberry_Pi/Pico_SDK_v1.5.0/pico-sdk/src/rp2_common/pico_stdio_usb/stdio_usb.c.obj
 *fill*         0x10009a1b        0x1 
 .rodata.__bi_188.0
                0x10009a1c        0xc CMakeFiles/Frsky_Elrs_Relay.dir/C_/Program_Files/Raspberry_Pi/Pico_SDK_v1.5.0/pico-sdk/src/rp2_common/pico_stdio_usb/stdio_usb.c.obj
 .rodata.str1.4
                0x10009a28       0x2a CMakeFiles/Frsky_Elrs_Relay.dir/C_/Program_Files/Raspberry_Pi/Pico_SDK_v1.5.0/pico-sdk/src/rp2_common/pico_stdio_usb/stdio_usb_descriptors.c.obj
 *fill*         0x10009a52        0x2 
 .rodata.usbd_desc_cfg
                0x10009a54       0x54 CMakeFiles/Frsky_Elrs_Relay.dir/C_/Program_Files/Raspberry_Pi/Pico_SDK_v1.5.0/pico-sdk/src/rp2_common/pico_stdio_usb/stdio_usb_descriptors.c.obj
 .rodata.usbd_desc_device
                0x10009aa8       0x12 CMakeFiles/Frsky_Elrs_Relay.dir/C_/Program_Files/Raspberry_Pi/Pico_SDK_v1.5.0/pico-sdk/src/rp2_common/pico_stdio_usb/stdio_usb_descriptors.c.obj
 *fill*         0x10009aba        0x2 
 .rodata.usbd_desc_str
                0x10009abc       0x18 CMakeFiles/Frsky_Elrs_Relay.dir/C_/Program_Files/Raspberry_Pi/Pico_SDK_v1.5.0/pico-sdk/src/rp2_common/pico_stdio_usb/stdio_usb_descriptors.c.obj
 .rodata.str1.4
                0x10009ad4       0x14 CMakeFiles/Frsky_Elrs_Relay.dir/C_/Program_Files/Raspberry_Pi/Pico_SDK_v1.5.0/pico-sdk/lib/tinyusb/src/portable/raspberrypi/rp2040/dcd_rp2040.c.obj
 .rodata.str1.4
                0x10009ae8       0x53 CMakeFiles/Frsky_Elrs_Relay.dir/C_/Program_Files/Raspberry_Pi/Pico_SDK_v1.5.0/pico-sdk/lib/tinyusb/src/portable/raspberrypi/rp2040/rp2040_usb.c.obj
 *fill*         0x10009b3b        0x1 
 .rodata.tud_task_ext
                0x10009b3c       0x8c CMakeFiles/Frsky_Elrs_Relay.dir/C_/Program_Files/Raspberry_Pi/Pico_SDK_v1.5.0/pico-sdk/lib/tinyusb/src/device/usbd.c.obj
 .rodata._usbd_driver
                0x10009bc8       0x18 CMakeFiles/Frsky_Elrs_Relay.dir/C_/Program_Files/Raspberry_Pi/Pico_SDK_v1.5.0/pico-sdk/lib/tinyusb/src/device/usbd.c.obj
 .rodata.pio_add_program.str1.4
                0x10009be0       0x11 CMakeFiles/Frsky_Elrs_Relay.dir/C_/Program_Files/Raspberry_Pi/Pico_SDK_v1.5.0/pico-sdk/src/rp2_common/hardware_pio/pio.c.obj
 *fill*         0x10009bf1        0x3 
 .rodata.dma_claim_unused_channel.str1.4
                0x10009bf4       0x1e CMakeFiles/Frsky_Elrs_Relay.dir/C_/Program_Files/Raspberry_Pi/Pico_SDK_v1.5.0/pico-sdk/src/rp2_common/hardware_dma/dma.c.obj
                0x10009c14                . = ALIGN (0x4)
 *fill*         0x10009c12        0x2 
 *(SORT_BY_ALIGNMENT(SORT_BY_NAME(.flashdata*)))
                0x10009c14                . = ALIGN (0x4)

.rel.dyn        0x10009c14        0x0
 .rel.iplt      0x10009c14        0x0 c:/progra~1/raspbe~1/picosd~1.0/gcc-ar~1/bin/../lib/gcc/arm-none-eabi/10.3.1/thumb/v6-m/nofp/crtbegin.o

.ARM.extab
 *(.ARM.extab* .gnu.linkonce.armextab.*)
                0x10009c14                __exidx_start = .

.ARM.exidx
 *(.ARM.exidx* .gnu.linkonce.armexidx.*)
                0x10009c14                __exidx_end = .
                0x10009c14                . = ALIGN (0x4)
                0x10009c14                __binary_info_start = .

.binary_info    0x10009c14       0x20
 *(.binary_info.keep.*)
 .binary_info.keep.__bi_ptr22
                0x10009c14        0x4 CMakeFiles/Frsky_Elrs_Relay.dir/C_/Program_Files/Raspberry_Pi/Pico_SDK_v1.5.0/pico-sdk/src/rp2_common/pico_standard_link/binary_info.c.obj
 .binary_info.keep.__bi_ptr30
                0x10009c18        0x4 CMakeFiles/Frsky_Elrs_Relay.dir/C_/Program_Files/Raspberry_Pi/Pico_SDK_v1.5.0/pico-sdk/src/rp2_common/pico_standard_link/binary_info.c.obj
 .binary_info.keep.__bi_ptr38
                0x10009c1c        0x4 CMakeFiles/Frsky_Elrs_Relay.dir/C_/Program_Files/Raspberry_Pi/Pico_SDK_v1.5.0/pico-sdk/src/rp2_common/pico_standard_link/binary_info.c.obj
 .binary_info.keep.__bi_ptr44
                0x10009c20        0x4 CMakeFiles/Frsky_Elrs_Relay.dir/C_/Program_Files/Raspberry_Pi/Pico_SDK_v1.5.0/pico-sdk/src/rp2_common/pico_standard_link/binary_info.c.obj
 .binary_info.keep.__bi_ptr50
                0x10009c24        0x4 CMakeFiles/Frsky_Elrs_Relay.dir/C_/Program_Files/Raspberry_Pi/Pico_SDK_v1.5.0/pico-sdk/src/rp2_common/pico_standard_link/binary_info.c.obj
 .binary_info.keep.__bi_ptr75
                0x10009c28        0x4 CMakeFiles/Frsky_Elrs_Relay.dir/C_/Program_Files/Raspberry_Pi/Pico_SDK_v1.5.0/pico-sdk/src/rp2_common/pico_standard_link/binary_info.c.obj
 .binary_info.keep.__bi_ptr81
                0x10009c2c        0x4 CMakeFiles/Frsky_Elrs_Relay.dir/C_/Program_Files/Raspberry_Pi/Pico_SDK_v1.5.0/pico-sdk/src/rp2_common/pico_standard_link/binary_info.c.obj
 *(.binary_info.*)
 .binary_info.__bi_ptr188
                0x10009c30        0x4 CMakeFiles/Frsky_Elrs_Relay.dir/C_/Program_Files/Raspberry_Pi/Pico_SDK_v1.5.0/pico-sdk/src/rp2_common/pico_stdio_usb/stdio_usb.c.obj
                0x10009c34                __binary_info_end = .
                0x10009c34                . = ALIGN (0x4)
                0x10009c34                __etext = .

.ram_vector_table
                0x20000000       0xc0
 *(.ram_vector_table)
 .ram_vector_table
                0x20000000       0xc0 CMakeFiles/Frsky_Elrs_Relay.dir/C_/Program_Files/Raspberry_Pi/Pico_SDK_v1.5.0/pico-sdk/src/rp2_common/pico_runtime/runtime.c.obj
                0x20000000                ram_vector_table

.data           0x200000c0     0x170c load address 0x10009c34
                0x200000c0                __data_start__ = .
 *(vtable)
 *(.time_critical*)
 .time_critical.mutex_enter_blocking
                0x200000c0       0x48 CMakeFiles/Frsky_Elrs_Relay.dir/C_/Program_Files/Raspberry_Pi/Pico_SDK_v1.5.0/pico-sdk/src/common/pico_sync/mutex.c.obj
                0x200000c0                mutex_enter_blocking
 .time_critical.mutex_try_enter
                0x20000108       0x44 CMakeFiles/Frsky_Elrs_Relay.dir/C_/Program_Files/Raspberry_Pi/Pico_SDK_v1.5.0/pico-sdk/src/common/pico_sync/mutex.c.obj
                0x20000108                mutex_try_enter
 .time_critical.mutex_try_enter_block_until
                0x2000014c       0x9c CMakeFiles/Frsky_Elrs_Relay.dir/C_/Program_Files/Raspberry_Pi/Pico_SDK_v1.5.0/pico-sdk/src/common/pico_sync/mutex.c.obj
                0x2000014c                mutex_try_enter_block_until
 .time_critical.mutex_enter_timeout_ms
                0x200001e8       0x90 CMakeFiles/Frsky_Elrs_Relay.dir/C_/Program_Files/Raspberry_Pi/Pico_SDK_v1.5.0/pico-sdk/src/common/pico_sync/mutex.c.obj
                0x200001e8                mutex_enter_timeout_ms
 .time_critical.mutex_exit
                0x20000278       0x28 CMakeFiles/Frsky_Elrs_Relay.dir/C_/Program_Files/Raspberry_Pi/Pico_SDK_v1.5.0/pico-sdk/src/common/pico_sync/mutex.c.obj
                0x20000278                mutex_exit
 .time_critical.flash_init_boot2_copyout
                0x200002a0       0x30 CMakeFiles/Frsky_Elrs_Relay.dir/C_/Program_Files/Raspberry_Pi/Pico_SDK_v1.5.0/pico-sdk/src/rp2_common/hardware_flash/flash.c.obj
 .time_critical.flash_enable_xip_via_boot2
                0x200002d0       0x10 CMakeFiles/Frsky_Elrs_Relay.dir/C_/Program_Files/Raspberry_Pi/Pico_SDK_v1.5.0/pico-sdk/src/rp2_common/hardware_flash/flash.c.obj
 .time_critical.flash_cs_force
                0x200002e0       0x38 CMakeFiles/Frsky_Elrs_Relay.dir/C_/Program_Files/Raspberry_Pi/Pico_SDK_v1.5.0/pico-sdk/src/rp2_common/hardware_flash/flash.c.obj
 .time_critical.flash_do_cmd
                0x20000318       0xc4 CMakeFiles/Frsky_Elrs_Relay.dir/C_/Program_Files/Raspberry_Pi/Pico_SDK_v1.5.0/pico-sdk/src/rp2_common/hardware_flash/flash.c.obj
                0x20000318                flash_do_cmd
 .time_critical.reset_non_control_endpoints
                0x200003dc       0xbc CMakeFiles/Frsky_Elrs_Relay.dir/C_/Program_Files/Raspberry_Pi/Pico_SDK_v1.5.0/pico-sdk/lib/tinyusb/src/portable/raspberrypi/rp2040/dcd_rp2040.c.obj
 .time_critical.hw_handle_buff_status
                0x20000498       0xa8 CMakeFiles/Frsky_Elrs_Relay.dir/C_/Program_Files/Raspberry_Pi/Pico_SDK_v1.5.0/pico-sdk/lib/tinyusb/src/portable/raspberrypi/rp2040/dcd_rp2040.c.obj
 .time_critical.dcd_rp2040_irq
                0x20000540      0x4d8 CMakeFiles/Frsky_Elrs_Relay.dir/C_/Program_Files/Raspberry_Pi/Pico_SDK_v1.5.0/pico-sdk/lib/tinyusb/src/portable/raspberrypi/rp2040/dcd_rp2040.c.obj
 .time_critical.e15_is_bulkin_ep
                0x20000a18       0x28 CMakeFiles/Frsky_Elrs_Relay.dir/C_/Program_Files/Raspberry_Pi/Pico_SDK_v1.5.0/pico-sdk/lib/tinyusb/src/portable/raspberrypi/rp2040/rp2040_usb.c.obj
 .time_critical.e15_is_critical_frame_period
                0x20000a40       0x34 CMakeFiles/Frsky_Elrs_Relay.dir/C_/Program_Files/Raspberry_Pi/Pico_SDK_v1.5.0/pico-sdk/lib/tinyusb/src/portable/raspberrypi/rp2040/rp2040_usb.c.obj
 .time_critical.prepare_ep_buffer
                0x20000a74       0x70 CMakeFiles/Frsky_Elrs_Relay.dir/C_/Program_Files/Raspberry_Pi/Pico_SDK_v1.5.0/pico-sdk/lib/tinyusb/src/portable/raspberrypi/rp2040/rp2040_usb.c.obj
 .time_critical.sync_ep_buffer
                0x20000ae4       0x4c CMakeFiles/Frsky_Elrs_Relay.dir/C_/Program_Files/Raspberry_Pi/Pico_SDK_v1.5.0/pico-sdk/lib/tinyusb/src/portable/raspberrypi/rp2040/rp2040_usb.c.obj
 .time_critical._hw_endpoint_xfer_sync
                0x20000b30       0x28 CMakeFiles/Frsky_Elrs_Relay.dir/C_/Program_Files/Raspberry_Pi/Pico_SDK_v1.5.0/pico-sdk/lib/tinyusb/src/portable/raspberrypi/rp2040/rp2040_usb.c.obj
 .time_critical.hw_endpoint_reset_transfer
                0x20000b58        0xc CMakeFiles/Frsky_Elrs_Relay.dir/C_/Program_Files/Raspberry_Pi/Pico_SDK_v1.5.0/pico-sdk/lib/tinyusb/src/portable/raspberrypi/rp2040/rp2040_usb.c.obj
                0x20000b58                hw_endpoint_reset_transfer
 .time_critical._hw_endpoint_buffer_control_update32
                0x20000b64       0x58 CMakeFiles/Frsky_Elrs_Relay.dir/C_/Program_Files/Raspberry_Pi/Pico_SDK_v1.5.0/pico-sdk/lib/tinyusb/src/portable/raspberrypi/rp2040/rp2040_usb.c.obj
                0x20000b64                _hw_endpoint_buffer_control_update32
 .time_critical.hw_endpoint_start_next_buffer
                0x20000bbc       0x6c CMakeFiles/Frsky_Elrs_Relay.dir/C_/Program_Files/Raspberry_Pi/Pico_SDK_v1.5.0/pico-sdk/lib/tinyusb/src/portable/raspberrypi/rp2040/rp2040_usb.c.obj
                0x20000bbc                hw_endpoint_start_next_buffer
 .time_critical.hw_endpoint_xfer_continue
                0x20000c28       0x50 CMakeFiles/Frsky_Elrs_Relay.dir/C_/Program_Files/Raspberry_Pi/Pico_SDK_v1.5.0/pico-sdk/lib/tinyusb/src/portable/raspberrypi/rp2040/rp2040_usb.c.obj
                0x20000c28                hw_endpoint_xfer_continue
 .time_critical.tinyusb
                0x20000c78      0x170 CMakeFiles/Frsky_Elrs_Relay.dir/C_/Program_Files/Raspberry_Pi/Pico_SDK_v1.5.0/pico-sdk/lib/tinyusb/src/device/usbd.c.obj
                0x20000c78                dcd_event_handler
 *(.text*)
 .text          0x20000de8        0x4 c:/progra~1/raspbe~1/picosd~1.0/gcc-ar~1/bin/../lib/gcc/arm-none-eabi/10.3.1/thumb/v6-m/nofp\libgcc.a(_dvmd_tls.o)
                0x20000de8                __aeabi_idiv0
                0x20000de8                __aeabi_ldiv0
 *fill*         0x20000dec        0x4 
 .text.__stub   0x20000df0       0x70 linker stubs
                0x20000e60                . = ALIGN (0x4)
 *(.rodata*)
                0x20000e60                . = ALIGN (0x4)
 *(.data*)
 .data._ZZ15sendCrsfRcFramevE22waitFirstFrameFromElrs
                0x20000e60        0x1 CMakeFiles/Frsky_Elrs_Relay.dir/src/crsf.cpp.obj
 *fill*         0x20000e61        0x3 
 .data.crsfPio  0x20000e64        0x4 CMakeFiles/Frsky_Elrs_Relay.dir/src/crsf.cpp.obj
                0x20000e64                crsfPio
 .data.crsfRcFrameIntervalMicros
                0x20000e68        0x4 CMakeFiles/Frsky_Elrs_Relay.dir/src/crsf.cpp.obj
                0x20000e68                crsfRcFrameIntervalMicros
 .data.crsfSmRx
                0x20000e6c        0x4 CMakeFiles/Frsky_Elrs_Relay.dir/src/crsf.cpp.obj
                0x20000e6c                crsfSmRx
 .data.ppmPio   0x20000e70        0x4 CMakeFiles/Frsky_Elrs_Relay.dir/src/ppm.cpp.obj
                0x20000e70                ppmPio
 .data.ppmSm    0x20000e74        0x4 CMakeFiles/Frsky_Elrs_Relay.dir/src/ppm.cpp.obj
                0x20000e74                ppmSm
 .data.sportPio
                0x20000e78        0x4 CMakeFiles/Frsky_Elrs_Relay.dir/src/sport.cpp.obj
                0x20000e78                sportPio
 .data.sportSmRx
                0x20000e7c        0x4 CMakeFiles/Frsky_Elrs_Relay.dir/src/sport.cpp.obj
                0x20000e7c                sportSmRx
 .data.striped_spin_lock_num
                0x20000e80        0x1 CMakeFiles/Frsky_Elrs_Relay.dir/C_/Program_Files/Raspberry_Pi/Pico_SDK_v1.5.0/pico-sdk/src/rp2_common/hardware_sync/sync.c.obj
 *fill*         0x20000e81        0x3 
 .data          0x20000e84       0x48 CMakeFiles/Frsky_Elrs_Relay.dir/C_/Program_Files/Raspberry_Pi/Pico_SDK_v1.5.0/pico-sdk/src/rp2_common/hardware_irq/irq_handler_chain.S.obj
                0x20000e84                irq_handler_chain_slots
                0x20000eb4                irq_handler_chain_first_slot
                0x20000ebe                irq_handler_chain_remove_tail
 .data.default_alarm_pool
                0x20000ecc       0x18 CMakeFiles/Frsky_Elrs_Relay.dir/C_/Program_Files/Raspberry_Pi/Pico_SDK_v1.5.0/pico-sdk/src/common/pico_time/time.c.obj
 .data.default_alarm_pool_heap
                0x20000ee4       0x10 CMakeFiles/Frsky_Elrs_Relay.dir/C_/Program_Files/Raspberry_Pi/Pico_SDK_v1.5.0/pico-sdk/src/common/pico_time/time.c.obj
 *fill*         0x20000ef4        0xc 
 .data.aeabi_bits_funcs
                0x20000f00       0x10 CMakeFiles/Frsky_Elrs_Relay.dir/C_/Program_Files/Raspberry_Pi/Pico_SDK_v1.5.0/pico-sdk/src/rp2_common/pico_bit_ops/bit_ops_aeabi.S.obj
                0x20000f00                aeabi_bits_funcs
                0x20000f10                aeabi_bits_funcs_end
 .data.aeabi_mem_funcs
                0x20000f10       0x10 CMakeFiles/Frsky_Elrs_Relay.dir/C_/Program_Files/Raspberry_Pi/Pico_SDK_v1.5.0/pico-sdk/src/rp2_common/pico_mem_ops/mem_ops_aeabi.S.obj
                0x20000f10                aeabi_mem_funcs
                0x20000f20                aeabi_mem_funcs_end
 .data.stdio_usb
                0x20000f20       0x18 CMakeFiles/Frsky_Elrs_Relay.dir/C_/Program_Files/Raspberry_Pi/Pico_SDK_v1.5.0/pico-sdk/src/rp2_common/pico_stdio_usb/stdio_usb.c.obj
                0x20000f20                stdio_usb
 .data.ep_dir_string
                0x20000f38        0x8 CMakeFiles/Frsky_Elrs_Relay.dir/C_/Program_Files/Raspberry_Pi/Pico_SDK_v1.5.0/pico-sdk/lib/tinyusb/src/portable/raspberrypi/rp2040/rp2040_usb.c.obj
                0x20000f38                ep_dir_string
 .data._usbd_qdef
                0x20000f40       0x1c CMakeFiles/Frsky_Elrs_Relay.dir/C_/Program_Files/Raspberry_Pi/Pico_SDK_v1.5.0/pico-sdk/lib/tinyusb/src/device/usbd.c.obj
                0x20000f40                _usbd_qdef
 .data._usbd_rhport
                0x20000f5c        0x1 CMakeFiles/Frsky_Elrs_Relay.dir/C_/Program_Files/Raspberry_Pi/Pico_SDK_v1.5.0/pico-sdk/lib/tinyusb/src/device/usbd.c.obj
 *fill*         0x20000f5d        0x3 
 .data._impure_ptr
                0x20000f60        0x4 c:/progra~1/raspbe~1/picosd~1.0/gcc-ar~1/bin/../lib/gcc/arm-none-eabi/10.3.1/../../../../arm-none-eabi/lib/thumb/v6-m/nofp\libc.a(lib_a-impure.o)
                0x20000f60                _impure_ptr
 *fill*         0x20000f64        0x4 
 .data.impure_data
                0x20000f68      0x428 c:/progra~1/raspbe~1/picosd~1.0/gcc-ar~1/bin/../lib/gcc/arm-none-eabi/10.3.1/../../../../arm-none-eabi/lib/thumb/v6-m/nofp\libc.a(lib_a-impure.o)
 .data.__malloc_av_
                0x20001390      0x408 c:/progra~1/raspbe~1/picosd~1.0/gcc-ar~1/bin/../lib/gcc/arm-none-eabi/10.3.1/../../../../arm-none-eabi/lib/thumb/v6-m/nofp\libc.a(lib_a-mallocr.o)
                0x20001390                __malloc_av_
 .data.__malloc_sbrk_base
                0x20001798        0x4 c:/progra~1/raspbe~1/picosd~1.0/gcc-ar~1/bin/../lib/gcc/arm-none-eabi/10.3.1/../../../../arm-none-eabi/lib/thumb/v6-m/nofp\libc.a(lib_a-mallocr.o)
                0x20001798                __malloc_sbrk_base
 .data.__malloc_trim_threshold
                0x2000179c        0x4 c:/progra~1/raspbe~1/picosd~1.0/gcc-ar~1/bin/../lib/gcc/arm-none-eabi/10.3.1/../../../../arm-none-eabi/lib/thumb/v6-m/nofp\libc.a(lib_a-mallocr.o)
                0x2000179c                __malloc_trim_threshold
                0x200017a0                . = ALIGN (0x4)
 *(.after_data.*)
                0x200017a0                . = ALIGN (0x4)
                0x200017a0                PROVIDE (__mutex_array_start = .)
 *(SORT_BY_NAME(.mutex_array.*))
 *(.mutex_array)
 .mutex_array   0x200017a0        0x8 CMakeFiles/Frsky_Elrs_Relay.dir/C_/Program_Files/Raspberry_Pi/Pico_SDK_v1.5.0/pico-sdk/src/rp2_common/pico_malloc/pico_malloc.c.obj
 .mutex_array   0x200017a8        0x8 CMakeFiles/Frsky_Elrs_Relay.dir/C_/Program_Files/Raspberry_Pi/Pico_SDK_v1.5.0/pico-sdk/src/rp2_common/pico_stdio/stdio.c.obj
                0x200017b0                PROVIDE (__mutex_array_end = .)
                0x200017b0                . = ALIGN (0x4)
                0x200017b0                PROVIDE (__preinit_array_start = .)
 *(SORT_BY_NAME(.preinit_array.*))
 .preinit_array.00001
                0x200017b0        0x4 CMakeFiles/Frsky_Elrs_Relay.dir/C_/Program_Files/Raspberry_Pi/Pico_SDK_v1.5.0/pico-sdk/src/rp2_common/pico_mem_ops/mem_ops_aeabi.S.obj
 .preinit_array.00010
                0x200017b4        0x4 CMakeFiles/Frsky_Elrs_Relay.dir/C_/Program_Files/Raspberry_Pi/Pico_SDK_v1.5.0/pico-sdk/src/rp2_common/pico_bit_ops/bit_ops_aeabi.S.obj
 .preinit_array.00020
                0x200017b8        0x4 CMakeFiles/Frsky_Elrs_Relay.dir/C_/Program_Files/Raspberry_Pi/Pico_SDK_v1.5.0/pico-sdk/src/rp2_common/pico_double/double_aeabi.S.obj
 .preinit_array.00020
                0x200017bc        0x4 CMakeFiles/Frsky_Elrs_Relay.dir/C_/Program_Files/Raspberry_Pi/Pico_SDK_v1.5.0/pico-sdk/src/rp2_common/pico_float/float_aeabi.S.obj
 *(.preinit_array)
                0x200017c0                PROVIDE (__preinit_array_end = .)
                0x200017c0                . = ALIGN (0x4)
                0x200017c0                PROVIDE (__init_array_start = .)
 *(SORT_BY_NAME(.init_array.*))
 *(.init_array)
 .init_array    0x200017c0        0x4 c:/progra~1/raspbe~1/picosd~1.0/gcc-ar~1/bin/../lib/gcc/arm-none-eabi/10.3.1/thumb/v6-m/nofp/crtbegin.o
 .init_array    0x200017c4        0x4 CMakeFiles/Frsky_Elrs_Relay.dir/src/crsf.cpp.obj
 .init_array    0x200017c8        0x4 CMakeFiles/Frsky_Elrs_Relay.dir/C_/Program_Files/Raspberry_Pi/Pico_SDK_v1.5.0/pico-sdk/src/rp2_common/pico_unique_id/unique_id.c.obj
                0x200017cc                PROVIDE (__init_array_end = .)
                0x200017cc                . = ALIGN (0x4)
                [!provide]                PROVIDE (__fini_array_start = .)
 *(SORT_BY_NAME(.fini_array.*))
 *(.fini_array)
                [!provide]                PROVIDE (__fini_array_end = .)
 *(.jcr)
                0x200017cc                . = ALIGN (0x4)
                0x200017cc                __data_end__ = .

.igot.plt       0x200017cc        0x0 load address 0x1000b340
 .igot.plt      0x200017cc        0x0 c:/progra~1/raspbe~1/picosd~1.0/gcc-ar~1/bin/../lib/gcc/arm-none-eabi/10.3.1/thumb/v6-m/nofp/crtbegin.o

.uninitialized_data
                0x200017cc        0x0 load address 0x1000b340
                0x200017cc                . = ALIGN (0x4)
 *(.uninitialized_data*)

.scratch_x      0x20040000        0x0 load address 0x1000b340
                0x20040000                __scratch_x_start__ = .
 *(.scratch_x.*)
                0x20040000                . = ALIGN (0x4)
                0x20040000                __scratch_x_end__ = .
                0x1000b340                __scratch_x_source__ = LOADADDR (.scratch_x)

.scratch_y      0x20041000        0x0 load address 0x1000b340
                0x20041000                __scratch_y_start__ = .
 *(.scratch_y.*)