Archive member included to satisfy reference by file (symbol)

c:/progra~1/raspbe~1/picosd~1.0/gcc-ar~1/bin/../lib/gcc/arm-none-eabi/10.3.1/thumb/v6-m/nofp\libgcc.a(_dvmd_tls.o)
                              CMakeFiles/oXs.dir/C_/Program_Files/Raspberry_Pi/Pico_SDK_v1.5.0/pico-sdk/src/rp2_common/pico_divider/divider.S.obj (__aeabi_idiv0)
c:/progra~1/raspbe~1/picosd~1.0/gcc-ar~1/bin/../lib/gcc/arm-none-eabi/10.3.1/../../../../arm-none-eabi/lib/thumb/v6-m/nofp\libc.a(lib_a-calloc.o)
                              CMakeFiles/oXs.dir/C_/Program_Files/Raspberry_Pi/Pico_SDK_v1.5.0/pico-sdk/src/rp2_common/pico_malloc/pico_malloc.c.obj (calloc)
c:/progra~1/raspbe~1/picosd~1.0/gcc-ar~1/bin/../lib/gcc/arm-none-eabi/10.3.1/../../../../arm-none-eabi/lib/thumb/v6-m/nofp\libc.a(lib_a-callocr.o)
                              c:/progra~1/raspbe~1/picosd~1.0/gcc-ar~1/bin/../lib/gcc/arm-none-eabi/10.3.1/../../../../arm-none-eabi/lib/thumb/v6-m/nofp\libc.a(lib_a-calloc.o) (_calloc_r)
c:/progra~1/raspbe~1/picosd~1.0/gcc-ar~1/bin/../lib/gcc/arm-none-eabi/10.3.1/../../../../arm-none-eabi/lib/thumb/v6-m/nofp\libc.a(lib_a-errno.o)
                              c:/progra~1/raspbe~1/picosd~1.0/gcc-ar~1/bin/../lib/gcc/arm-none-eabi/10.3.1/../../../../arm-none-eabi/lib/thumb/v6-m/nofp\libc.a(lib_a-callocr.o) (__errno)
c:/progra~1/raspbe~1/picosd~1.0/gcc-ar~1/bin/../lib/gcc/arm-none-eabi/10.3.1/../../../../arm-none-eabi/lib/thumb/v6-m/nofp\libc.a(lib_a-impure.o)
                              c:/progra~1/raspbe~1/picosd~1.0/gcc-ar~1/bin/../lib/gcc/arm-none-eabi/10.3.1/../../../../arm-none-eabi/lib/thumb/v6-m/nofp\libc.a(lib_a-calloc.o) (_impure_ptr)
c:/progra~1/raspbe~1/picosd~1.0/gcc-ar~1/bin/../lib/gcc/arm-none-eabi/10.3.1/../../../../arm-none-eabi/lib/thumb/v6-m/nofp\libc.a(lib_a-init.o)
                              c:/progra~1/raspbe~1/picosd~1.0/gcc-ar~1/bin/../lib/gcc/arm-none-eabi/10.3.1/../../../../arm-none-eabi/lib/thumb/v6-m/nofp/crt0.o (__libc_init_array)
c:/progra~1/raspbe~1/picosd~1.0/gcc-ar~1/bin/../lib/gcc/arm-none-eabi/10.3.1/../../../../arm-none-eabi/lib/thumb/v6-m/nofp\libc.a(lib_a-malloc.o)
                              CMakeFiles/oXs.dir/C_/Program_Files/Raspberry_Pi/Pico_SDK_v1.5.0/pico-sdk/src/rp2_common/pico_malloc/pico_malloc.c.obj (malloc)
c:/progra~1/raspbe~1/picosd~1.0/gcc-ar~1/bin/../lib/gcc/arm-none-eabi/10.3.1/../../../../arm-none-eabi/lib/thumb/v6-m/nofp\libc.a(lib_a-mallocr.o)
                              c:/progra~1/raspbe~1/picosd~1.0/gcc-ar~1/bin/../lib/gcc/arm-none-eabi/10.3.1/../../../../arm-none-eabi/lib/thumb/v6-m/nofp\libc.a(lib_a-callocr.o) (_malloc_r)
c:/progra~1/raspbe~1/picosd~1.0/gcc-ar~1/bin/../lib/gcc/arm-none-eabi/10.3.1/../../../../arm-none-eabi/lib/thumb/v6-m/nofp\libc.a(lib_a-mlock.o)
                              c:/progra~1/raspbe~1/picosd~1.0/gcc-ar~1/bin/../lib/gcc/arm-none-eabi/10.3.1/../../../../arm-none-eabi/lib/thumb/v6-m/nofp\libc.a(lib_a-mallocr.o) (__malloc_lock)
c:/progra~1/raspbe~1/picosd~1.0/gcc-ar~1/bin/../lib/gcc/arm-none-eabi/10.3.1/../../../../arm-none-eabi/lib/thumb/v6-m/nofp\libc.a(lib_a-realloc.o)
                              CMakeFiles/oXs.dir/C_/Program_Files/Raspberry_Pi/Pico_SDK_v1.5.0/pico-sdk/src/rp2_common/pico_malloc/pico_malloc.c.obj (realloc)
c:/progra~1/raspbe~1/picosd~1.0/gcc-ar~1/bin/../lib/gcc/arm-none-eabi/10.3.1/../../../../arm-none-eabi/lib/thumb/v6-m/nofp\libc.a(lib_a-reallocr.o)
                              c:/progra~1/raspbe~1/picosd~1.0/gcc-ar~1/bin/../lib/gcc/arm-none-eabi/10.3.1/../../../../arm-none-eabi/lib/thumb/v6-m/nofp\libc.a(lib_a-realloc.o) (_realloc_r)
c:/progra~1/raspbe~1/picosd~1.0/gcc-ar~1/bin/../lib/gcc/arm-none-eabi/10.3.1/../../../../arm-none-eabi/lib/thumb/v6-m/nofp\libc.a(lib_a-sbrkr.o)
                              c:/progra~1/raspbe~1/picosd~1.0/gcc-ar~1/bin/../lib/gcc/arm-none-eabi/10.3.1/../../../../arm-none-eabi/lib/thumb/v6-m/nofp\libc.a(lib_a-mallocr.o) (_sbrk_r)
c:/progra~1/raspbe~1/picosd~1.0/gcc-ar~1/bin/../lib/gcc/arm-none-eabi/10.3.1/../../../../arm-none-eabi/lib/thumb/v6-m/nofp\libc.a(lib_a-strlen-stub.o)
                              CMakeFiles/oXs.dir/C_/Program_Files/Raspberry_Pi/Pico_SDK_v1.5.0/pico-sdk/src/rp2_common/pico_stdio/stdio.c.obj (strlen)
c:/progra~1/raspbe~1/picosd~1.0/gcc-ar~1/bin/../lib/gcc/arm-none-eabi/10.3.1/../../../../arm-none-eabi/lib/thumb/v6-m/nofp\libc.a(lib_a-freer.o)
                              c:/progra~1/raspbe~1/picosd~1.0/gcc-ar~1/bin/../lib/gcc/arm-none-eabi/10.3.1/../../../../arm-none-eabi/lib/thumb/v6-m/nofp\libc.a(lib_a-malloc.o) (_free_r)
c:/progra~1/raspbe~1/picosd~1.0/gcc-ar~1/bin/../lib/gcc/arm-none-eabi/10.3.1/../../../../arm-none-eabi/lib/thumb/v6-m/nofp\libc.a(lib_a-lock.o)
                              c:/progra~1/raspbe~1/picosd~1.0/gcc-ar~1/bin/../lib/gcc/arm-none-eabi/10.3.1/../../../../arm-none-eabi/lib/thumb/v6-m/nofp\libc.a(lib_a-mlock.o) (__retarget_lock_acquire_recursive)
[...]
Memory Configuration

Name             Origin             Length             Attributes
FLASH            0x10000000         0x00200000         xr
RAM              0x20000000         0x00040000         xrw
SCRATCH_X        0x20040000         0x00001000         xrw
SCRATCH_Y        0x20041000         0x00001000         xrw
*default*        0x00000000         0xffffffff

Linker script and memory map

LOAD c:/progra~1/raspbe~1/picosd~1.0/gcc-ar~1/bin/../lib/gcc/arm-none-eabi/10.3.1/thumb/v6-m/nofp/crti.o
LOAD c:/progra~1/raspbe~1/picosd~1.0/gcc-ar~1/bin/../lib/gcc/arm-none-eabi/10.3.1/thumb/v6-m/nofp/crtbegin.o
LOAD c:/progra~1/raspbe~1/picosd~1.0/gcc-ar~1/bin/../lib/gcc/arm-none-eabi/10.3.1/../../../../arm-none-eabi/lib/thumb/v6-m/nofp/crt0.o

.flash_begin    0x10000000        0x0
                0x10000000                __flash_binary_start = .

.boot2          0x10000000      0x100
                0x10000000                __boot2_start__ = .
 *(.boot2)
 .boot2         0x10000000      0x100 C:\Users\Acer\AppData\Local\Temp\ccOpKzXw.o
                0x10000100                __boot2_end__ = .
                0x00000001                ASSERT (((__boot2_end__ - __boot2_start__) == 0x100), ERROR: Pico second stage bootloader must be 256 bytes in size)

.text           0x10000100     0x8ae8
                0x10000100                __logical_binary_start = .
 *(.vectors)
 .vectors       0x10000100       0xd4 CMakeFiles/oXs.dir/C_/Program_Files/Raspberry_Pi/Pico_SDK_v1.5.0/pico-sdk/src/rp2_common/pico_standard_link/crt0.S.obj
                0x10000100                __VECTOR_TABLE
                0x10000100                __vectors
                0x100001c0                isr_invalid
                0x100001c0                __default_isrs_start
                0x100001c2                isr_nmi
                0x100001c4                isr_hardfault
                0x100001c6                isr_svcall
                0x100001c8                isr_pendsv
                0x100001ca                isr_systick
                0x100001cc                isr_irq23
                0x100001cc                isr_irq18
                0x100001cc                isr_irq11
                0x100001cc                isr_irq28
                0x100001cc                isr_irq19
                0x100001cc                isr_irq0
                0x100001cc                isr_irq6
                0x100001cc                isr_irq5
                0x100001cc                isr_irq12
                0x100001cc                isr_irq22
                0x100001cc                isr_irq31
                0x100001cc                isr_irq17
                0x100001cc                isr_irq27
                0x100001cc                isr_irq30
                0x100001cc                isr_irq2
                0x100001cc                isr_irq10
                0x100001cc                isr_irq8
                0x100001cc                isr_irq24
                0x100001cc                isr_irq1
                0x100001cc                isr_irq7
                0x100001cc                isr_irq21
                0x100001cc                isr_irq20
                0x100001cc                isr_irq15
                0x100001cc                isr_irq25
                0x100001cc                isr_irq13
                0x100001cc                __unhandled_user_irq
                0x100001cc                isr_irq4
                0x100001cc                isr_irq16
                0x100001cc                isr_irq29
                0x100001cc                isr_irq26
                0x100001cc                __default_isrs_end
                0x100001cc                isr_irq3
                0x100001cc                isr_irq14
                0x100001cc                isr_irq9
                0x100001d2                unhandled_user_irq_num_in_r0
 *(.binary_info_header)
 .binary_info_header
                0x100001d4       0x14 CMakeFiles/oXs.dir/C_/Program_Files/Raspberry_Pi/Pico_SDK_v1.5.0/pico-sdk/src/rp2_common/pico_standard_link/crt0.S.obj
                0x100001e8                __binary_info_header_end = .
 *(.reset)
 .reset         0x100001e8       0xa0 CMakeFiles/oXs.dir/C_/Program_Files/Raspberry_Pi/Pico_SDK_v1.5.0/pico-sdk/src/rp2_common/pico_standard_link/crt0.S.obj
                0x100001e8                _entry_point
 .reset         0x10000288       0x30 CMakeFiles/oXs.dir/C_/Program_Files/Raspberry_Pi/Pico_SDK_v1.5.0/pico-sdk/src/rp2_common/pico_standard_link/binary_info.c.obj
 *(.init)
 .init          0x100002b8        0x4 c:/progra~1/raspbe~1/picosd~1.0/gcc-ar~1/bin/../lib/gcc/arm-none-eabi/10.3.1/thumb/v6-m/nofp/crti.o
                0x100002b8                _init
 *(EXCLUDE_FILE(*libm.a: *libc.a:*lib_a-mem*.o *libgcc.a:) .text*)
 .text          0x100002bc       0x48 c:/progra~1/raspbe~1/picosd~1.0/gcc-ar~1/bin/../lib/gcc/arm-none-eabi/10.3.1/thumb/v6-m/nofp/crtbegin.o
 .text._ZN12GENERIC_CRC8C2Eh
                0x10000304       0x84 CMakeFiles/oXs.dir/src/crc.cpp.obj
                0x10000304                GENERIC_CRC8::GENERIC_CRC8(unsigned char)
                0x10000304                GENERIC_CRC8::GENERIC_CRC8(unsigned char)
 .text._ZN12GENERIC_CRC84calcEPKhhh
                0x10000388       0x20 CMakeFiles/oXs.dir/src/crc.cpp.obj
                0x10000388                GENERIC_CRC8::calc(unsigned char const*, unsigned char, unsigned char)
 .text._Z4crc8PKhm
                0x100003a8       0x24 CMakeFiles/oXs.dir/src/crc.cpp.obj
                0x100003a8                crc8(unsigned char const*, unsigned long)
 .text._Z12command_crc8PKhm
                0x100003cc       0x24 CMakeFiles/oXs.dir/src/crc.cpp.obj
                0x100003cc                command_crc8(unsigned char const*, unsigned long)
 .text._Z19crsfPioRxHandlerIrqv
                0x100003f0       0x68 CMakeFiles/oXs.dir/src/crsf.cpp.obj
                0x100003f0                crsfPioRxHandlerIrq()
 .text._Z9setupCRSFv
                0x10000458      0x274 CMakeFiles/oXs.dir/src/crsf.cpp.obj
                0x10000458                setupCRSF()
 .text._Z15sendCrsfRcFramev
                0x100006cc       0xe8 CMakeFiles/oXs.dir/src/crsf.cpp.obj
                0x100006cc                sendCrsfRcFrame()
 .text._Z13storeTlmFramev
                0x100007b4      0x254 CMakeFiles/oXs.dir/src/crsf.cpp.obj
                0x100007b4                storeTlmFrame()
 .text._Z11handleTlmInv
                0x10000a08      0x198 CMakeFiles/oXs.dir/src/crsf.cpp.obj
                0x10000a08                handleTlmIn()
 .text.startup._GLOBAL__sub_I_crsfRxQueue
                0x10000ba0       0x10 CMakeFiles/oXs.dir/src/crsf.cpp.obj
 .text._Z5setupv
                0x10000bb0       0x44 CMakeFiles/oXs.dir/src/main.cpp.obj
                0x10000bb0                setup()
 .text.startup.main
                0x10000bf4       0x1c CMakeFiles/oXs.dir/src/main.cpp.obj
                0x10000bf4                main
 .text._Z15on_sbus_uart_rxv
                0x10000c10       0x7c CMakeFiles/oXs.dir/src/sbus.cpp.obj
                0x10000c10                on_sbus_uart_rx()
 .text._Z9setupSbusv
                0x10000c8c       0xd4 CMakeFiles/oXs.dir/src/sbus.cpp.obj
                0x10000c8c                setupSbus()
 .text._Z12handleSbusInv
                0x10000d60       0xf0 CMakeFiles/oXs.dir/src/sbus.cpp.obj
                0x10000d60                handleSbusIn()
 .text._Z20sportPioRxHandlerIrqv
                0x10000e50       0x64 CMakeFiles/oXs.dir/src/sport.cpp.obj
                0x10000e50                sportPioRxHandlerIrq()
 .text._Z10setupSportv
                0x10000eb4      0x294 CMakeFiles/oXs.dir/src/sport.cpp.obj
                0x10000eb4                setupSport()
 .text._Z12sendOneSporth
                0x10001148      0x2b8 CMakeFiles/oXs.dir/src/sport.cpp.obj
                0x10001148                sendOneSport(unsigned char)
 .text._Z18sendNextSportFrameh.part.0
                0x10001400       0x70 CMakeFiles/oXs.dir/src/sport.cpp.obj
 .text._Z15handleSportRxTxv
                0x10001470      0x104 CMakeFiles/oXs.dir/src/sport.cpp.obj
                0x10001470                handleSportRxTx()
 .text._Z6millisv
                0x10001574       0x20 CMakeFiles/oXs.dir/src/tools.cpp.obj
                0x10001574                millis()
 .text._Z6microsv
                0x10001594        0x8 CMakeFiles/oXs.dir/src/tools.cpp.obj
                0x10001594                micros()
 .text._Z10swap_int32l
                0x1000159c        0x4 CMakeFiles/oXs.dir/src/tools.cpp.obj
                0x1000159c                swap_int32(long)
 .text.gpio_set_function
                0x100015a0       0x30 CMakeFiles/oXs.dir/C_/Program_Files/Raspberry_Pi/Pico_SDK_v1.5.0/pico-sdk/src/rp2_common/hardware_gpio/gpio.c.obj
                0x100015a0                gpio_set_function
 .text.gpio_set_pulls
                0x100015d0       0x30 CMakeFiles/oXs.dir/C_/Program_Files/Raspberry_Pi/Pico_SDK_v1.5.0/pico-sdk/src/rp2_common/hardware_gpio/gpio.c.obj
                0x100015d0                gpio_set_pulls
 .text.gpio_set_inover
                0x10001600       0x24 CMakeFiles/oXs.dir/C_/Program_Files/Raspberry_Pi/Pico_SDK_v1.5.0/pico-sdk/src/rp2_common/hardware_gpio/gpio.c.obj
                0x10001600                gpio_set_inover
 .text.gpio_set_outover
                0x10001624       0x24 CMakeFiles/oXs.dir/C_/Program_Files/Raspberry_Pi/Pico_SDK_v1.5.0/pico-sdk/src/rp2_common/hardware_gpio/gpio.c.obj
                0x10001624                gpio_set_outover
 .text.gpio_init
                0x10001648       0x3c CMakeFiles/oXs.dir/C_/Program_Files/Raspberry_Pi/Pico_SDK_v1.5.0/pico-sdk/src/rp2_common/hardware_gpio/gpio.c.obj
                0x10001648                gpio_init
 .text.running_on_fpga
                0x10001684       0x10 CMakeFiles/oXs.dir/C_/Program_Files/Raspberry_Pi/Pico_SDK_v1.5.0/pico-sdk/src/rp2_common/pico_platform/platform.c.obj
                0x10001684                running_on_fpga
 .text.hw_claim_lock
                0x10001694       0x18 CMakeFiles/oXs.dir/C_/Program_Files/Raspberry_Pi/Pico_SDK_v1.5.0/pico-sdk/src/rp2_common/hardware_claim/claim.c.obj
                0x10001694                hw_claim_lock
 .text.hw_claim_unlock
                0x100016ac       0x14 CMakeFiles/oXs.dir/C_/Program_Files/Raspberry_Pi/Pico_SDK_v1.5.0/pico-sdk/src/rp2_common/hardware_claim/claim.c.obj
                0x100016ac                hw_claim_unlock
 .text.hw_claim_or_assert
                0x100016c0       0x44 CMakeFiles/oXs.dir/C_/Program_Files/Raspberry_Pi/Pico_SDK_v1.5.0/pico-sdk/src/rp2_common/hardware_claim/claim.c.obj
                0x100016c0                hw_claim_or_assert
 .text.hw_claim_unused_from_range
                0x10001704       0x9c CMakeFiles/oXs.dir/C_/Program_Files/Raspberry_Pi/Pico_SDK_v1.5.0/pico-sdk/src/rp2_common/hardware_claim/claim.c.obj
                0x10001704                hw_claim_unused_from_range
 .text.spin_locks_reset
                0x100017a0       0x1c CMakeFiles/oXs.dir/C_/Program_Files/Raspberry_Pi/Pico_SDK_v1.5.0/pico-sdk/src/rp2_common/hardware_sync/sync.c.obj
                0x100017a0                spin_locks_reset
 .text.next_striped_spin_lock_num
                0x100017bc       0x18 CMakeFiles/oXs.dir/C_/Program_Files/Raspberry_Pi/Pico_SDK_v1.5.0/pico-sdk/src/rp2_common/hardware_sync/sync.c.obj
                0x100017bc                next_striped_spin_lock_num
 .text.spin_lock_claim_unused
                0x100017d4       0x20 CMakeFiles/oXs.dir/C_/Program_Files/Raspberry_Pi/Pico_SDK_v1.5.0/pico-sdk/src/rp2_common/hardware_sync/sync.c.obj
                0x100017d4                spin_lock_claim_unused
 .text.irq_set_enabled
                0x100017f4       0x24 CMakeFiles/oXs.dir/C_/Program_Files/Raspberry_Pi/Pico_SDK_v1.5.0/pico-sdk/src/rp2_common/hardware_irq/irq.c.obj
                0x100017f4                irq_set_enabled
 .text.irq_set_pending
                0x10001818       0x10 CMakeFiles/oXs.dir/C_/Program_Files/Raspberry_Pi/Pico_SDK_v1.5.0/pico-sdk/src/rp2_common/hardware_irq/irq.c.obj
                0x10001818                irq_set_pending
 .text.irq_has_shared_handler
                0x10001828       0x2c CMakeFiles/oXs.dir/C_/Program_Files/Raspberry_Pi/Pico_SDK_v1.5.0/pico-sdk/src/rp2_common/hardware_irq/irq.c.obj
                0x10001828                irq_has_shared_handler
 .text.irq_get_vtable_handler
                0x10001854       0x10 CMakeFiles/oXs.dir/C_/Program_Files/Raspberry_Pi/Pico_SDK_v1.5.0/pico-sdk/src/rp2_common/hardware_irq/irq.c.obj
                0x10001854                irq_get_vtable_handler
 .text.irq_set_exclusive_handler
                0x10001864       0x54 CMakeFiles/oXs.dir/C_/Program_Files/Raspberry_Pi/Pico_SDK_v1.5.0/pico-sdk/src/rp2_common/hardware_irq/irq.c.obj
                0x10001864                irq_set_exclusive_handler
 .text.irq_add_shared_handler
                0x100018b8      0x1e8 CMakeFiles/oXs.dir/C_/Program_Files/Raspberry_Pi/Pico_SDK_v1.5.0/pico-sdk/src/rp2_common/hardware_irq/irq.c.obj
                0x100018b8                irq_add_shared_handler
 .text.irq_remove_handler
                0x10001aa0      0x1b0 CMakeFiles/oXs.dir/C_/Program_Files/Raspberry_Pi/Pico_SDK_v1.5.0/pico-sdk/src/rp2_common/hardware_irq/irq.c.obj
                0x10001aa0                irq_remove_handler
 .text.irq_add_tail_to_free_list
                0x10001c50       0xb4 CMakeFiles/oXs.dir/C_/Program_Files/Raspberry_Pi/Pico_SDK_v1.5.0/pico-sdk/src/rp2_common/hardware_irq/irq.c.obj
                0x10001c50                irq_add_tail_to_free_list
 .text.irq_init_priorities
                0x10001d04       0x24 CMakeFiles/oXs.dir/C_/Program_Files/Raspberry_Pi/Pico_SDK_v1.5.0/pico-sdk/src/rp2_common/hardware_irq/irq.c.obj
                0x10001d04                irq_init_priorities
 .text.user_irq_claim_unused
                0x10001d28       0x28 CMakeFiles/oXs.dir/C_/Program_Files/Raspberry_Pi/Pico_SDK_v1.5.0/pico-sdk/src/rp2_common/hardware_irq/irq.c.obj
                0x10001d28                user_irq_claim_unused
 .text.lock_init
                0x10001d50       0x10 CMakeFiles/oXs.dir/C_/Program_Files/Raspberry_Pi/Pico_SDK_v1.5.0/pico-sdk/src/common/pico_sync/lock_core.c.obj
                0x10001d50                lock_init
 .text.mutex_init
                0x10001d60       0x1c CMakeFiles/oXs.dir/C_/Program_Files/Raspberry_Pi/Pico_SDK_v1.5.0/pico-sdk/src/common/pico_sync/mutex.c.obj
                0x10001d60                mutex_init
 .text.recursive_mutex_init
                0x10001d7c       0x1c CMakeFiles/oXs.dir/C_/Program_Files/Raspberry_Pi/Pico_SDK_v1.5.0/pico-sdk/src/common/pico_sync/mutex.c.obj
                0x10001d7c                recursive_mutex_init
 .text.critical_section_init
                0x10001d98       0x20 CMakeFiles/oXs.dir/C_/Program_Files/Raspberry_Pi/Pico_SDK_v1.5.0/pico-sdk/src/common/pico_sync/critical_section.c.obj
                0x10001d98                critical_section_init
 .text.critical_section_init_with_lock_num
                0x10001db8       0x14 CMakeFiles/oXs.dir/C_/Program_Files/Raspberry_Pi/Pico_SDK_v1.5.0/pico-sdk/src/common/pico_sync/critical_section.c.obj
                0x10001db8                critical_section_init_with_lock_num
 .text.timer_pool_entry_comparator
                0x10001dcc       0x34 CMakeFiles/oXs.dir/C_/Program_Files/Raspberry_Pi/Pico_SDK_v1.5.0/pico-sdk/src/common/pico_time/time.c.obj
                0x10001dcc                timer_pool_entry_comparator
 .text.sleep_until_callback
                0x10001e00       0x30 CMakeFiles/oXs.dir/C_/Program_Files/Raspberry_Pi/Pico_SDK_v1.5.0/pico-sdk/src/common/pico_time/time.c.obj
 .text.add_alarm_under_lock.isra.0
                0x10001e30      0x100 CMakeFiles/oXs.dir/C_/Program_Files/Raspberry_Pi/Pico_SDK_v1.5.0/pico-sdk/src/common/pico_time/time.c.obj
 .text.alarm_pool_alarm_callback
                0x10001f30      0x1b8 CMakeFiles/oXs.dir/C_/Program_Files/Raspberry_Pi/Pico_SDK_v1.5.0/pico-sdk/src/common/pico_time/time.c.obj
 .text.alarm_pool_init_default
                0x100020e8       0x6c CMakeFiles/oXs.dir/C_/Program_Files/Raspberry_Pi/Pico_SDK_v1.5.0/pico-sdk/src/common/pico_time/time.c.obj
                0x100020e8                alarm_pool_init_default
 .text.alarm_pool_get_default
                0x10002154        0x8 CMakeFiles/oXs.dir/C_/Program_Files/Raspberry_Pi/Pico_SDK_v1.5.0/pico-sdk/src/common/pico_time/time.c.obj
                0x10002154                alarm_pool_get_default
 .text.alarm_pool_add_alarm_at
                0x1000215c      0x17c CMakeFiles/oXs.dir/C_/Program_Files/Raspberry_Pi/Pico_SDK_v1.5.0/pico-sdk/src/common/pico_time/time.c.obj
                0x1000215c                alarm_pool_add_alarm_at
 .text.alarm_pool_cancel_alarm
                0x100022d8       0x74 CMakeFiles/oXs.dir/C_/Program_Files/Raspberry_Pi/Pico_SDK_v1.5.0/pico-sdk/src/common/pico_time/time.c.obj
                0x100022d8                alarm_pool_cancel_alarm
 .text.alarm_pool_core_num
                0x1000234c        0x4 CMakeFiles/oXs.dir/C_/Program_Files/Raspberry_Pi/Pico_SDK_v1.5.0/pico-sdk/src/common/pico_time/time.c.obj
                0x1000234c                alarm_pool_core_num
 .text.sleep_until
                0x10002350       0xc4 CMakeFiles/oXs.dir/C_/Program_Files/Raspberry_Pi/Pico_SDK_v1.5.0/pico-sdk/src/common/pico_time/time.c.obj
                0x10002350                sleep_until
 .text.sleep_us
                0x10002414       0x24 CMakeFiles/oXs.dir/C_/Program_Files/Raspberry_Pi/Pico_SDK_v1.5.0/pico-sdk/src/common/pico_time/time.c.obj
                0x10002414                sleep_us
 .text.sleep_ms
                0x10002438       0x34 CMakeFiles/oXs.dir/C_/Program_Files/Raspberry_Pi/Pico_SDK_v1.5.0/pico-sdk/src/common/pico_time/time.c.obj
                0x10002438                sleep_ms
 .text.best_effort_wfe_or_timeout
                0x1000246c       0x78 CMakeFiles/oXs.dir/C_/Program_Files/Raspberry_Pi/Pico_SDK_v1.5.0/pico-sdk/src/common/pico_time/time.c.obj
                0x1000246c                best_effort_wfe_or_timeout
 .text.hardware_alarm_irq_handler
                0x100024e4       0xbc CMakeFiles/oXs.dir/C_/Program_Files/Raspberry_Pi/Pico_SDK_v1.5.0/pico-sdk/src/rp2_common/hardware_timer/timer.c.obj
 .text.hardware_alarm_claim
                0x100025a0       0x18 CMakeFiles/oXs.dir/C_/Program_Files/Raspberry_Pi/Pico_SDK_v1.5.0/pico-sdk/src/rp2_common/hardware_timer/timer.c.obj
                0x100025a0                hardware_alarm_claim
 .text.time_us_64
                0x100025b8       0x14 CMakeFiles/oXs.dir/C_/Program_Files/Raspberry_Pi/Pico_SDK_v1.5.0/pico-sdk/src/rp2_common/hardware_timer/timer.c.obj
                0x100025b8                time_us_64
 .text.busy_wait_until
                0x100025cc       0x20 CMakeFiles/oXs.dir/C_/Program_Files/Raspberry_Pi/Pico_SDK_v1.5.0/pico-sdk/src/rp2_common/hardware_timer/timer.c.obj
                0x100025cc                busy_wait_until
 .text.hardware_alarm_set_callback
                0x100025ec       0x8c CMakeFiles/oXs.dir/C_/Program_Files/Raspberry_Pi/Pico_SDK_v1.5.0/pico-sdk/src/rp2_common/hardware_timer/timer.c.obj
                0x100025ec                hardware_alarm_set_callback
 .text.hardware_alarm_set_target
                0x10002678       0xe0 CMakeFiles/oXs.dir/C_/Program_Files/Raspberry_Pi/Pico_SDK_v1.5.0/pico-sdk/src/rp2_common/hardware_timer/timer.c.obj
                0x10002678                hardware_alarm_set_target
 .text.hardware_alarm_cancel
                0x10002758       0x3c CMakeFiles/oXs.dir/C_/Program_Files/Raspberry_Pi/Pico_SDK_v1.5.0/pico-sdk/src/rp2_common/hardware_timer/timer.c.obj
                0x10002758                hardware_alarm_cancel
 .text.ph_merge_nodes
                0x10002794       0x68 CMakeFiles/oXs.dir/C_/Program_Files/Raspberry_Pi/Pico_SDK_v1.5.0/pico-sdk/src/common/pico_util/pheap.c.obj
 .text.ph_post_alloc_init
                0x100027fc       0x3c CMakeFiles/oXs.dir/C_/Program_Files/Raspberry_Pi/Pico_SDK_v1.5.0/pico-sdk/src/common/pico_util/pheap.c.obj
                0x100027fc                ph_post_alloc_init
 .text.ph_merge_two_pass
                0x10002838       0x90 CMakeFiles/oXs.dir/C_/Program_Files/Raspberry_Pi/Pico_SDK_v1.5.0/pico-sdk/src/common/pico_util/pheap.c.obj
                0x10002838                ph_merge_two_pass
 .text.ph_remove_any_head
                0x100028c8      0x100 CMakeFiles/oXs.dir/C_/Program_Files/Raspberry_Pi/Pico_SDK_v1.5.0/pico-sdk/src/common/pico_util/pheap.c.obj
 .text.ph_remove_head
                0x100029c8      0x104 CMakeFiles/oXs.dir/C_/Program_Files/Raspberry_Pi/Pico_SDK_v1.5.0/pico-sdk/src/common/pico_util/pheap.c.obj
                0x100029c8                ph_remove_head
 .text.ph_remove_and_free_node
                0x10002acc       0x7c CMakeFiles/oXs.dir/C_/Program_Files/Raspberry_Pi/Pico_SDK_v1.5.0/pico-sdk/src/common/pico_util/pheap.c.obj
                0x10002acc                ph_remove_and_free_node
 .text.queue_init_with_spinlock
                0x10002b48       0x24 CMakeFiles/oXs.dir/C_/Program_Files/Raspberry_Pi/Pico_SDK_v1.5.0/pico-sdk/src/common/pico_util/queue.c.obj
                0x10002b48                queue_init_with_spinlock
 .text.queue_try_add
                0x10002b6c       0x70 CMakeFiles/oXs.dir/C_/Program_Files/Raspberry_Pi/Pico_SDK_v1.5.0/pico-sdk/src/common/pico_util/queue.c.obj
                0x10002b6c                queue_try_add
 .text.queue_try_remove
                0x10002bdc       0x70 CMakeFiles/oXs.dir/C_/Program_Files/Raspberry_Pi/Pico_SDK_v1.5.0/pico-sdk/src/common/pico_util/queue.c.obj
                0x10002bdc                queue_try_remove
 .text.uart_init
                0x10002c4c       0xe0 CMakeFiles/oXs.dir/C_/Program_Files/Raspberry_Pi/Pico_SDK_v1.5.0/pico-sdk/src/rp2_common/hardware_uart/uart.c.obj
                0x10002c4c                uart_init
 .text.clocks_init
                0x10002d2c      0x2bc CMakeFiles/oXs.dir/C_/Program_Files/Raspberry_Pi/Pico_SDK_v1.5.0/pico-sdk/src/rp2_common/hardware_clocks/clocks.c.obj
                0x10002d2c                clocks_init
 .text.clock_get_hz
                0x10002fe8        0xc CMakeFiles/oXs.dir/C_/Program_Files/Raspberry_Pi/Pico_SDK_v1.5.0/pico-sdk/src/rp2_common/hardware_clocks/clocks.c.obj
                0x10002fe8                clock_get_hz
 .text.pll_init
                0x10002ff4       0xb0 CMakeFiles/oXs.dir/C_/Program_Files/Raspberry_Pi/Pico_SDK_v1.5.0/pico-sdk/src/rp2_common/hardware_pll/pll.c.obj
                0x10002ff4                pll_init
 .text.watchdog_start_tick
                0x100030a4       0x10 CMakeFiles/oXs.dir/C_/Program_Files/Raspberry_Pi/Pico_SDK_v1.5.0/pico-sdk/src/rp2_common/hardware_watchdog/watchdog.c.obj
                0x100030a4                watchdog_start_tick
 .text.watchdog_update
                0x100030b4       0x14 CMakeFiles/oXs.dir/C_/Program_Files/Raspberry_Pi/Pico_SDK_v1.5.0/pico-sdk/src/rp2_common/hardware_watchdog/watchdog.c.obj
                0x100030b4                watchdog_update
 .text.watchdog_enable
                0x100030c8       0x84 CMakeFiles/oXs.dir/C_/Program_Files/Raspberry_Pi/Pico_SDK_v1.5.0/pico-sdk/src/rp2_common/hardware_watchdog/watchdog.c.obj
                0x100030c8                watchdog_enable
 .text.watchdog_reboot
                0x1000314c       0x98 CMakeFiles/oXs.dir/C_/Program_Files/Raspberry_Pi/Pico_SDK_v1.5.0/pico-sdk/src/rp2_common/hardware_watchdog/watchdog.c.obj
                0x1000314c                watchdog_reboot
 .text.xosc_init
                0x100031e4       0x28 CMakeFiles/oXs.dir/C_/Program_Files/Raspberry_Pi/Pico_SDK_v1.5.0/pico-sdk/src/rp2_common/hardware_xosc/xosc.c.obj
                0x100031e4                xosc_init
 .text.runtime_init
                0x1000320c       0xf0 CMakeFiles/oXs.dir/C_/Program_Files/Raspberry_Pi/Pico_SDK_v1.5.0/pico-sdk/src/rp2_common/pico_runtime/runtime.c.obj
                0x1000320c                runtime_init
 .text._exit    0x100032fc        0x4 CMakeFiles/oXs.dir/C_/Program_Files/Raspberry_Pi/Pico_SDK_v1.5.0/pico-sdk/src/rp2_common/pico_runtime/runtime.c.obj
                0x100032fc                _exit
 .text._sbrk    0x10003300       0x34 CMakeFiles/oXs.dir/C_/Program_Files/Raspberry_Pi/Pico_SDK_v1.5.0/pico-sdk/src/rp2_common/pico_runtime/runtime.c.obj
                0x10003300                _sbrk
 .text.exit     0x10003334        0x8 CMakeFiles/oXs.dir/C_/Program_Files/Raspberry_Pi/Pico_SDK_v1.5.0/pico-sdk/src/rp2_common/pico_runtime/runtime.c.obj
                0x10003334                exit
 .text.panic    0x1000333c       0x30 CMakeFiles/oXs.dir/C_/Program_Files/Raspberry_Pi/Pico_SDK_v1.5.0/pico-sdk/src/rp2_common/pico_runtime/runtime.c.obj
                0x1000333c                panic
 .text.hard_assertion_failure
                0x1000336c        0xc CMakeFiles/oXs.dir/C_/Program_Files/Raspberry_Pi/Pico_SDK_v1.5.0/pico-sdk/src/rp2_common/pico_runtime/runtime.c.obj
                0x1000336c                hard_assertion_failure
 .text._out_null
                0x10003378        0x4 CMakeFiles/oXs.dir/C_/Program_Files/Raspberry_Pi/Pico_SDK_v1.5.0/pico-sdk/src/rp2_common/pico_printf/printf.c.obj
 .text._out_rev
                0x1000337c       0x9c CMakeFiles/oXs.dir/C_/Program_Files/Raspberry_Pi/Pico_SDK_v1.5.0/pico-sdk/src/rp2_common/pico_printf/printf.c.obj
 .text._ntoa_format
                0x10003418      0x1cc CMakeFiles/oXs.dir/C_/Program_Files/Raspberry_Pi/Pico_SDK_v1.5.0/pico-sdk/src/rp2_common/pico_printf/printf.c.obj
 .text._out_char
                0x100035e4       0x10 CMakeFiles/oXs.dir/C_/Program_Files/Raspberry_Pi/Pico_SDK_v1.5.0/pico-sdk/src/rp2_common/pico_printf/printf.c.obj
 .text._out_fct
                0x100035f4       0x10 CMakeFiles/oXs.dir/C_/Program_Files/Raspberry_Pi/Pico_SDK_v1.5.0/pico-sdk/src/rp2_common/pico_printf/printf.c.obj
 .text._etoa    0x10003604      0x44c CMakeFiles/oXs.dir/C_/Program_Files/Raspberry_Pi/Pico_SDK_v1.5.0/pico-sdk/src/rp2_common/pico_printf/printf.c.obj
 .text._ftoa    0x10003a50      0x398 CMakeFiles/oXs.dir/C_/Program_Files/Raspberry_Pi/Pico_SDK_v1.5.0/pico-sdk/src/rp2_common/pico_printf/printf.c.obj
 .text._vsnprintf
                0x10003de8      0xb04 CMakeFiles/oXs.dir/C_/Program_Files/Raspberry_Pi/Pico_SDK_v1.5.0/pico-sdk/src/rp2_common/pico_printf/printf.c.obj
 .text.vfctprintf
                0x100048ec       0x20 CMakeFiles/oXs.dir/C_/Program_Files/Raspberry_Pi/Pico_SDK_v1.5.0/pico-sdk/src/rp2_common/pico_printf/printf.c.obj
                0x100048ec                vfctprintf
 .text.weak_raw_vprintf
                0x1000490c       0x30 CMakeFiles/oXs.dir/C_/Program_Files/Raspberry_Pi/Pico_SDK_v1.5.0/pico-sdk/src/rp2_common/pico_printf/printf.c.obj
                0x1000490c                weak_raw_vprintf
 .text          0x1000493c       0x10 CMakeFiles/oXs.dir/C_/Program_Files/Raspberry_Pi/Pico_SDK_v1.5.0/pico-sdk/src/rp2_common/pico_bit_ops/bit_ops_aeabi.S.obj
 .text.ctzsi    0x1000494c        0xc CMakeFiles/oXs.dir/C_/Program_Files/Raspberry_Pi/Pico_SDK_v1.5.0/pico-sdk/src/rp2_common/pico_bit_ops/bit_ops_aeabi.S.obj
                0x1000494c                __wrap___ctzsi2
 .text.rom_func_lookup
                0x10004958       0x10 CMakeFiles/oXs.dir/C_/Program_Files/Raspberry_Pi/Pico_SDK_v1.5.0/pico-sdk/src/rp2_common/pico_bootrom/bootrom.c.obj
                0x10004958                rom_func_lookup
 .text.rom_data_lookup
                0x10004968       0x10 CMakeFiles/oXs.dir/C_/Program_Files/Raspberry_Pi/Pico_SDK_v1.5.0/pico-sdk/src/rp2_common/pico_bootrom/bootrom.c.obj
                0x10004968                rom_data_lookup
 .text.rom_funcs_lookup
                0x10004978       0x44 CMakeFiles/oXs.dir/C_/Program_Files/Raspberry_Pi/Pico_SDK_v1.5.0/pico-sdk/src/rp2_common/pico_bootrom/bootrom.c.obj
                0x10004978                rom_funcs_lookup
 .text.__wrap___aeabi_idiv
                0x100049bc       0x50 CMakeFiles/oXs.dir/C_/Program_Files/Raspberry_Pi/Pico_SDK_v1.5.0/pico-sdk/src/rp2_common/pico_divider/divider.S.obj
                0x100049bc                __wrap___aeabi_idivmod
                0x100049bc                divmod_s32s32
                0x100049bc                div_s32s32
                0x100049bc                __wrap___aeabi_idiv
                0x100049c4                divmod_s32s32_unsafe
                0x100049f0                divmod_s32s32_savestate
 .text.__wrap___aeabi_uidiv
                0x10004a0c       0x4c CMakeFiles/oXs.dir/C_/Program_Files/Raspberry_Pi/Pico_SDK_v1.5.0/pico-sdk/src/rp2_common/pico_divider/divider.S.obj
                0x10004a0c                __wrap___aeabi_uidiv
                0x10004a0c                __wrap___aeabi_uidivmod
                0x10004a0c                div_u32u32
                0x10004a0c                divmod_u32u32
                0x10004a14                divmod_u32u32_unsafe
                0x10004a3c                divmod_u32u32_savestate
 .text.__wrap___aeabi_ldiv
                0x10004a58      0x424 CMakeFiles/oXs.dir/C_/Program_Files/Raspberry_Pi/Pico_SDK_v1.5.0/pico-sdk/src/rp2_common/pico_divider/divider.S.obj
                0x10004a58                div_s64s64
                0x10004a58                divmod_s64s64
                0x10004a58                __wrap___aeabi_ldivmod
                0x10004a88                divmod_u64u64
                0x10004a88                div_u64u64
                0x10004a88                __wrap___aeabi_uldivmod
                0x10004a98                divmod_u64u64_savestate
                0x10004ab8                divmod_s64s64_unsafe
                0x10004b40                divmod_u64u64_unsafe
 .text.__wrap___aeabi_darithmetic
                0x10004e7c       0x80 CMakeFiles/oXs.dir/C_/Program_Files/Raspberry_Pi/Pico_SDK_v1.5.0/pico-sdk/src/rp2_common/pico_double/double_aeabi.S.obj
                0x10004e7c                __wrap___aeabi_drsub
                0x10004e82                __wrap___aeabi_dsub
                0x10004e94                __wrap___aeabi_dadd
                0x10004ea6                __wrap___aeabi_ddiv
                0x10004ee2                __wrap___aeabi_dmul
 .text.__wrap___aeabi_cdcmple
                0x10004efc       0x6c CMakeFiles/oXs.dir/C_/Program_Files/Raspberry_Pi/Pico_SDK_v1.5.0/pico-sdk/src/rp2_common/pico_double/double_aeabi.S.obj
                0x10004efc                __wrap___aeabi_cdrcmple
                0x10004f0c                __wrap___aeabi_cdcmpeq
                0x10004f0c                __wrap___aeabi_cdcmple
 .text.__wrap___aeabi_dcmplt
                0x10004f68        0xc CMakeFiles/oXs.dir/C_/Program_Files/Raspberry_Pi/Pico_SDK_v1.5.0/pico-sdk/src/rp2_common/pico_double/double_aeabi.S.obj
                0x10004f68                __wrap___aeabi_dcmplt
 .text.__wrap___aeabi_dcmple
                0x10004f74       0x10 CMakeFiles/oXs.dir/C_/Program_Files/Raspberry_Pi/Pico_SDK_v1.5.0/pico-sdk/src/rp2_common/pico_double/double_aeabi.S.obj
                0x10004f74                __wrap___aeabi_dcmple
 .text.__wrap___aeabi_dcmpge
                0x10004f84       0x10 CMakeFiles/oXs.dir/C_/Program_Files/Raspberry_Pi/Pico_SDK_v1.5.0/pico-sdk/src/rp2_common/pico_double/double_aeabi.S.obj
                0x10004f84                __wrap___aeabi_dcmpge
 .text.__wrap___aeabi_dcmpgt
                0x10004f94        0xa CMakeFiles/oXs.dir/C_/Program_Files/Raspberry_Pi/Pico_SDK_v1.5.0/pico-sdk/src/rp2_common/pico_double/double_aeabi.S.obj
                0x10004f94                __wrap___aeabi_dcmpgt
 .text.__wrap___aeabi_dcmpun
                0x10004f9e       0x1c CMakeFiles/oXs.dir/C_/Program_Files/Raspberry_Pi/Pico_SDK_v1.5.0/pico-sdk/src/rp2_common/pico_double/double_aeabi.S.obj
                0x10004f9e                __wrap___aeabi_dcmpun
 *fill*         0x10004fba        0x2 
 .text.__wrap___aeabi_i2d
                0x10004fbc       0x38 CMakeFiles/oXs.dir/C_/Program_Files/Raspberry_Pi/Pico_SDK_v1.5.0/pico-sdk/src/rp2_common/pico_double/double_aeabi.S.obj
                0x10004fbc                __wrap___aeabi_ui2d
                0x10004fc4                __wrap___aeabi_i2d
 .text.__wrap___aeabi_d2iz
                0x10004ff4       0x48 CMakeFiles/oXs.dir/C_/Program_Files/Raspberry_Pi/Pico_SDK_v1.5.0/pico-sdk/src/rp2_common/pico_double/double_aeabi.S.obj
                0x10004ff4                double2int_z
                0x10004ff4                __wrap___aeabi_d2iz
 .text.__wrap___aeabi_d2uiz
                0x1000503c       0x18 CMakeFiles/oXs.dir/C_/Program_Files/Raspberry_Pi/Pico_SDK_v1.5.0/pico-sdk/src/rp2_common/pico_double/double_aeabi.S.obj
                0x1000503c                __wrap___aeabi_d2uiz
                0x1000503c                double2uint
 .text.__aeabi_double_init
                0x10005054       0x94 CMakeFiles/oXs.dir/C_/Program_Files/Raspberry_Pi/Pico_SDK_v1.5.0/pico-sdk/src/rp2_common/pico_double/double_init_rom.c.obj
                0x10005054                __aeabi_double_init
 .text.double_table_shim_on_use_helper
                0x100050e8       0x2c CMakeFiles/oXs.dir/C_/Program_Files/Raspberry_Pi/Pico_SDK_v1.5.0/pico-sdk/src/rp2_common/pico_double/double_v1_rom_shim.S.obj
                0x100050e8                double_table_shim_on_use_helper
 .text.__wrap___aeabi_dsub
                0x10005114       0x10 CMakeFiles/oXs.dir/C_/Program_Files/Raspberry_Pi/Pico_SDK_v1.5.0/pico-sdk/src/rp2_common/pico_double/double_v1_rom_shim.S.obj
                0x10005114                drsub_shim
                0x1000511a                dsub_shim
 .text.dadd_shim
                0x10005124      0x15c CMakeFiles/oXs.dir/C_/Program_Files/Raspberry_Pi/Pico_SDK_v1.5.0/pico-sdk/src/rp2_common/pico_double/double_v1_rom_shim.S.obj
                0x10005124                dadd_shim
 .text.dmul_shim
                0x10005280      0x15c CMakeFiles/oXs.dir/C_/Program_Files/Raspberry_Pi/Pico_SDK_v1.5.0/pico-sdk/src/rp2_common/pico_double/double_v1_rom_shim.S.obj
                0x10005280                dmul_shim
 .text.ddiv_shim
                0x100053dc      0x1b0 CMakeFiles/oXs.dir/C_/Program_Files/Raspberry_Pi/Pico_SDK_v1.5.0/pico-sdk/src/rp2_common/pico_double/double_v1_rom_shim.S.obj
                0x100053dc                ddiv_shim
 .text.double2uint_shim
                0x1000558c        0xe CMakeFiles/oXs.dir/C_/Program_Files/Raspberry_Pi/Pico_SDK_v1.5.0/pico-sdk/src/rp2_common/pico_double/double_v1_rom_shim.S.obj
                0x1000558c                double2uint_shim
                0x1000558e                double2ufix_shim
 *fill*         0x1000559a        0x2 
 .text.double2uint64_shim
                0x1000559c       0x70 CMakeFiles/oXs.dir/C_/Program_Files/Raspberry_Pi/Pico_SDK_v1.5.0/pico-sdk/src/rp2_common/pico_double/double_v1_rom_shim.S.obj
                0x1000559c                double2uint64_shim
                0x1000559e                double2ufix64_shim
                0x100055be                d2fix_a
 .text.dunpacks
                0x1000560c       0x3c CMakeFiles/oXs.dir/C_/Program_Files/Raspberry_Pi/Pico_SDK_v1.5.0/pico-sdk/src/rp2_common/pico_double/double_v1_rom_shim.S.obj
                0x1000560c                dunpacks
 .text.__aeabi_lmul
                0x10005648       0x32 CMakeFiles/oXs.dir/C_/Program_Files/Raspberry_Pi/Pico_SDK_v1.5.0/pico-sdk/src/rp2_common/pico_int64_ops/pico_int64_ops_aeabi.S.obj
                0x10005648                __wrap___aeabi_lmul
 *fill*         0x1000567a        0x2 
 .text.__wrap___aeabi_farithmetic
                0x1000567c       0x48 CMakeFiles/oXs.dir/C_/Program_Files/Raspberry_Pi/Pico_SDK_v1.5.0/pico-sdk/src/rp2_common/pico_float/float_aeabi.S.obj
                0x1000567c                __wrap___aeabi_frsub
                0x10005682                __wrap___aeabi_fsub
                0x10005688                __wrap___aeabi_fadd
                0x1000568e                __wrap___aeabi_fdiv
                0x100056b6                __wrap___aeabi_fmul
 .text.__wrap___aeabi_ui2f
                0x100056c4        0xa CMakeFiles/oXs.dir/C_/Program_Files/Raspberry_Pi/Pico_SDK_v1.5.0/pico-sdk/src/rp2_common/pico_float/float_aeabi.S.obj
                0x100056c4                __wrap___aeabi_ui2f
 *fill*         0x100056ce        0x2 
 .text.__wrap___aeabi_i2f
                0x100056d0       0x44 CMakeFiles/oXs.dir/C_/Program_Files/Raspberry_Pi/Pico_SDK_v1.5.0/pico-sdk/src/rp2_common/pico_float/float_aeabi.S.obj
                0x100056d0                __wrap___aeabi_i2f
 .text.__wrap___aeabi_f2uiz
                0x10005714        0xc CMakeFiles/oXs.dir/C_/Program_Files/Raspberry_Pi/Pico_SDK_v1.5.0/pico-sdk/src/rp2_common/pico_float/float_aeabi.S.obj
                0x10005714                __wrap___aeabi_f2uiz
 .text.__aeabi_float_init
                0x10005720       0x64 CMakeFiles/oXs.dir/C_/Program_Files/Raspberry_Pi/Pico_SDK_v1.5.0/pico-sdk/src/rp2_common/pico_float/float_init_rom.c.obj
                0x10005720                __aeabi_float_init
 .text.float_table_shim_on_use_helper
                0x10005784       0x2c CMakeFiles/oXs.dir/C_/Program_Files/Raspberry_Pi/Pico_SDK_v1.5.0/pico-sdk/src/rp2_common/pico_float/float_v1_rom_shim.S.obj
                0x10005784                float_table_shim_on_use_helper
 .text.__wrap_calloc
                0x100057b0       0x40 CMakeFiles/oXs.dir/C_/Program_Files/Raspberry_Pi/Pico_SDK_v1.5.0/pico-sdk/src/rp2_common/pico_malloc/pico_malloc.c.obj
                0x100057b0                __wrap_calloc
 .text          0x100057f0       0x10 CMakeFiles/oXs.dir/C_/Program_Files/Raspberry_Pi/Pico_SDK_v1.5.0/pico-sdk/src/rp2_common/pico_mem_ops/mem_ops_aeabi.S.obj
                0x100057f0                __aeabi_mem_init
 .text.memset   0x10005800        0xc CMakeFiles/oXs.dir/C_/Program_Files/Raspberry_Pi/Pico_SDK_v1.5.0/pico-sdk/src/rp2_common/pico_mem_ops/mem_ops_aeabi.S.obj
                0x10005800                __wrap_memset
 .text.memcpy   0x1000580c        0xc CMakeFiles/oXs.dir/C_/Program_Files/Raspberry_Pi/Pico_SDK_v1.5.0/pico-sdk/src/rp2_common/pico_mem_ops/mem_ops_aeabi.S.obj
                0x1000580c                __wrap_memcpy
                0x1000580c                __wrap___aeabi_memcpy
 .text.stdio_out_chars_no_crlf
                0x10005818       0x10 CMakeFiles/oXs.dir/C_/Program_Files/Raspberry_Pi/Pico_SDK_v1.5.0/pico-sdk/src/rp2_common/pico_stdio/stdio.c.obj
 .text.stdio_out_chars_crlf
                0x10005828       0xb4 CMakeFiles/oXs.dir/C_/Program_Files/Raspberry_Pi/Pico_SDK_v1.5.0/pico-sdk/src/rp2_common/pico_stdio/stdio.c.obj
 .text.stdio_buffered_printer
                0x100058dc       0x64 CMakeFiles/oXs.dir/C_/Program_Files/Raspberry_Pi/Pico_SDK_v1.5.0/pico-sdk/src/rp2_common/pico_stdio/stdio.c.obj
 .text.stdio_put_string.isra.0
                0x10005940       0xfc CMakeFiles/oXs.dir/C_/Program_Files/Raspberry_Pi/Pico_SDK_v1.5.0/pico-sdk/src/rp2_common/pico_stdio/stdio.c.obj
 .text.__wrap_putchar
                0x10005a3c       0x98 CMakeFiles/oXs.dir/C_/Program_Files/Raspberry_Pi/Pico_SDK_v1.5.0/pico-sdk/src/rp2_common/pico_stdio/stdio.c.obj
                0x10005a3c                __wrap_putchar
 .text.__wrap_puts
                0x10005ad4       0x3c CMakeFiles/oXs.dir/C_/Program_Files/Raspberry_Pi/Pico_SDK_v1.5.0/pico-sdk/src/rp2_common/pico_stdio/stdio.c.obj
                0x10005ad4                __wrap_puts
 .text.stdio_set_driver_enabled
                0x10005b10       0x30 CMakeFiles/oXs.dir/C_/Program_Files/Raspberry_Pi/Pico_SDK_v1.5.0/pico-sdk/src/rp2_common/pico_stdio/stdio.c.obj
                0x10005b10                stdio_set_driver_enabled
 .text.__wrap_vprintf
                0x10005b40       0xd8 CMakeFiles/oXs.dir/C_/Program_Files/Raspberry_Pi/Pico_SDK_v1.5.0/pico-sdk/src/rp2_common/pico_stdio/stdio.c.obj
                0x10005b40                __wrap_vprintf
 .text.__wrap_printf
                0x10005c18       0x18 CMakeFiles/oXs.dir/C_/Program_Files/Raspberry_Pi/Pico_SDK_v1.5.0/pico-sdk/src/rp2_common/pico_stdio/stdio.c.obj
                0x10005c18                __wrap_printf
 .text.stdio_init_all
                0x10005c30        0x8 CMakeFiles/oXs.dir/C_/Program_Files/Raspberry_Pi/Pico_SDK_v1.5.0/pico-sdk/src/rp2_common/pico_stdio/stdio.c.obj
                0x10005c30                stdio_init_all
 .text.resetd_init
                0x10005c38        0x4 CMakeFiles/oXs.dir/C_/Program_Files/Raspberry_Pi/Pico_SDK_v1.5.0/pico-sdk/src/rp2_common/pico_stdio_usb/reset_interface.c.obj
 .text.resetd_reset
                0x10005c3c        0xc CMakeFiles/oXs.dir/C_/Program_Files/Raspberry_Pi/Pico_SDK_v1.5.0/pico-sdk/src/rp2_common/pico_stdio_usb/reset_interface.c.obj
 .text.resetd_open
                0x10005c48       0x28 CMakeFiles/oXs.dir/C_/Program_Files/Raspberry_Pi/Pico_SDK_v1.5.0/pico-sdk/src/rp2_common/pico_stdio_usb/reset_interface.c.obj
 .text.resetd_xfer_cb
                0x10005c70        0x4 CMakeFiles/oXs.dir/C_/Program_Files/Raspberry_Pi/Pico_SDK_v1.5.0/pico-sdk/src/rp2_common/pico_stdio_usb/reset_interface.c.obj
 .text.resetd_control_xfer_cb
                0x10005c74       0x64 CMakeFiles/oXs.dir/C_/Program_Files/Raspberry_Pi/Pico_SDK_v1.5.0/pico-sdk/src/rp2_common/pico_stdio_usb/reset_interface.c.obj
 .text.usbd_app_driver_get_cb
                0x10005cd8        0xc CMakeFiles/oXs.dir/C_/Program_Files/Raspberry_Pi/Pico_SDK_v1.5.0/pico-sdk/src/rp2_common/pico_stdio_usb/reset_interface.c.obj
                0x10005cd8                usbd_app_driver_get_cb
 .text.tud_cdc_line_coding_cb
                0x10005ce4       0x34 CMakeFiles/oXs.dir/C_/Program_Files/Raspberry_Pi/Pico_SDK_v1.5.0/pico-sdk/src/rp2_common/pico_stdio_usb/reset_interface.c.obj
                0x10005ce4                tud_cdc_line_coding_cb
 .text.stdio_usb_set_chars_available_callback
                0x10005d18       0x14 CMakeFiles/oXs.dir/C_/Program_Files/Raspberry_Pi/Pico_SDK_v1.5.0/pico-sdk/src/rp2_common/pico_stdio_usb/stdio_usb.c.obj
                0x10005d18                stdio_usb_set_chars_available_callback
 .text.usb_irq  0x10005d2c       0x10 CMakeFiles/oXs.dir/C_/Program_Files/Raspberry_Pi/Pico_SDK_v1.5.0/pico-sdk/src/rp2_common/pico_stdio_usb/stdio_usb.c.obj
 .text.timer_task
                0x10005d3c       0x54 CMakeFiles/oXs.dir/C_/Program_Files/Raspberry_Pi/Pico_SDK_v1.5.0/pico-sdk/src/rp2_common/pico_stdio_usb/stdio_usb.c.obj
 .text.stdio_usb_in_chars
                0x10005d90       0x90 CMakeFiles/oXs.dir/C_/Program_Files/Raspberry_Pi/Pico_SDK_v1.5.0/pico-sdk/src/rp2_common/pico_stdio_usb/stdio_usb.c.obj
                0x10005d90                stdio_usb_in_chars
 .text.stdio_usb_out_chars
                0x10005e20      0x100 CMakeFiles/oXs.dir/C_/Program_Files/Raspberry_Pi/Pico_SDK_v1.5.0/pico-sdk/src/rp2_common/pico_stdio_usb/stdio_usb.c.obj
 .text.low_priority_worker_irq
                0x10005f20       0xa8 CMakeFiles/oXs.dir/C_/Program_Files/Raspberry_Pi/Pico_SDK_v1.5.0/pico-sdk/src/rp2_common/pico_stdio_usb/stdio_usb.c.obj
 .text.tud_cdc_rx_cb
                0x10005fc8       0x20 CMakeFiles/oXs.dir/C_/Program_Files/Raspberry_Pi/Pico_SDK_v1.5.0/pico-sdk/src/rp2_common/pico_stdio_usb/stdio_usb.c.obj
                0x10005fc8                tud_cdc_rx_cb
 .text.stdio_usb_init
                0x10005fe8       0xdc CMakeFiles/oXs.dir/C_/Program_Files/Raspberry_Pi/Pico_SDK_v1.5.0/pico-sdk/src/rp2_common/pico_stdio_usb/stdio_usb.c.obj
                0x10005fe8                stdio_usb_init
 .text.tud_descriptor_device_cb
                0x100060c4        0x8 CMakeFiles/oXs.dir/C_/Program_Files/Raspberry_Pi/Pico_SDK_v1.5.0/pico-sdk/src/rp2_common/pico_stdio_usb/stdio_usb_descriptors.c.obj
                0x100060c4                tud_descriptor_device_cb
 .text.tud_descriptor_configuration_cb
                0x100060cc        0x8 CMakeFiles/oXs.dir/C_/Program_Files/Raspberry_Pi/Pico_SDK_v1.5.0/pico-sdk/src/rp2_common/pico_stdio_usb/stdio_usb_descriptors.c.obj
                0x100060cc                tud_descriptor_configuration_cb
 .text.tud_descriptor_string_cb
                0x100060d4       0x74 CMakeFiles/oXs.dir/C_/Program_Files/Raspberry_Pi/Pico_SDK_v1.5.0/pico-sdk/src/rp2_common/pico_stdio_usb/stdio_usb_descriptors.c.obj
                0x100060d4                tud_descriptor_string_cb
 .text.startup._retrieve_unique_id_on_boot
                0x10006148       0x10 CMakeFiles/oXs.dir/C_/Program_Files/Raspberry_Pi/Pico_SDK_v1.5.0/pico-sdk/src/rp2_common/pico_unique_id/unique_id.c.obj
 .text.pico_get_unique_board_id_string
                0x10006158      0x1a8 CMakeFiles/oXs.dir/C_/Program_Files/Raspberry_Pi/Pico_SDK_v1.5.0/pico-sdk/src/rp2_common/pico_unique_id/unique_id.c.obj
                0x10006158                pico_get_unique_board_id_string
 .text.flash_get_unique_id
                0x10006300       0x40 CMakeFiles/oXs.dir/C_/Program_Files/Raspberry_Pi/Pico_SDK_v1.5.0/pico-sdk/src/rp2_common/hardware_flash/flash.c.obj
                0x10006300                flash_get_unique_id
 .text.dcd_int_enable
                0x10006340        0xc CMakeFiles/oXs.dir/C_/Program_Files/Raspberry_Pi/Pico_SDK_v1.5.0/pico-sdk/lib/tinyusb/src/portable/raspberrypi/rp2040/dcd_rp2040.c.obj
                0x10006340                dcd_int_enable
 .text.dcd_set_address
                0x1000634c       0x14 CMakeFiles/oXs.dir/C_/Program_Files/Raspberry_Pi/Pico_SDK_v1.5.0/pico-sdk/lib/tinyusb/src/portable/raspberrypi/rp2040/dcd_rp2040.c.obj
                0x1000634c                dcd_set_address
 .text.dcd_connect
                0x10006360       0x10 CMakeFiles/oXs.dir/C_/Program_Files/Raspberry_Pi/Pico_SDK_v1.5.0/pico-sdk/lib/tinyusb/src/portable/raspberrypi/rp2040/dcd_rp2040.c.obj
                0x10006360                dcd_connect
 .text.dcd_init
                0x10006370       0x98 CMakeFiles/oXs.dir/C_/Program_Files/Raspberry_Pi/Pico_SDK_v1.5.0/pico-sdk/lib/tinyusb/src/portable/raspberrypi/rp2040/dcd_rp2040.c.obj
                0x10006370                dcd_init
 .text.dcd_edpt0_status_complete
                0x10006408       0x1c CMakeFiles/oXs.dir/C_/Program_Files/Raspberry_Pi/Pico_SDK_v1.5.0/pico-sdk/lib/tinyusb/src/portable/raspberrypi/rp2040/dcd_rp2040.c.obj
                0x10006408                dcd_edpt0_status_complete
 .text.dcd_edpt_open
                0x10006424      0x108 CMakeFiles/oXs.dir/C_/Program_Files/Raspberry_Pi/Pico_SDK_v1.5.0/pico-sdk/lib/tinyusb/src/portable/raspberrypi/rp2040/dcd_rp2040.c.obj
                0x10006424                dcd_edpt_open
 .text.dcd_edpt_close_all
                0x1000652c        0x8 CMakeFiles/oXs.dir/C_/Program_Files/Raspberry_Pi/Pico_SDK_v1.5.0/pico-sdk/lib/tinyusb/src/portable/raspberrypi/rp2040/dcd_rp2040.c.obj
                0x1000652c                dcd_edpt_close_all
 .text.dcd_edpt_xfer
                0x10006534       0x24 CMakeFiles/oXs.dir/C_/Program_Files/Raspberry_Pi/Pico_SDK_v1.5.0/pico-sdk/lib/tinyusb/src/portable/raspberrypi/rp2040/dcd_rp2040.c.obj
                0x10006534                dcd_edpt_xfer
 .text.dcd_edpt_stall
                0x10006558       0x38 CMakeFiles/oXs.dir/C_/Program_Files/Raspberry_Pi/Pico_SDK_v1.5.0/pico-sdk/lib/tinyusb/src/portable/raspberrypi/rp2040/dcd_rp2040.c.obj
                0x10006558                dcd_edpt_stall
 .text.dcd_edpt_clear_stall
                0x10006590       0x30 CMakeFiles/oXs.dir/C_/Program_Files/Raspberry_Pi/Pico_SDK_v1.5.0/pico-sdk/lib/tinyusb/src/portable/raspberrypi/rp2040/dcd_rp2040.c.obj
                0x10006590                dcd_edpt_clear_stall
 .text.rp2040_usb_init
                0x100065c0       0x4c CMakeFiles/oXs.dir/C_/Program_Files/Raspberry_Pi/Pico_SDK_v1.5.0/pico-sdk/lib/tinyusb/src/portable/raspberrypi/rp2040/rp2040_usb.c.obj
                0x100065c0                rp2040_usb_init
 .text.hw_endpoint_xfer_start
                0x1000660c       0x50 CMakeFiles/oXs.dir/C_/Program_Files/Raspberry_Pi/Pico_SDK_v1.5.0/pico-sdk/lib/tinyusb/src/portable/raspberrypi/rp2040/rp2040_usb.c.obj
                0x1000660c                hw_endpoint_xfer_start
 .text.tud_mounted
                0x1000665c       0x10 CMakeFiles/oXs.dir/C_/Program_Files/Raspberry_Pi/Pico_SDK_v1.5.0/pico-sdk/lib/tinyusb/src/device/usbd.c.obj
                0x1000665c                tud_mounted
 .text.tud_suspended
                0x1000666c       0x10 CMakeFiles/oXs.dir/C_/Program_Files/Raspberry_Pi/Pico_SDK_v1.5.0/pico-sdk/lib/tinyusb/src/device/usbd.c.obj
                0x1000666c                tud_suspended
 .text.tud_inited
                0x1000667c       0x14 CMakeFiles/oXs.dir/C_/Program_Files/Raspberry_Pi/Pico_SDK_v1.5.0/pico-sdk/lib/tinyusb/src/device/usbd.c.obj
                0x1000667c                tud_inited
 .text.tud_init
                0x10006690       0xe4 CMakeFiles/oXs.dir/C_/Program_Files/Raspberry_Pi/Pico_SDK_v1.5.0/pico-sdk/lib/tinyusb/src/device/usbd.c.obj
                0x10006690                tud_init
 .text.tud_task_ext
                0x10006774      0x854 CMakeFiles/oXs.dir/C_/Program_Files/Raspberry_Pi/Pico_SDK_v1.5.0/pico-sdk/lib/tinyusb/src/device/usbd.c.obj
                0x10006774                tud_task_ext
 .text.usbd_open_edpt_pair
                0x10006fc8       0x9c CMakeFiles/oXs.dir/C_/Program_Files/Raspberry_Pi/Pico_SDK_v1.5.0/pico-sdk/lib/tinyusb/src/device/usbd.c.obj
                0x10006fc8                usbd_open_edpt_pair
 .text.usbd_defer_func
                0x10007064       0x48 CMakeFiles/oXs.dir/C_/Program_Files/Raspberry_Pi/Pico_SDK_v1.5.0/pico-sdk/lib/tinyusb/src/device/usbd.c.obj
                0x10007064                usbd_defer_func
 .text.usbd_edpt_open
                0x100070ac       0x34 CMakeFiles/oXs.dir/C_/Program_Files/Raspberry_Pi/Pico_SDK_v1.5.0/pico-sdk/lib/tinyusb/src/device/usbd.c.obj
                0x100070ac                usbd_edpt_open
 .text.usbd_edpt_claim
                0x100070e0       0x28 CMakeFiles/oXs.dir/C_/Program_Files/Raspberry_Pi/Pico_SDK_v1.5.0/pico-sdk/lib/tinyusb/src/device/usbd.c.obj
                0x100070e0                usbd_edpt_claim
 .text.usbd_edpt_release
                0x10007108       0x28 CMakeFiles/oXs.dir/C_/Program_Files/Raspberry_Pi/Pico_SDK_v1.5.0/pico-sdk/lib/tinyusb/src/device/usbd.c.obj
                0x10007108                usbd_edpt_release
 .text.usbd_edpt_xfer
                0x10007130       0x4c CMakeFiles/oXs.dir/C_/Program_Files/Raspberry_Pi/Pico_SDK_v1.5.0/pico-sdk/lib/tinyusb/src/device/usbd.c.obj
                0x10007130                usbd_edpt_xfer
 .text.tud_control_status
                0x1000717c       0x30 CMakeFiles/oXs.dir/C_/Program_Files/Raspberry_Pi/Pico_SDK_v1.5.0/pico-sdk/lib/tinyusb/src/device/usbd_control.c.obj
                0x1000717c                tud_control_status
 .text.tud_control_xfer
                0x100071ac       0xbc CMakeFiles/oXs.dir/C_/Program_Files/Raspberry_Pi/Pico_SDK_v1.5.0/pico-sdk/lib/tinyusb/src/device/usbd_control.c.obj
                0x100071ac                tud_control_xfer
 .text.usbd_control_reset
                0x10007268       0x14 CMakeFiles/oXs.dir/C_/Program_Files/Raspberry_Pi/Pico_SDK_v1.5.0/pico-sdk/lib/tinyusb/src/device/usbd_control.c.obj
                0x10007268                usbd_control_reset
 .text.usbd_control_set_complete_callback
                0x1000727c        0xc CMakeFiles/oXs.dir/C_/Program_Files/Raspberry_Pi/Pico_SDK_v1.5.0/pico-sdk/lib/tinyusb/src/device/usbd_control.c.obj
                0x1000727c                usbd_control_set_complete_callback
 .text.usbd_control_set_request
                0x10007288       0x1c CMakeFiles/oXs.dir/C_/Program_Files/Raspberry_Pi/Pico_SDK_v1.5.0/pico-sdk/lib/tinyusb/src/device/usbd_control.c.obj
                0x10007288                usbd_control_set_request
 .text.usbd_control_xfer_cb
                0x100072a4       0xfc CMakeFiles/oXs.dir/C_/Program_Files/Raspberry_Pi/Pico_SDK_v1.5.0/pico-sdk/lib/tinyusb/src/device/usbd_control.c.obj
                0x100072a4                usbd_control_xfer_cb
 .text.tud_cdc_n_connected
                0x100073a0       0x30 CMakeFiles/oXs.dir/C_/Program_Files/Raspberry_Pi/Pico_SDK_v1.5.0/pico-sdk/lib/tinyusb/src/class/cdc/cdc_device.c.obj
                0x100073a0                tud_cdc_n_connected
 .text.tud_cdc_n_available
                0x100073d0       0x18 CMakeFiles/oXs.dir/C_/Program_Files/Raspberry_Pi/Pico_SDK_v1.5.0/pico-sdk/lib/tinyusb/src/class/cdc/cdc_device.c.obj
                0x100073d0                tud_cdc_n_available
 .text.tud_cdc_n_read
                0x100073e8       0x70 CMakeFiles/oXs.dir/C_/Program_Files/Raspberry_Pi/Pico_SDK_v1.5.0/pico-sdk/lib/tinyusb/src/class/cdc/cdc_device.c.obj
                0x100073e8                tud_cdc_n_read
 .text.tud_cdc_n_write_flush
                0x10007458       0x78 CMakeFiles/oXs.dir/C_/Program_Files/Raspberry_Pi/Pico_SDK_v1.5.0/pico-sdk/lib/tinyusb/src/class/cdc/cdc_device.c.obj
                0x10007458                tud_cdc_n_write_flush
 .text.tud_cdc_n_write
                0x100074d0       0x34 CMakeFiles/oXs.dir/C_/Program_Files/Raspberry_Pi/Pico_SDK_v1.5.0/pico-sdk/lib/tinyusb/src/class/cdc/cdc_device.c.obj
                0x100074d0                tud_cdc_n_write
 .text.tud_cdc_n_write_available
                0x10007504       0x18 CMakeFiles/oXs.dir/C_/Program_Files/Raspberry_Pi/Pico_SDK_v1.5.0/pico-sdk/lib/tinyusb/src/class/cdc/cdc_device.c.obj
                0x10007504                tud_cdc_n_write_available
 .text.cdcd_init
                0x1000751c       0x7c CMakeFiles/oXs.dir/C_/Program_Files/Raspberry_Pi/Pico_SDK_v1.5.0/pico-sdk/lib/tinyusb/src/class/cdc/cdc_device.c.obj
                0x1000751c                cdcd_init
 .text.cdcd_reset
                0x10007598       0x2c CMakeFiles/oXs.dir/C_/Program_Files/Raspberry_Pi/Pico_SDK_v1.5.0/pico-sdk/lib/tinyusb/src/class/cdc/cdc_device.c.obj
                0x10007598                cdcd_reset
 .text.cdcd_open
                0x100075c4       0xe8 CMakeFiles/oXs.dir/C_/Program_Files/Raspberry_Pi/Pico_SDK_v1.5.0/pico-sdk/lib/tinyusb/src/class/cdc/cdc_device.c.obj
                0x100075c4                cdcd_open
 .text.cdcd_control_xfer_cb
                0x100076ac       0xe4 CMakeFiles/oXs.dir/C_/Program_Files/Raspberry_Pi/Pico_SDK_v1.5.0/pico-sdk/lib/tinyusb/src/class/cdc/cdc_device.c.obj
                0x100076ac                cdcd_control_xfer_cb
 .text.cdcd_xfer_cb
                0x10007790      0x148 CMakeFiles/oXs.dir/C_/Program_Files/Raspberry_Pi/Pico_SDK_v1.5.0/pico-sdk/lib/tinyusb/src/class/cdc/cdc_device.c.obj
                0x10007790                cdcd_xfer_cb
 .text.tusb_init
                0x100078d8        0xc CMakeFiles/oXs.dir/C_/Program_Files/Raspberry_Pi/Pico_SDK_v1.5.0/pico-sdk/lib/tinyusb/src/tusb.c.obj
                0x100078d8                tusb_init
 .text.tusb_inited
                0x100078e4        0x8 CMakeFiles/oXs.dir/C_/Program_Files/Raspberry_Pi/Pico_SDK_v1.5.0/pico-sdk/lib/tinyusb/src/tusb.c.obj
                0x100078e4                tusb_inited
 .text.tu_edpt_claim
                0x100078ec       0x50 CMakeFiles/oXs.dir/C_/Program_Files/Raspberry_Pi/Pico_SDK_v1.5.0/pico-sdk/lib/tinyusb/src/tusb.c.obj
                0x100078ec                tu_edpt_claim
 .text.tu_edpt_release
                0x1000793c       0x38 CMakeFiles/oXs.dir/C_/Program_Files/Raspberry_Pi/Pico_SDK_v1.5.0/pico-sdk/lib/tinyusb/src/tusb.c.obj
                0x1000793c                tu_edpt_release
 .text.tu_edpt_validate
                0x10007974       0x78 CMakeFiles/oXs.dir/C_/Program_Files/Raspberry_Pi/Pico_SDK_v1.5.0/pico-sdk/lib/tinyusb/src/tusb.c.obj
                0x10007974                tu_edpt_validate
 .text.tu_edpt_bind_driver
                0x100079ec       0x34 CMakeFiles/oXs.dir/C_/Program_Files/Raspberry_Pi/Pico_SDK_v1.5.0/pico-sdk/lib/tinyusb/src/tusb.c.obj
                0x100079ec                tu_edpt_bind_driver
 .text.tu_fifo_config
                0x10007a20       0x70 CMakeFiles/oXs.dir/C_/Program_Files/Raspberry_Pi/Pico_SDK_v1.5.0/pico-sdk/lib/tinyusb/src/common/tusb_fifo.c.obj
                0x10007a20                tu_fifo_config
 .text.tu_fifo_count
                0x10007a90       0x2c CMakeFiles/oXs.dir/C_/Program_Files/Raspberry_Pi/Pico_SDK_v1.5.0/pico-sdk/lib/tinyusb/src/common/tusb_fifo.c.obj
                0x10007a90                tu_fifo_count
 .text.tu_fifo_empty
                0x10007abc       0x10 CMakeFiles/oXs.dir/C_/Program_Files/Raspberry_Pi/Pico_SDK_v1.5.0/pico-sdk/lib/tinyusb/src/common/tusb_fifo.c.obj
                0x10007abc                tu_fifo_empty
 .text.tu_fifo_remaining
                0x10007acc       0x2c CMakeFiles/oXs.dir/C_/Program_Files/Raspberry_Pi/Pico_SDK_v1.5.0/pico-sdk/lib/tinyusb/src/common/tusb_fifo.c.obj
                0x10007acc                tu_fifo_remaining
 .text.tu_fifo_read
                0x10007af8       0xa0 CMakeFiles/oXs.dir/C_/Program_Files/Raspberry_Pi/Pico_SDK_v1.5.0/pico-sdk/lib/tinyusb/src/common/tusb_fifo.c.obj
                0x10007af8                tu_fifo_read
 .text.tu_fifo_read_n
                0x10007b98       0xec CMakeFiles/oXs.dir/C_/Program_Files/Raspberry_Pi/Pico_SDK_v1.5.0/pico-sdk/lib/tinyusb/src/common/tusb_fifo.c.obj
                0x10007b98                tu_fifo_read_n
 .text.tu_fifo_write
                0x10007c84       0x88 CMakeFiles/oXs.dir/C_/Program_Files/Raspberry_Pi/Pico_SDK_v1.5.0/pico-sdk/lib/tinyusb/src/common/tusb_fifo.c.obj
                0x10007c84                tu_fifo_write
 .text.tu_fifo_write_n
                0x10007d0c      0x168 CMakeFiles/oXs.dir/C_/Program_Files/Raspberry_Pi/Pico_SDK_v1.5.0/pico-sdk/lib/tinyusb/src/common/tusb_fifo.c.obj
                0x10007d0c                tu_fifo_write_n
 .text.tu_fifo_clear
                0x10007e74       0x40 CMakeFiles/oXs.dir/C_/Program_Files/Raspberry_Pi/Pico_SDK_v1.5.0/pico-sdk/lib/tinyusb/src/common/tusb_fifo.c.obj
                0x10007e74                tu_fifo_clear
 .text.tu_fifo_set_overwritable
                0x10007eb4       0x48 CMakeFiles/oXs.dir/C_/Program_Files/Raspberry_Pi/Pico_SDK_v1.5.0/pico-sdk/lib/tinyusb/src/common/tusb_fifo.c.obj
                0x10007eb4                tu_fifo_set_overwritable
 .text.pio_add_program
                0x10007efc       0xc8 CMakeFiles/oXs.dir/C_/Program_Files/Raspberry_Pi/Pico_SDK_v1.5.0/pico-sdk/src/rp2_common/hardware_pio/pio.c.obj
                0x10007efc                pio_add_program
 .text.pio_sm_set_pins_with_mask
                0x10007fc4       0xa4 CMakeFiles/oXs.dir/C_/Program_Files/Raspberry_Pi/Pico_SDK_v1.5.0/pico-sdk/src/rp2_common/hardware_pio/pio.c.obj
                0x10007fc4                pio_sm_set_pins_with_mask
 .text.pio_sm_set_pindirs_with_mask
                0x10008068       0xa4 CMakeFiles/oXs.dir/C_/Program_Files/Raspberry_Pi/Pico_SDK_v1.5.0/pico-sdk/src/rp2_common/hardware_pio/pio.c.obj
                0x10008068                pio_sm_set_pindirs_with_mask
 .text.pio_sm_init
                0x1000810c       0x8c CMakeFiles/oXs.dir/C_/Program_Files/Raspberry_Pi/Pico_SDK_v1.5.0/pico-sdk/src/rp2_common/hardware_pio/pio.c.obj
                0x1000810c                pio_sm_init
 .text.dma_claim_unused_channel
                0x10008198       0x20 CMakeFiles/oXs.dir/C_/Program_Files/Raspberry_Pi/Pico_SDK_v1.5.0/pico-sdk/src/rp2_common/hardware_dma/dma.c.obj
                0x10008198                dma_claim_unused_channel
 .text.calloc   0x100081b8       0x18 c:/progra~1/raspbe~1/picosd~1.0/gcc-ar~1/bin/../lib/gcc/arm-none-eabi/10.3.1/../../../../arm-none-eabi/lib/thumb/v6-m/nofp\libc.a(lib_a-calloc.o)
                0x100081b8                calloc
 .text._calloc_r
                0x100081d0       0x9c c:/progra~1/raspbe~1/picosd~1.0/gcc-ar~1/bin/../lib/gcc/arm-none-eabi/10.3.1/../../../../arm-none-eabi/lib/thumb/v6-m/nofp\libc.a(lib_a-callocr.o)
                0x100081d0                _calloc_r
 .text.__errno  0x1000826c        0xc c:/progra~1/raspbe~1/picosd~1.0/gcc-ar~1/bin/../lib/gcc/arm-none-eabi/10.3.1/../../../../arm-none-eabi/lib/thumb/v6-m/nofp\libc.a(lib_a-errno.o)
                0x1000826c                __errno
 .text._malloc_r
                0x10008278      0x584 c:/progra~1/raspbe~1/picosd~1.0/gcc-ar~1/bin/../lib/gcc/arm-none-eabi/10.3.1/../../../../arm-none-eabi/lib/thumb/v6-m/nofp\libc.a(lib_a-mallocr.o)
                0x10008278                _malloc_r
 .text.__malloc_lock
                0x100087fc       0x10 c:/progra~1/raspbe~1/picosd~1.0/gcc-ar~1/bin/../lib/gcc/arm-none-eabi/10.3.1/../../../../arm-none-eabi/lib/thumb/v6-m/nofp\libc.a(lib_a-mlock.o)
                0x100087fc                __malloc_lock
 .text.__malloc_unlock
                0x1000880c       0x10 c:/progra~1/raspbe~1/picosd~1.0/gcc-ar~1/bin/../lib/gcc/arm-none-eabi/10.3.1/../../../../arm-none-eabi/lib/thumb/v6-m/nofp\libc.a(lib_a-mlock.o)
                0x1000880c                __malloc_unlock
 .text._sbrk_r  0x1000881c       0x24 c:/progra~1/raspbe~1/picosd~1.0/gcc-ar~1/bin/../lib/gcc/arm-none-eabi/10.3.1/../../../../arm-none-eabi/lib/thumb/v6-m/nofp\libc.a(lib_a-sbrkr.o)
                0x1000881c                _sbrk_r
 .text.strlen   0x10008840       0x5c c:/progra~1/raspbe~1/picosd~1.0/gcc-ar~1/bin/../lib/gcc/arm-none-eabi/10.3.1/../../../../arm-none-eabi/lib/thumb/v6-m/nofp\libc.a(lib_a-strlen-stub.o)
                0x10008840                strlen
 .text._malloc_trim_r
                0x1000889c       0x9c c:/progra~1/raspbe~1/picosd~1.0/gcc-ar~1/bin/../lib/gcc/arm-none-eabi/10.3.1/../../../../arm-none-eabi/lib/thumb/v6-m/nofp\libc.a(lib_a-freer.o)
                0x1000889c                _malloc_trim_r
 .text._free_r  0x10008938      0x1c4 c:/progra~1/raspbe~1/picosd~1.0/gcc-ar~1/bin/../lib/gcc/arm-none-eabi/10.3.1/../../../../arm-none-eabi/lib/thumb/v6-m/nofp\libc.a(lib_a-freer.o)
                0x10008938                _free_r
 .text.__retarget_lock_acquire_recursive
                0x10008afc        0x4 c:/progra~1/raspbe~1/picosd~1.0/gcc-ar~1/bin/../lib/gcc/arm-none-eabi/10.3.1/../../../../arm-none-eabi/lib/thumb/v6-m/nofp\libc.a(lib_a-lock.o)
                0x10008afc                __retarget_lock_acquire_recursive
 .text.__retarget_lock_release_recursive
                0x10008b00        0x4 c:/progra~1/raspbe~1/picosd~1.0/gcc-ar~1/bin/../lib/gcc/arm-none-eabi/10.3.1/../../../../arm-none-eabi/lib/thumb/v6-m/nofp\libc.a(lib_a-lock.o)
                0x10008b00                __retarget_lock_release_recursive
 *(.fini)
 .fini          0x10008b04        0x4 c:/progra~1/raspbe~1/picosd~1.0/gcc-ar~1/bin/../lib/gcc/arm-none-eabi/10.3.1/thumb/v6-m/nofp/crti.o
                0x10008b04                _fini
 .fini.__stub   0x10008b08       0xe0 linker stubs
 *crtbegin.o(.ctors)
 *crtbegin?.o(.ctors)
 *(EXCLUDE_FILE(*crtend.o *crtend?.o) .ctors)
 *(SORT_BY_NAME(.ctors.*))
 *(.ctors)
 *crtbegin.o(.dtors)
 *crtbegin?.o(.dtors)
 *(EXCLUDE_FILE(*crtend.o *crtend?.o) .dtors)
 *(SORT_BY_NAME(.dtors.*))
 *(.dtors)
 *(.eh_frame*)
 .eh_frame      0x10008be8        0x0 c:/progra~1/raspbe~1/picosd~1.0/gcc-ar~1/bin/../lib/gcc/arm-none-eabi/10.3.1/thumb/v6-m/nofp/crtbegin.o
                0x10008be8                . = ALIGN (0x4)

.glue_7         0x10008be8        0x0
 .glue_7        0x10008be8        0x0 linker stubs

.glue_7t        0x10008be8        0x0
 .glue_7t       0x10008be8        0x0 linker stubs

.vfp11_veneer   0x10008be8        0x0
 .vfp11_veneer  0x10008be8        0x0 linker stubs

.v4_bx          0x10008be8        0x0
 .v4_bx         0x10008be8        0x0 linker stubs

.iplt           0x10008be8        0x0
 .iplt          0x10008be8        0x0 c:/progra~1/raspbe~1/picosd~1.0/gcc-ar~1/bin/../lib/gcc/arm-none-eabi/10.3.1/thumb/v6-m/nofp/crtbegin.o

.rodata         0x10008be8      0x8fc
 *(EXCLUDE_FILE(*libm.a: *libc.a:*lib_a-mem*.o *libgcc.a:) .rodata*)
 .rodata._ZL15command_crc8tab
                0x10008be8      0x100 CMakeFiles/oXs.dir/src/crc.cpp.obj
 .rodata._ZL7crc8tab
                0x10008ce8      0x100 CMakeFiles/oXs.dir/src/crc.cpp.obj
 .rodata._Z13storeTlmFramev.str1.4
                0x10008de8       0x21 CMakeFiles/oXs.dir/src/crsf.cpp.obj
 *fill*         0x10008e09        0x3 
 .rodata._Z13storeTlmFramev
                0x10008e0c       0x7c CMakeFiles/oXs.dir/src/crsf.cpp.obj
 .rodata._Z11handleTlmInv
                0x10008e88       0x14 CMakeFiles/oXs.dir/src/crsf.cpp.obj
 .rodata._ZL20crsf_uart_rx_program
                0x10008e9c        0x6 CMakeFiles/oXs.dir/src/crsf.cpp.obj
 *fill*         0x10008ea2        0x2 
 .rodata._ZL20crsf_uart_tx_program
                0x10008ea4        0x6 CMakeFiles/oXs.dir/src/crsf.cpp.obj
 *fill*         0x10008eaa        0x2 
 .rodata._ZL33crsf_uart_rx_program_instructions
                0x10008eac       0x12 CMakeFiles/oXs.dir/src/crsf.cpp.obj
 *fill*         0x10008ebe        0x2 
 .rodata._ZL33crsf_uart_tx_program_instructions
                0x10008ec0        0x8 CMakeFiles/oXs.dir/src/crsf.cpp.obj
 .rodata._Z5setupv.str1.4
                0x10008ec8        0x8 CMakeFiles/oXs.dir/src/main.cpp.obj
 .rodata._Z15on_sbus_uart_rxv.str1.4
                0x10008ed0       0x14 CMakeFiles/oXs.dir/src/sbus.cpp.obj
 .rodata        0x10008ee4       0x78 CMakeFiles/oXs.dir/src/sport.cpp.obj
 .rodata._ZL21sport_uart_rx_program
                0x10008f5c        0x6 CMakeFiles/oXs.dir/src/sport.cpp.obj
 *fill*         0x10008f62        0x2 
 .rodata._ZL21sport_uart_tx_program
                0x10008f64        0x6 CMakeFiles/oXs.dir/src/sport.cpp.obj
 *fill*         0x10008f6a        0x2 
 .rodata._ZL34sport_uart_rx_program_instructions
                0x10008f6c       0x12 CMakeFiles/oXs.dir/src/sport.cpp.obj
 *fill*         0x10008f7e        0x2 
 .rodata._ZL34sport_uart_tx_program_instructions
                0x10008f80        0x8 CMakeFiles/oXs.dir/src/sport.cpp.obj
 .rodata.spin_lock_claim_unused.str1.4
                0x10008f88       0x1b CMakeFiles/oXs.dir/C_/Program_Files/Raspberry_Pi/Pico_SDK_v1.5.0/pico-sdk/src/rp2_common/hardware_sync/sync.c.obj
 *fill*         0x10008fa3        0x1 
 .rodata.user_irq_claim_unused.str1.4
                0x10008fa4       0x1b CMakeFiles/oXs.dir/C_/Program_Files/Raspberry_Pi/Pico_SDK_v1.5.0/pico-sdk/src/rp2_common/hardware_irq/irq.c.obj
 *fill*         0x10008fbf        0x1 
 .rodata.hardware_alarm_claim.str1.4
                0x10008fc0       0x22 CMakeFiles/oXs.dir/C_/Program_Files/Raspberry_Pi/Pico_SDK_v1.5.0/pico-sdk/src/rp2_common/hardware_timer/timer.c.obj
 *fill*         0x10008fe2        0x2 
 .rodata.panic.str1.4
                0x10008fe4       0x12 CMakeFiles/oXs.dir/C_/Program_Files/Raspberry_Pi/Pico_SDK_v1.5.0/pico-sdk/src/rp2_common/pico_runtime/runtime.c.obj
 *fill*         0x10008ff6        0x2 
 .rodata.hard_assertion_failure.str1.4
                0x10008ff8        0xc CMakeFiles/oXs.dir/C_/Program_Files/Raspberry_Pi/Pico_SDK_v1.5.0/pico-sdk/src/rp2_common/pico_runtime/runtime.c.obj
 .rodata._ftoa.str1.4
                0x10009004       0x15 CMakeFiles/oXs.dir/C_/Program_Files/Raspberry_Pi/Pico_SDK_v1.5.0/pico-sdk/src/rp2_common/pico_printf/printf.c.obj
 *fill*         0x10009019        0x3 
 .rodata._vsnprintf
                0x1000901c      0x1e0 CMakeFiles/oXs.dir/C_/Program_Files/Raspberry_Pi/Pico_SDK_v1.5.0/pico-sdk/src/rp2_common/pico_printf/printf.c.obj
 *fill*         0x100091fc        0x4 
 .rodata.pow10.0
                0x10009200       0x50 CMakeFiles/oXs.dir/C_/Program_Files/Raspberry_Pi/Pico_SDK_v1.5.0/pico-sdk/src/rp2_common/pico_printf/printf.c.obj
 .rodata.__wrap_malloc.str1.4
                0x10009250        0xe CMakeFiles/oXs.dir/C_/Program_Files/Raspberry_Pi/Pico_SDK_v1.5.0/pico-sdk/src/rp2_common/pico_malloc/pico_malloc.c.obj
 *fill*         0x1000925e        0x2 
 .rodata.str1.4
                0x10009260       0x38 CMakeFiles/oXs.dir/C_/Program_Files/Raspberry_Pi/Pico_SDK_v1.5.0/pico-sdk/src/rp2_common/pico_standard_link/binary_info.c.obj
 .rodata.__bi_44
                0x10009298        0xc CMakeFiles/oXs.dir/C_/Program_Files/Raspberry_Pi/Pico_SDK_v1.5.0/pico-sdk/src/rp2_common/pico_standard_link/binary_info.c.obj
 .rodata.__bi_75
                0x100092a4        0xc CMakeFiles/oXs.dir/C_/Program_Files/Raspberry_Pi/Pico_SDK_v1.5.0/pico-sdk/src/rp2_common/pico_standard_link/binary_info.c.obj
 .rodata.__bi_81
                0x100092b0        0xc CMakeFiles/oXs.dir/C_/Program_Files/Raspberry_Pi/Pico_SDK_v1.5.0/pico-sdk/src/rp2_common/pico_standard_link/binary_info.c.obj
 .rodata.crlf_str.0
                0x100092bc        0x2 CMakeFiles/oXs.dir/C_/Program_Files/Raspberry_Pi/Pico_SDK_v1.5.0/pico-sdk/src/rp2_common/pico_stdio/stdio.c.obj
 *fill*         0x100092be        0x2 
 .rodata._resetd_driver
                0x100092c0       0x18 CMakeFiles/oXs.dir/C_/Program_Files/Raspberry_Pi/Pico_SDK_v1.5.0/pico-sdk/src/rp2_common/pico_stdio_usb/reset_interface.c.obj
 .rodata.str1.4
                0x100092d8       0x13 CMakeFiles/oXs.dir/C_/Program_Files/Raspberry_Pi/Pico_SDK_v1.5.0/pico-sdk/src/rp2_common/pico_stdio_usb/stdio_usb.c.obj
 *fill*         0x100092eb        0x1 
 .rodata.__bi_188.0
                0x100092ec        0xc CMakeFiles/oXs.dir/C_/Program_Files/Raspberry_Pi/Pico_SDK_v1.5.0/pico-sdk/src/rp2_common/pico_stdio_usb/stdio_usb.c.obj
 .rodata.str1.4
                0x100092f8       0x2a CMakeFiles/oXs.dir/C_/Program_Files/Raspberry_Pi/Pico_SDK_v1.5.0/pico-sdk/src/rp2_common/pico_stdio_usb/stdio_usb_descriptors.c.obj
 *fill*         0x10009322        0x2 
 .rodata.usbd_desc_cfg
                0x10009324       0x54 CMakeFiles/oXs.dir/C_/Program_Files/Raspberry_Pi/Pico_SDK_v1.5.0/pico-sdk/src/rp2_common/pico_stdio_usb/stdio_usb_descriptors.c.obj
 .rodata.usbd_desc_device
                0x10009378       0x12 CMakeFiles/oXs.dir/C_/Program_Files/Raspberry_Pi/Pico_SDK_v1.5.0/pico-sdk/src/rp2_common/pico_stdio_usb/stdio_usb_descriptors.c.obj
 *fill*         0x1000938a        0x2 
 .rodata.usbd_desc_str
                0x1000938c       0x18 CMakeFiles/oXs.dir/C_/Program_Files/Raspberry_Pi/Pico_SDK_v1.5.0/pico-sdk/src/rp2_common/pico_stdio_usb/stdio_usb_descriptors.c.obj
 .rodata.str1.4
                0x100093a4       0x14 CMakeFiles/oXs.dir/C_/Program_Files/Raspberry_Pi/Pico_SDK_v1.5.0/pico-sdk/lib/tinyusb/src/portable/raspberrypi/rp2040/dcd_rp2040.c.obj
 .rodata.str1.4
                0x100093b8       0x53 CMakeFiles/oXs.dir/C_/Program_Files/Raspberry_Pi/Pico_SDK_v1.5.0/pico-sdk/lib/tinyusb/src/portable/raspberrypi/rp2040/rp2040_usb.c.obj
 *fill*         0x1000940b        0x1 
 .rodata.tud_task_ext
                0x1000940c       0x8c CMakeFiles/oXs.dir/C_/Program_Files/Raspberry_Pi/Pico_SDK_v1.5.0/pico-sdk/lib/tinyusb/src/device/usbd.c.obj
 .rodata._usbd_driver
                0x10009498       0x18 CMakeFiles/oXs.dir/C_/Program_Files/Raspberry_Pi/Pico_SDK_v1.5.0/pico-sdk/lib/tinyusb/src/device/usbd.c.obj
 .rodata.pio_add_program.str1.4
                0x100094b0       0x11 CMakeFiles/oXs.dir/C_/Program_Files/Raspberry_Pi/Pico_SDK_v1.5.0/pico-sdk/src/rp2_common/hardware_pio/pio.c.obj
 *fill*         0x100094c1        0x3 
 .rodata.dma_claim_unused_channel.str1.4
                0x100094c4       0x1e CMakeFiles/oXs.dir/C_/Program_Files/Raspberry_Pi/Pico_SDK_v1.5.0/pico-sdk/src/rp2_common/hardware_dma/dma.c.obj
                0x100094e4                . = ALIGN (0x4)
 *fill*         0x100094e2        0x2 
 *(SORT_BY_ALIGNMENT(SORT_BY_NAME(.flashdata*)))
                0x100094e4                . = ALIGN (0x4)

.rel.dyn        0x100094e4        0x0
 .rel.iplt      0x100094e4        0x0 c:/progra~1/raspbe~1/picosd~1.0/gcc-ar~1/bin/../lib/gcc/arm-none-eabi/10.3.1/thumb/v6-m/nofp/crtbegin.o

.ARM.extab
 *(.ARM.extab* .gnu.linkonce.armextab.*)
                0x100094e4                __exidx_start = .

.ARM.exidx
 *(.ARM.exidx* .gnu.linkonce.armexidx.*)
                0x100094e4                __exidx_end = .
                0x100094e4                . = ALIGN (0x4)
                0x100094e4                __binary_info_start = .

.binary_info    0x100094e4       0x20
 *(.binary_info.keep.*)
 .binary_info.keep.__bi_ptr22
                0x100094e4        0x4 CMakeFiles/oXs.dir/C_/Program_Files/Raspberry_Pi/Pico_SDK_v1.5.0/pico-sdk/src/rp2_common/pico_standard_link/binary_info.c.obj
 .binary_info.keep.__bi_ptr30
                0x100094e8        0x4 CMakeFiles/oXs.dir/C_/Program_Files/Raspberry_Pi/Pico_SDK_v1.5.0/pico-sdk/src/rp2_common/pico_standard_link/binary_info.c.obj
 .binary_info.keep.__bi_ptr38
                0x100094ec        0x4 CMakeFiles/oXs.dir/C_/Program_Files/Raspberry_Pi/Pico_SDK_v1.5.0/pico-sdk/src/rp2_common/pico_standard_link/binary_info.c.obj
 .binary_info.keep.__bi_ptr44
                0x100094f0        0x4 CMakeFiles/oXs.dir/C_/Program_Files/Raspberry_Pi/Pico_SDK_v1.5.0/pico-sdk/src/rp2_common/pico_standard_link/binary_info.c.obj
 .binary_info.keep.__bi_ptr50
                0x100094f4        0x4 CMakeFiles/oXs.dir/C_/Program_Files/Raspberry_Pi/Pico_SDK_v1.5.0/pico-sdk/src/rp2_common/pico_standard_link/binary_info.c.obj
 .binary_info.keep.__bi_ptr75
                0x100094f8        0x4 CMakeFiles/oXs.dir/C_/Program_Files/Raspberry_Pi/Pico_SDK_v1.5.0/pico-sdk/src/rp2_common/pico_standard_link/binary_info.c.obj
 .binary_info.keep.__bi_ptr81
                0x100094fc        0x4 CMakeFiles/oXs.dir/C_/Program_Files/Raspberry_Pi/Pico_SDK_v1.5.0/pico-sdk/src/rp2_common/pico_standard_link/binary_info.c.obj
 *(.binary_info.*)
 .binary_info.__bi_ptr188
                0x10009500        0x4 CMakeFiles/oXs.dir/C_/Program_Files/Raspberry_Pi/Pico_SDK_v1.5.0/pico-sdk/src/rp2_common/pico_stdio_usb/stdio_usb.c.obj
                0x10009504                __binary_info_end = .
                0x10009504                . = ALIGN (0x4)
                0x10009504                __etext = .

.ram_vector_table
                0x20000000       0xc0
 *(.ram_vector_table)
 .ram_vector_table
                0x20000000       0xc0 CMakeFiles/oXs.dir/C_/Program_Files/Raspberry_Pi/Pico_SDK_v1.5.0/pico-sdk/src/rp2_common/pico_runtime/runtime.c.obj
                0x20000000                ram_vector_table

.data           0x200000c0     0x16fc load address 0x10009504
                0x200000c0                __data_start__ = .
 *(vtable)
 *(.time_critical*)
 .time_critical.mutex_enter_blocking
                0x200000c0       0x48 CMakeFiles/oXs.dir/C_/Program_Files/Raspberry_Pi/Pico_SDK_v1.5.0/pico-sdk/src/common/pico_sync/mutex.c.obj
                0x200000c0                mutex_enter_blocking
 .time_critical.mutex_try_enter
                0x20000108       0x44 CMakeFiles/oXs.dir/C_/Program_Files/Raspberry_Pi/Pico_SDK_v1.5.0/pico-sdk/src/common/pico_sync/mutex.c.obj
                0x20000108                mutex_try_enter
 .time_critical.mutex_try_enter_block_until
                0x2000014c       0x9c CMakeFiles/oXs.dir/C_/Program_Files/Raspberry_Pi/Pico_SDK_v1.5.0/pico-sdk/src/common/pico_sync/mutex.c.obj
                0x2000014c                mutex_try_enter_block_until
 .time_critical.mutex_enter_timeout_ms
                0x200001e8       0x90 CMakeFiles/oXs.dir/C_/Program_Files/Raspberry_Pi/Pico_SDK_v1.5.0/pico-sdk/src/common/pico_sync/mutex.c.obj
                0x200001e8                mutex_enter_timeout_ms
 .time_critical.mutex_exit
                0x20000278       0x28 CMakeFiles/oXs.dir/C_/Program_Files/Raspberry_Pi/Pico_SDK_v1.5.0/pico-sdk/src/common/pico_sync/mutex.c.obj
                0x20000278                mutex_exit
 .time_critical.flash_init_boot2_copyout
                0x200002a0       0x30 CMakeFiles/oXs.dir/C_/Program_Files/Raspberry_Pi/Pico_SDK_v1.5.0/pico-sdk/src/rp2_common/hardware_flash/flash.c.obj
 .time_critical.flash_enable_xip_via_boot2
                0x200002d0       0x10 CMakeFiles/oXs.dir/C_/Program_Files/Raspberry_Pi/Pico_SDK_v1.5.0/pico-sdk/src/rp2_common/hardware_flash/flash.c.obj
 .time_critical.flash_cs_force
                0x200002e0       0x38 CMakeFiles/oXs.dir/C_/Program_Files/Raspberry_Pi/Pico_SDK_v1.5.0/pico-sdk/src/rp2_common/hardware_flash/flash.c.obj
 .time_critical.flash_do_cmd
                0x20000318       0xc4 CMakeFiles/oXs.dir/C_/Program_Files/Raspberry_Pi/Pico_SDK_v1.5.0/pico-sdk/src/rp2_common/hardware_flash/flash.c.obj
                0x20000318                flash_do_cmd
 .time_critical.reset_non_control_endpoints
                0x200003dc       0xbc CMakeFiles/oXs.dir/C_/Program_Files/Raspberry_Pi/Pico_SDK_v1.5.0/pico-sdk/lib/tinyusb/src/portable/raspberrypi/rp2040/dcd_rp2040.c.obj
 .time_critical.hw_handle_buff_status
                0x20000498       0xa8 CMakeFiles/oXs.dir/C_/Program_Files/Raspberry_Pi/Pico_SDK_v1.5.0/pico-sdk/lib/tinyusb/src/portable/raspberrypi/rp2040/dcd_rp2040.c.obj
 .time_critical.dcd_rp2040_irq
                0x20000540      0x4d8 CMakeFiles/oXs.dir/C_/Program_Files/Raspberry_Pi/Pico_SDK_v1.5.0/pico-sdk/lib/tinyusb/src/portable/raspberrypi/rp2040/dcd_rp2040.c.obj
 .time_critical.e15_is_bulkin_ep
                0x20000a18       0x28 CMakeFiles/oXs.dir/C_/Program_Files/Raspberry_Pi/Pico_SDK_v1.5.0/pico-sdk/lib/tinyusb/src/portable/raspberrypi/rp2040/rp2040_usb.c.obj
 .time_critical.e15_is_critical_frame_period
                0x20000a40       0x34 CMakeFiles/oXs.dir/C_/Program_Files/Raspberry_Pi/Pico_SDK_v1.5.0/pico-sdk/lib/tinyusb/src/portable/raspberrypi/rp2040/rp2040_usb.c.obj
 .time_critical.prepare_ep_buffer
                0x20000a74       0x70 CMakeFiles/oXs.dir/C_/Program_Files/Raspberry_Pi/Pico_SDK_v1.5.0/pico-sdk/lib/tinyusb/src/portable/raspberrypi/rp2040/rp2040_usb.c.obj
 .time_critical.sync_ep_buffer
                0x20000ae4       0x4c CMakeFiles/oXs.dir/C_/Program_Files/Raspberry_Pi/Pico_SDK_v1.5.0/pico-sdk/lib/tinyusb/src/portable/raspberrypi/rp2040/rp2040_usb.c.obj
 .time_critical._hw_endpoint_xfer_sync
                0x20000b30       0x28 CMakeFiles/oXs.dir/C_/Program_Files/Raspberry_Pi/Pico_SDK_v1.5.0/pico-sdk/lib/tinyusb/src/portable/raspberrypi/rp2040/rp2040_usb.c.obj
 .time_critical.hw_endpoint_reset_transfer
                0x20000b58        0xc CMakeFiles/oXs.dir/C_/Program_Files/Raspberry_Pi/Pico_SDK_v1.5.0/pico-sdk/lib/tinyusb/src/portable/raspberrypi/rp2040/rp2040_usb.c.obj
                0x20000b58                hw_endpoint_reset_transfer
 .time_critical._hw_endpoint_buffer_control_update32
                0x20000b64       0x58 CMakeFiles/oXs.dir/C_/Program_Files/Raspberry_Pi/Pico_SDK_v1.5.0/pico-sdk/lib/tinyusb/src/portable/raspberrypi/rp2040/rp2040_usb.c.obj
                0x20000b64                _hw_endpoint_buffer_control_update32
 .time_critical.hw_endpoint_start_next_buffer
                0x20000bbc       0x6c CMakeFiles/oXs.dir/C_/Program_Files/Raspberry_Pi/Pico_SDK_v1.5.0/pico-sdk/lib/tinyusb/src/portable/raspberrypi/rp2040/rp2040_usb.c.obj
                0x20000bbc                hw_endpoint_start_next_buffer
 .time_critical.hw_endpoint_xfer_continue
                0x20000c28       0x50 CMakeFiles/oXs.dir/C_/Program_Files/Raspberry_Pi/Pico_SDK_v1.5.0/pico-sdk/lib/tinyusb/src/portable/raspberrypi/rp2040/rp2040_usb.c.obj
                0x20000c28                hw_endpoint_xfer_continue
 .time_critical.tinyusb
                0x20000c78      0x170 CMakeFiles/oXs.dir/C_/Program_Files/Raspberry_Pi/Pico_SDK_v1.5.0/pico-sdk/lib/tinyusb/src/device/usbd.c.obj
                0x20000c78                dcd_event_handler
 *(.text*)
 .text          0x20000de8        0x4 c:/progra~1/raspbe~1/picosd~1.0/gcc-ar~1/bin/../lib/gcc/arm-none-eabi/10.3.1/thumb/v6-m/nofp\libgcc.a(_dvmd_tls.o)
                0x20000de8                __aeabi_idiv0
                0x20000de8                __aeabi_ldiv0
 *fill*         0x20000dec        0x4 
 .text.__stub   0x20000df0       0x70 linker stubs
                0x20000e60                . = ALIGN (0x4)
 *(.rodata*)
                0x20000e60                . = ALIGN (0x4)
 *(.data*)
 .data._ZZ15sendCrsfRcFramevE22waitFirstFrameFromElrs
                0x20000e60        0x1 CMakeFiles/oXs.dir/src/crsf.cpp.obj
 *fill*         0x20000e61        0x3 
 .data.crsfPio  0x20000e64        0x4 CMakeFiles/oXs.dir/src/crsf.cpp.obj
                0x20000e64                crsfPio
 .data.crsfRcFrameIntervalMicros
                0x20000e68        0x4 CMakeFiles/oXs.dir/src/crsf.cpp.obj
                0x20000e68                crsfRcFrameIntervalMicros
 .data.crsfSmRx
                0x20000e6c        0x4 CMakeFiles/oXs.dir/src/crsf.cpp.obj
                0x20000e6c                crsfSmRx
 .data.sportPio
                0x20000e70        0x4 CMakeFiles/oXs.dir/src/sport.cpp.obj
                0x20000e70                sportPio
 .data.sportSmRx
                0x20000e74        0x4 CMakeFiles/oXs.dir/src/sport.cpp.obj
                0x20000e74                sportSmRx
 .data.striped_spin_lock_num
                0x20000e78        0x1 CMakeFiles/oXs.dir/C_/Program_Files/Raspberry_Pi/Pico_SDK_v1.5.0/pico-sdk/src/rp2_common/hardware_sync/sync.c.obj
 *fill*         0x20000e79        0x3 
 .data          0x20000e7c       0x48 CMakeFiles/oXs.dir/C_/Program_Files/Raspberry_Pi/Pico_SDK_v1.5.0/pico-sdk/src/rp2_common/hardware_irq/irq_handler_chain.S.obj
                0x20000e7c                irq_handler_chain_slots
                0x20000eac                irq_handler_chain_first_slot
                0x20000eb6                irq_handler_chain_remove_tail
 .data.default_alarm_pool
                0x20000ec4       0x18 CMakeFiles/oXs.dir/C_/Program_Files/Raspberry_Pi/Pico_SDK_v1.5.0/pico-sdk/src/common/pico_time/time.c.obj
 .data.default_alarm_pool_heap
                0x20000edc       0x10 CMakeFiles/oXs.dir/C_/Program_Files/Raspberry_Pi/Pico_SDK_v1.5.0/pico-sdk/src/common/pico_time/time.c.obj
 *fill*         0x20000eec        0x4 
 .data.aeabi_bits_funcs
                0x20000ef0       0x10 CMakeFiles/oXs.dir/C_/Program_Files/Raspberry_Pi/Pico_SDK_v1.5.0/pico-sdk/src/rp2_common/pico_bit_ops/bit_ops_aeabi.S.obj
                0x20000ef0                aeabi_bits_funcs
                0x20000f00                aeabi_bits_funcs_end
 .data.aeabi_mem_funcs
                0x20000f00       0x10 CMakeFiles/oXs.dir/C_/Program_Files/Raspberry_Pi/Pico_SDK_v1.5.0/pico-sdk/src/rp2_common/pico_mem_ops/mem_ops_aeabi.S.obj
                0x20000f00                aeabi_mem_funcs
                0x20000f10                aeabi_mem_funcs_end
 .data.stdio_usb
                0x20000f10       0x18 CMakeFiles/oXs.dir/C_/Program_Files/Raspberry_Pi/Pico_SDK_v1.5.0/pico-sdk/src/rp2_common/pico_stdio_usb/stdio_usb.c.obj
                0x20000f10                stdio_usb
 .data.ep_dir_string
                0x20000f28        0x8 CMakeFiles/oXs.dir/C_/Program_Files/Raspberry_Pi/Pico_SDK_v1.5.0/pico-sdk/lib/tinyusb/src/portable/raspberrypi/rp2040/rp2040_usb.c.obj
                0x20000f28                ep_dir_string
 .data._usbd_qdef
                0x20000f30       0x1c CMakeFiles/oXs.dir/C_/Program_Files/Raspberry_Pi/Pico_SDK_v1.5.0/pico-sdk/lib/tinyusb/src/device/usbd.c.obj
                0x20000f30                _usbd_qdef
 .data._usbd_rhport
                0x20000f4c        0x1 CMakeFiles/oXs.dir/C_/Program_Files/Raspberry_Pi/Pico_SDK_v1.5.0/pico-sdk/lib/tinyusb/src/device/usbd.c.obj
 *fill*         0x20000f4d        0x3 
 .data._impure_ptr
                0x20000f50        0x4 c:/progra~1/raspbe~1/picosd~1.0/gcc-ar~1/bin/../lib/gcc/arm-none-eabi/10.3.1/../../../../arm-none-eabi/lib/thumb/v6-m/nofp\libc.a(lib_a-impure.o)
                0x20000f50                _impure_ptr
 *fill*         0x20000f54        0x4 
 .data.impure_data
                0x20000f58      0x428 c:/progra~1/raspbe~1/picosd~1.0/gcc-ar~1/bin/../lib/gcc/arm-none-eabi/10.3.1/../../../../arm-none-eabi/lib/thumb/v6-m/nofp\libc.a(lib_a-impure.o)
 .data.__malloc_av_
                0x20001380      0x408 c:/progra~1/raspbe~1/picosd~1.0/gcc-ar~1/bin/../lib/gcc/arm-none-eabi/10.3.1/../../../../arm-none-eabi/lib/thumb/v6-m/nofp\libc.a(lib_a-mallocr.o)
                0x20001380                __malloc_av_
 .data.__malloc_sbrk_base
                0x20001788        0x4 c:/progra~1/raspbe~1/picosd~1.0/gcc-ar~1/bin/../lib/gcc/arm-none-eabi/10.3.1/../../../../arm-none-eabi/lib/thumb/v6-m/nofp\libc.a(lib_a-mallocr.o)
                0x20001788                __malloc_sbrk_base
 .data.__malloc_trim_threshold
                0x2000178c        0x4 c:/progra~1/raspbe~1/picosd~1.0/gcc-ar~1/bin/../lib/gcc/arm-none-eabi/10.3.1/../../../../arm-none-eabi/lib/thumb/v6-m/nofp\libc.a(lib_a-mallocr.o)
                0x2000178c                __malloc_trim_threshold
                0x20001790                . = ALIGN (0x4)
 *(.after_data.*)
                0x20001790                . = ALIGN (0x4)
                0x20001790                PROVIDE (__mutex_array_start = .)
 *(SORT_BY_NAME(.mutex_array.*))
 *(.mutex_array)
 .mutex_array   0x20001790        0x8 CMakeFiles/oXs.dir/C_/Program_Files/Raspberry_Pi/Pico_SDK_v1.5.0/pico-sdk/src/rp2_common/pico_malloc/pico_malloc.c.obj
 .mutex_array   0x20001798        0x8 CMakeFiles/oXs.dir/C_/Program_Files/Raspberry_Pi/Pico_SDK_v1.5.0/pico-sdk/src/rp2_common/pico_stdio/stdio.c.obj
                0x200017a0                PROVIDE (__mutex_array_end = .)
                0x200017a0                . = ALIGN (0x4)
                0x200017a0                PROVIDE (__preinit_array_start = .)
 *(SORT_BY_NAME(.preinit_array.*))
 .preinit_array.00001
                0x200017a0        0x4 CMakeFiles/oXs.dir/C_/Program_Files/Raspberry_Pi/Pico_SDK_v1.5.0/pico-sdk/src/rp2_common/pico_mem_ops/mem_ops_aeabi.S.obj
 .preinit_array.00010
                0x200017a4        0x4 CMakeFiles/oXs.dir/C_/Program_Files/Raspberry_Pi/Pico_SDK_v1.5.0/pico-sdk/src/rp2_common/pico_bit_ops/bit_ops_aeabi.S.obj
 .preinit_array.00020
                0x200017a8        0x4 CMakeFiles/oXs.dir/C_/Program_Files/Raspberry_Pi/Pico_SDK_v1.5.0/pico-sdk/src/rp2_common/pico_double/double_aeabi.S.obj
 .preinit_array.00020
                0x200017ac        0x4 CMakeFiles/oXs.dir/C_/Program_Files/Raspberry_Pi/Pico_SDK_v1.5.0/pico-sdk/src/rp2_common/pico_float/float_aeabi.S.obj
 *(.preinit_array)
                0x200017b0                PROVIDE (__preinit_array_end = .)
                0x200017b0                . = ALIGN (0x4)
                0x200017b0                PROVIDE (__init_array_start = .)
 *(SORT_BY_NAME(.init_array.*))
 *(.init_array)
 .init_array    0x200017b0        0x4 c:/progra~1/raspbe~1/picosd~1.0/gcc-ar~1/bin/../lib/gcc/arm-none-eabi/10.3.1/thumb/v6-m/nofp/crtbegin.o
 .init_array    0x200017b4        0x4 CMakeFiles/oXs.dir/src/crsf.cpp.obj
 .init_array    0x200017b8        0x4 CMakeFiles/oXs.dir/C_/Program_Files/Raspberry_Pi/Pico_SDK_v1.5.0/pico-sdk/src/rp2_common/pico_unique_id/unique_id.c.obj
                0x200017bc                PROVIDE (__init_array_end = .)
                0x200017bc                . = ALIGN (0x4)
                [!provide]                PROVIDE (__fini_array_start = .)
 *(SORT_BY_NAME(.fini_array.*))
 *(.fini_array)
                [!provide]                PROVIDE (__fini_array_end = .)
 *(.jcr)
                0x200017bc                . = ALIGN (0x4)
                0x200017bc                __data_end__ = .

.igot.plt       0x200017bc        0x0 load address 0x1000ac00
 .igot.plt      0x200017bc        0x0 c:/progra~1/raspbe~1/picosd~1.0/gcc-ar~1/bin/../lib/gcc/arm-none-eabi/10.3.1/thumb/v6-m/nofp/crtbegin.o

.uninitialized_data
                0x200017bc        0x0 load address 0x1000ac00
                0x200017bc                . = ALIGN (0x4)
 *(.uninitialized_data*)

.scratch_x      0x20040000        0x0 load address 0x1000ac00
                0x20040000                __scratch_x_start__ = .
 *(.scratch_x.*)
                0x20040000                . = ALIGN (0x4)
                0x20040000                __scratch_x_end__ = .
                0x1000ac00                __scratch_x_source__ = LOADADDR (.scratch_x)

.scratch_y      0x20041000        0x0 load address 0x1000ac00
                0x20041000                __scratch_y_start__ = .
 *(.scratch_y.*)
                0x20041000                . = ALIGN (0x4)
                0x20041000                __scratch_y_end__ = .
                0x1000ac00                __scratch_y_source__ = LOADADDR (.scratch_y)

.bss            0x200017c0     0x11fc
                0x200017c0                . = ALIGN (0x4)
                0x200017c0                __bss_start__ = .
 *(SORT_BY_ALIGNMENT(SORT_BY_NAME(.bss*)))
 .bss.default_alarm_pool_entries
                0x200017c0      0x100 CMakeFiles/oXs.dir/C_/Program_Files/Raspberry_Pi/Pico_SDK_v1.5.0/pico-sdk/src/common/pico_time/time.c.obj
 .bss.last_avail_time.1
                0x200018c0        0x8 CMakeFiles/oXs.dir/C_/Program_Files/Raspberry_Pi/Pico_SDK_v1.5.0/pico-sdk/src/rp2_common/pico_stdio_usb/stdio_usb.c.obj
 .bss.sd_table  0x200018c8      0x100 CMakeFiles/oXs.dir/C_/Program_Files/Raspberry_Pi/Pico_SDK_v1.5.0/pico-sdk/src/rp2_common/pico_double/double_init_rom.c.obj
                0x200018c8                sd_table
 .bss.sf_table  0x200019c8      0x100 CMakeFiles/oXs.dir/C_/Program_Files/Raspberry_Pi/Pico_SDK_v1.5.0/pico-sdk/src/rp2_common/pico_float/float_init_rom.c.obj
                0x200019c8                sf_table
 .bss           0x20001ac8       0x1c c:/progra~1/raspbe~1/picosd~1.0/gcc-ar~1/bin/../lib/gcc/arm-none-eabi/10.3.1/thumb/v6-m/nofp/crtbegin.o
 .bss._ZZ12handleSbusInvE14lastSbusMillis
                0x20001ae4        0x4 CMakeFiles/oXs.dir/src/sbus.cpp.obj
 .bss._ZZ15sendCrsfRcFramevE21lastRcFrameSendMicros
                0x20001ae8        0x4 CMakeFiles/oXs.dir/src/crsf.cpp.obj
 .bss.__lock___malloc_recursive_mutex
                0x20001aec        0x1 c:/progra~1/raspbe~1/picosd~1.0/gcc-ar~1/bin/../lib/gcc/arm-none-eabi/10.3.1/../../../../arm-none-eabi/lib/thumb/v6-m/nofp\libc.a(lib_a-lock.o)
                0x20001aec                __lock___malloc_recursive_mutex
 *fill*         0x20001aed        0x3 
 .bss.__malloc_current_mallinfo
                0x20001af0       0x28 c:/progra~1/raspbe~1/picosd~1.0/gcc-ar~1/bin/../lib/gcc/arm-none-eabi/10.3.1/../../../../arm-none-eabi/lib/thumb/v6-m/nofp\libc.a(lib_a-mallocr.o)
                0x20001af0                __malloc_current_mallinfo
 .bss.__malloc_max_sbrked_mem
                0x20001b18        0x4 c:/progra~1/raspbe~1/picosd~1.0/gcc-ar~1/bin/../lib/gcc/arm-none-eabi/10.3.1/../../../../arm-none-eabi/lib/thumb/v6-m/nofp\libc.a(lib_a-mallocr.o)
                0x20001b18                __malloc_max_sbrked_mem
 .bss.__malloc_max_total_mem
                0x20001b1c        0x4 c:/progra~1/raspbe~1/picosd~1.0/gcc-ar~1/bin/../lib/gcc/arm-none-eabi/10.3.1/../../../../arm-none-eabi/lib/thumb/v6-m/nofp\libc.a(lib_a-mallocr.o)
                0x20001b1c                __malloc_max_total_mem
 .bss.__malloc_top_pad
                0x20001b20        0x4 c:/progra~1/raspbe~1/picosd~1.0/gcc-ar~1/bin/../lib/gcc/arm-none-eabi/10.3.1/../../../../arm-none-eabi/lib/thumb/v6-m/nofp\libc.a(lib_a-mallocr.o)
                0x20001b20                __malloc_top_pad
 .bss._app_driver
                0x20001b24        0x4 CMakeFiles/oXs.dir/C_/Program_Files/Raspberry_Pi/Pico_SDK_v1.5.0/pico-sdk/lib/tinyusb/src/device/usbd.c.obj
 .bss._cdcd_itf
                0x20001b28      0x2c8 CMakeFiles/oXs.dir/C_/Program_Files/Raspberry_Pi/Pico_SDK_v1.5.0/pico-sdk/lib/tinyusb/src/class/cdc/cdc_device.c.obj
 .bss._ctrl_xfer
                0x20001df0       0x14 CMakeFiles/oXs.dir/C_/Program_Files/Raspberry_Pi/Pico_SDK_v1.5.0/pico-sdk/lib/tinyusb/src/device/usbd_control.c.obj
 .bss._ubsd_mutexdef
                0x20001e04        0x8 CMakeFiles/oXs.dir/C_/Program_Files/Raspberry_Pi/Pico_SDK_v1.5.0/pico-sdk/lib/tinyusb/src/device/usbd.c.obj
 .bss._usbd_ctrl_buf
                0x20001e0c       0x40 CMakeFiles/oXs.dir/C_/Program_Files/Raspberry_Pi/Pico_SDK_v1.5.0/pico-sdk/lib/tinyusb/src/device/usbd_control.c.obj
 .bss._usbd_dev
                0x20001e4c       0x53 CMakeFiles/oXs.dir/C_/Program_Files/Raspberry_Pi/Pico_SDK_v1.5.0/pico-sdk/lib/tinyusb/src/device/usbd.c.obj
 *fill*         0x20001e9f        0x1 
 .bss._usbd_mutex
                0x20001ea0        0x4 CMakeFiles/oXs.dir/C_/Program_Files/Raspberry_Pi/Pico_SDK_v1.5.0/pico-sdk/lib/tinyusb/src/device/usbd.c.obj
 .bss._usbd_q   0x20001ea4        0x4 CMakeFiles/oXs.dir/C_/Program_Files/Raspberry_Pi/Pico_SDK_v1.5.0/pico-sdk/lib/tinyusb/src/device/usbd.c.obj
 .bss._usbd_qdef_buf
                0x20001ea8       0xc0 CMakeFiles/oXs.dir/C_/Program_Files/Raspberry_Pi/Pico_SDK_v1.5.0/pico-sdk/lib/tinyusb/src/device/usbd.c.obj
                0x20001ea8                _usbd_qdef_buf
 .bss._used_instruction_space
                0x20001f68        0x8 CMakeFiles/oXs.dir/C_/Program_Files/Raspberry_Pi/Pico_SDK_v1.5.0/pico-sdk/src/rp2_common/hardware_pio/pio.c.obj
 .bss.alarm_callbacks
                0x20001f70       0x10 CMakeFiles/oXs.dir/C_/Program_Files/Raspberry_Pi/Pico_SDK_v1.5.0/pico-sdk/src/rp2_common/hardware_timer/timer.c.obj
 .bss.boot2_copyout
                0x20001f80      0x100 CMakeFiles/oXs.dir/C_/Program_Files/Raspberry_Pi/Pico_SDK_v1.5.0/pico-sdk/src/rp2_common/hardware_flash/flash.c.obj
 .bss.chars_available_callback
                0x20002080        0x4 CMakeFiles/oXs.dir/C_/Program_Files/Raspberry_Pi/Pico_SDK_v1.5.0/pico-sdk/src/rp2_common/pico_stdio_usb/stdio_usb.c.obj
 .bss.chars_available_param
                0x20002084        0x4 CMakeFiles/oXs.dir/C_/Program_Files/Raspberry_Pi/Pico_SDK_v1.5.0/pico-sdk/src/rp2_common/pico_stdio_usb/stdio_usb.c.obj
 .bss.claimed   0x20002088        0x4 CMakeFiles/oXs.dir/C_/Program_Files/Raspberry_Pi/Pico_SDK_v1.5.0/pico-sdk/src/rp2_common/hardware_sync/sync.c.obj
 .bss.configured_freq
                0x2000208c       0x28 CMakeFiles/oXs.dir/C_/Program_Files/Raspberry_Pi/Pico_SDK_v1.5.0/pico-sdk/src/rp2_common/hardware_clocks/clocks.c.obj
 .bss.crsfDmaConfig
                0x200020b4        0x4 CMakeFiles/oXs.dir/src/crsf.cpp.obj
                0x200020b4                crsfDmaConfig
 .bss.crsfOffsetRx
                0x200020b8        0x4 CMakeFiles/oXs.dir/src/crsf.cpp.obj
                0x200020b8                crsfOffsetRx
 .bss.crsfOffsetTx
                0x200020bc        0x4 CMakeFiles/oXs.dir/src/crsf.cpp.obj
                0x200020bc                crsfOffsetTx
 .bss.crsfRcFrame
                0x200020c0       0x1a CMakeFiles/oXs.dir/src/crsf.cpp.obj
                0x200020c0                crsfRcFrame
 *fill*         0x200020da        0x2 
 .bss.crsfRxQueue